<html>
<body>
<pre>
<h1>礦ision Build Log</h1>
<h2>Tool Versions:</h2>
IDE-Version: μVision V5.28.0.0
Copyright (C) 2019 ARM Ltd and ARM Germany GmbH. All rights reserved.
License Information: 1 8618973199296, 1, LIC=MGXG8-3GE8B-KUH4L-06PMD-A9NMT-M3G3N
 
Tool Versions:
Toolchain:       MDK-ARM Professional  Version: 5.28.0.0
Toolchain Path:  C:\Keil_v5\ARM\ARMCC\Bin
C Compiler:      Armcc.exe V5.06 update 6 (build 750)
Assembler:       Armasm.exe V5.06 update 6 (build 750)
Linker/Locator:  ArmLink.exe V5.06 update 6 (build 750)
Library Manager: ArmAr.exe V5.06 update 6 (build 750)
Hex Converter:   FromElf.exe V5.06 update 6 (build 750)
CPU DLL:         SARMCM3.DLL V5.28.0.0
Dialog DLL:      DCM.DLL V1.17.3.0
Target DLL:      CMSIS_AGDI.dll V1.31.18.0
Dialog DLL:      TCM.DLL V1.36.2.0
 
<h2>Project:</h2>
D:\001\MY_2\MDK-ARM\freertos1.uvprojx
Project File Date:  02/07/2022

<h2>Output:</h2>
*** Using Compiler 'V5.06 update 6 (build 750)', folder: 'C:\Keil_v5\ARM\ARMCC\Bin'
Build target 'freertos1'
compiling MY_CHASSIS_CONTROL.c...
..\BSP\BSP_CAN.h(41): warning:  #1-D: last line of file ends without a newline
  #endif
..\Arithmetic\my_positionPID_bate.h(100): warning:  #1-D: last line of file ends without a newline
  #endif
..\APP\MY_CHASSIS_CONTROL.h(17): warning:  #1295-D: Deprecated declaration Power_Calculate - give arg types
  void Power_Calculate();
..\APP\MY_CHASSIS_CONTROL.h(21): warning:  #1295-D: Deprecated declaration Power_Calculate - give arg types
  void Power_Calculate();
..\APP\MY_CHASSIS_CONTROL.c(195): warning:  #1035-D: single-precision operand implicitly converted to double-precision
  				speed_change=DEBUFF*CHASSIS_trage_speed*0.7;		//最多减慢百分之70
..\APP\MY_CHASSIS_CONTROL.c: 5 warnings, 0 errors
linking...
freertos1\freertos1.axf: Warning: L6304W: Duplicate input file freertos1\stm32f4xx_hal_timebase_tim_1.o ignored.
Program Size: Code=34832 RO-data=1764 RW-data=696 ZI-data=31512  
Finished: 0 information, 1 warning and 0 error messages.
FromELF: creating hex file...
"freertos1\freertos1.axf" - 0 Error(s), 6 Warning(s).

<h2>Software Packages used:</h2>

Package Vendor: ARM
                http://www.keil.com/pack/ARM.CMSIS.5.5.1.pack
                ARM.CMSIS.5.5.1
                CMSIS (Cortex Microcontroller Software Interface Standard)
   * Component: CORE Version: 5.2.0

Package Vendor: Keil
                http://www.keil.com/pack/Keil.STM32F4xx_DFP.2.7.0.pack
                Keil.STM32F4xx_DFP.2.7.0
                STMicroelectronics STM32F4 Series Device Support, Drivers and Examples

<h2>Collection of Component include folders:</h2>
  .\RTE\_freertos1
  C:\Users\86189\AppData\Local\Arm\Packs\ARM\CMSIS\5.5.1\CMSIS\Core\Include
  C:\Users\86189\AppData\Local\Arm\Packs\Keil\STM32F4xx_DFP\2.7.0\Drivers\CMSIS\Device\ST\STM32F4xx\Include

<h2>Collection of Component Files used:</h2>

   * Component: ARM::CMSIS:CORE:5.2.0
Build Time Elapsed:  00:00:02
</pre>
</body>
</html>
