Component: ARM Compiler 5.06 update 6 (build 750) Tool: armlink [4d35ed]

==============================================================================

Section Cross References

    my_cloud_control.o(i.PITCH_PID) refers to my_positionpid_bate.o(i.P_PID_bate) for P_PID_bate
    my_cloud_control.o(i.PITCH_PID) refers to dji_c_imu.o(.bss) for DJIC_IMU
    my_cloud_control.o(i.PITCH_PID) refers to main.o(.data) for PITCH_trage_angle
    my_cloud_control.o(i.PITCH_PID) refers to my_positionpid_bate.o(.bss) for PITCH_IMU_Angle_pid
    my_cloud_control.o(i.YAW_PID) refers to my_positionpid_bate.o(i.P_PID_bate) for P_PID_bate
    my_cloud_control.o(i.YAW_PID) refers to dr16_recive.o(.data) for DR16
    my_cloud_control.o(i.YAW_PID) refers to dji_c_imu.o(.bss) for DJIC_IMU
    my_cloud_control.o(i.YAW_PID) refers to main.o(.data) for yaw_trage_angle
    my_cloud_control.o(i.YAW_PID) refers to my_positionpid_bate.o(.bss) for Yaw_IMU_Angle_pid
    my_cloud_control.o(i.YAW_PID) refers to fps_calculate.o(.bss) for FPS_ALL
    my_cloud_control.o(i.YAW_PID) refers to vision.o(.bss) for VisionData
    my_cloud_control.o(i.cloud_control) refers to dflti.o(.text) for __aeabi_i2d
    my_cloud_control.o(i.cloud_control) refers to ddiv.o(.text) for __aeabi_ddiv
    my_cloud_control.o(i.cloud_control) refers to f2d.o(.text) for __aeabi_f2d
    my_cloud_control.o(i.cloud_control) refers to dadd.o(.text) for __aeabi_dadd
    my_cloud_control.o(i.cloud_control) refers to d2f.o(.text) for __aeabi_d2f
    my_cloud_control.o(i.cloud_control) refers to my_cloud_control.o(i.YAW_PID) for YAW_PID
    my_cloud_control.o(i.cloud_control) refers to dji_c_imu.o(i.imu_angle) for imu_angle
    my_cloud_control.o(i.cloud_control) refers to my_cloud_control.o(i.PITCH_PID) for PITCH_PID
    my_cloud_control.o(i.cloud_control) refers to dr16_recive.o(.data) for DR16
    my_cloud_control.o(i.cloud_control) refers to main.o(.data) for yaw_trage_angle
    my_chassis_control.o(i.CHASSIS_CONTROUL) refers to dflti.o(.text) for __aeabi_i2d
    my_chassis_control.o(i.CHASSIS_CONTROUL) refers to dmul.o(.text) for __aeabi_dmul
    my_chassis_control.o(i.CHASSIS_CONTROUL) refers to ddiv.o(.text) for __aeabi_ddiv
    my_chassis_control.o(i.CHASSIS_CONTROUL) refers to dfixi.o(.text) for __aeabi_d2iz
    my_chassis_control.o(i.CHASSIS_CONTROUL) refers to my_positionpid_bate.o(i.P_PID_bate) for P_PID_bate
    my_chassis_control.o(i.CHASSIS_CONTROUL) refers to dr16_recive.o(.data) for DR16
    my_chassis_control.o(i.CHASSIS_CONTROUL) refers to main.o(.data) for CHASSIS_MAX_SPEED
    my_chassis_control.o(i.CHASSIS_CONTROUL) refers to m3508.o(.bss) for M3508s
    my_chassis_control.o(i.CHASSIS_CONTROUL) refers to my_positionpid_bate.o(.bss) for CHASSIS_MOTOR_SPEED_pid
    my_chassis_control.o(i.CHASSIS_CONTROUL) refers to my_chassis_control.o(.bss) for Chassis_Encoder
    my_chassis_control.o(i.Cruise_CHASSIS) refers to my_positionpid_bate.o(i.P_PID_bate) for P_PID_bate
    my_chassis_control.o(i.Cruise_CHASSIS) refers to f2d.o(.text) for __aeabi_f2d
    my_chassis_control.o(i.Cruise_CHASSIS) refers to dmul.o(.text) for __aeabi_dmul
    my_chassis_control.o(i.Cruise_CHASSIS) refers to dfixi.o(.text) for __aeabi_d2iz
    my_chassis_control.o(i.Cruise_CHASSIS) refers to main.o(.data) for HWswitch_R
    my_chassis_control.o(i.Cruise_CHASSIS) refers to m3508.o(.bss) for M3508s
    my_chassis_control.o(i.Cruise_CHASSIS) refers to my_positionpid_bate.o(.bss) for CHASSIS_MOTOR_ANGLE_pid
    my_chassis_control.o(i.Get_RandomNumbers_Range) refers to stm32f4xx_hal_rng.o(i.HAL_RNG_GetRandomNumber) for HAL_RNG_GetRandomNumber
    my_chassis_control.o(i.Get_RandomNumbers_Range) refers to rng.o(.bss) for hrng
    my_chassis_control.o(i.Random_CHASSIS) refers to my_chassis_control.o(i.Get_RandomNumbers_Range) for Get_RandomNumbers_Range
    my_chassis_control.o(i.Random_CHASSIS) refers to main.o(.data) for CHASSIS_trage_speed
    my_chassis_control.o(i.Random_CHASSIS) refers to my_chassis_control.o(.data) for RANDOM_CHASSIS
    my_chassis_control.o(i.Random_CHASSIS) refers to m3508.o(.bss) for M3508s
    my_chassis_control.o(i.switch_change) refers to main.o(.data) for HWswitch_L
    my_chassis_control.o(i.switch_change) refers to m3508.o(.bss) for M3508s
    my_chassis_control.o(i.switch_change) refers to my_chassis_control.o(.bss) for Chassis_Encoder
    my_chassis_control.o(i.switch_change) refers to my_chassis_control.o(.data) for CHASSIS_L_MAX_new
    my_shoot_control.o(i.driver_plate_control) refers to my_incrementpid_bate.o(i.I_PID_Regulation) for I_PID_Regulation
    my_shoot_control.o(i.driver_plate_control) refers to dr16_recive.o(.data) for DR16
    my_shoot_control.o(i.driver_plate_control) refers to main.o(.data) for driver_targe_speed
    my_shoot_control.o(i.driver_plate_control) refers to m3508.o(.bss) for M3508s
    my_shoot_control.o(i.driver_plate_control) refers to my_incrementpid_bate.o(.bss) for Driver_I_PID
[...]
    uxDeletedTasksWaitingCleanUp             0x200000f8   Data           4  tasks.o(.data)
    uxCurrentNumberOfTasks                   0x200000fc   Data           4  tasks.o(.data)
    xTickCount                               0x20000100   Data           4  tasks.o(.data)
    uxTopReadyPriority                       0x20000104   Data           4  tasks.o(.data)
    xSchedulerRunning                        0x20000108   Data           4  tasks.o(.data)
    uxPendedTicks                            0x2000010c   Data           4  tasks.o(.data)
    xYieldPending                            0x20000110   Data           4  tasks.o(.data)
    xNumOfOverflows                          0x20000114   Data           4  tasks.o(.data)
    uxTaskNumber                             0x20000118   Data           4  tasks.o(.data)
    xNextTaskUnblockTime                     0x2000011c   Data           4  tasks.o(.data)
    xIdleTaskHandle                          0x20000120   Data           4  tasks.o(.data)
    uxSchedulerSuspended                     0x20000124   Data           4  tasks.o(.data)
    .data                                    0x20000128   Section       24  heap_4.o(.data)
    xStart                                   0x20000128   Data           8  heap_4.o(.data)
    pxEnd                                    0x20000130   Data           4  heap_4.o(.data)
    xFreeBytesRemaining                      0x20000134   Data           4  heap_4.o(.data)
    xMinimumEverFreeBytesRemaining           0x20000138   Data           4  heap_4.o(.data)
    xBlockAllocatedBit                       0x2000013c   Data           4  heap_4.o(.data)
    .data                                    0x20000140   Section       12  port.o(.data)
    uxCriticalNesting                        0x20000140   Data           4  port.o(.data)
    ucMaxSysCallPriority                     0x20000144   Data           1  port.o(.data)
    ulMaxPRIGROUPValue                       0x20000148   Data           4  port.o(.data)
    .data                                    0x2000014c   Section       94  dr16_recive.o(.data)
    .data                                    0x200001aa   Section       95  vision.o(.data)
    .data                                    0x2000020c   Section        4  my_positionpid_bate.o(.data)
    .data                                    0x20000210   Section       16  dji_c_imu.o(.data)
    .bss                                     0x20000220   Section      116  my_chassis_control.o(.bss)
    .bss                                     0x20000294   Section      596  freertos.o(.bss)
    xIdleTaskTCBBuffer                       0x20000294   Data          84  freertos.o(.bss)
    xIdleStack                               0x200002e8   Data         512  freertos.o(.bss)
    .bss                                     0x200004e8   Section       80  can.o(.bss)
    .bss                                     0x20000538   Section       16  rng.o(.bss)
    .bss                                     0x20000548   Section      128  tim.o(.bss)
    .bss                                     0x200005c8   Section      576  usart.o(.bss)
    .bss                                     0x20000808   Section       72  stm32f4xx_it.o(.bss)
    .bss                                     0x20000850   Section       64  stm32f4xx_hal_timebase_tim_1.o(.bss)
    .bss                                     0x20000890   Section      240  tasks.o(.bss)
    pxReadyTasksLists                        0x20000890   Data         140  tasks.o(.bss)
    xDelayedTaskList1                        0x2000091c   Data          20  tasks.o(.bss)
    xDelayedTaskList2                        0x20000930   Data          20  tasks.o(.bss)
    xPendingReadyList                        0x20000944   Data          20  tasks.o(.bss)
    xTasksWaitingTermination                 0x20000958   Data          20  tasks.o(.bss)
    xSuspendedTaskList                       0x2000096c   Data          20  tasks.o(.bss)
    .bss                                     0x20000980   Section    15360  heap_4.o(.bss)
    ucHeap                                   0x20000980   Data       15360  heap_4.o(.bss)
    .bss                                     0x20004580   Section      104  dr16_recive.o(.bss)
    .bss                                     0x200045e8   Section       32  bsp_can.o(.bss)
    .bss                                     0x20004608   Section      144  gm6020.o(.bss)
    .bss                                     0x20004698   Section      528  m3508.o(.bss)
    .bss                                     0x200048a8   Section       72  vision.o(.bss)
    .bss                                     0x200048f0   Section      960  my_positionpid_bate.o(.bss)
    .bss                                     0x20004cb0   Section      368  my_incrementpid_bate.o(.bss)
    .bss                                     0x20004e20   Section       60  fps_calculate.o(.bss)
    .bss                                     0x20004e5c   Section       64  dji_c_imu.o(.bss)
    STACK                                    0x20004ea0   Section     8192  startup_stm32f427xx.o(STACK)

    Global Symbols

    Symbol Name                              Value     Ov Type        Size  Object(Section)

    BuildAttributes$$THM_ISAv4$E$P$D$K$B$S$7EM$VFPi3$EXTD16$VFPS$VFMA$PE$A:L22UL41UL21$X:L11$S22US41US21$IEEE1$IW$USESV6$~STKCKD$USESV7$~SHL$OTIME$ROPI$IEEEJ$EBA8$MICROLIB$REQ8$PRES8$EABIv2 0x00000000   Number         0  anon$$obj.o ABSOLUTE
    __ARM_use_no_argv                        0x00000000   Number         0  main.o ABSOLUTE
    __cpp_initialize__aeabi_                  - Undefined Weak Reference
    __cxa_finalize                            - Undefined Weak Reference
    _clock_init                               - Undefined Weak Reference
    _microlib_exit                            - Undefined Weak Reference
    __Vectors_Size                           0x000001ac   Number         0  startup_stm32f427xx.o ABSOLUTE
    __Vectors                                0x08000000   Data           4  startup_stm32f427xx.o(RESET)
    __Vectors_End                            0x080001ac   Data           0  startup_stm32f427xx.o(RESET)
    __main                                   0x080001ad   Thumb Code     0  entry.o(.ARM.Collect$$$$00000000)
    _main_stk                                0x080001ad   Thumb Code     0  entry2.o(.ARM.Collect$$$$00000001)
    _main_scatterload                        0x080001b1   Thumb Code     0  entry5.o(.ARM.Collect$$$$00000004)
    __main_after_scatterload                 0x080001b5   Thumb Code     0  entry5.o(.ARM.Collect$$$$00000004)
    _main_clock                              0x080001b5   Thumb Code     0  entry7b.o(.ARM.Collect$$$$00000008)
    _main_cpp_init                           0x080001b5   Thumb Code     0  entry8b.o(.ARM.Collect$$$$0000000A)
    _main_init                               0x080001b5   Thumb Code     0  entry9a.o(.ARM.Collect$$$$0000000B)
    __rt_final_cpp                           0x080001bd   Thumb Code     0  entry10a.o(.ARM.Collect$$$$0000000D)
    __rt_final_exit                          0x080001bd   Thumb Code     0  entry11a.o(.ARM.Collect$$$$0000000F)
    SVC_Handler                              0x080001c1   Thumb Code    28  port.o(.emb_text)
    __asm___6_port_c_39a90d8d__prvStartFirstTask 0x080001e1   Thumb Code    36  port.o(.emb_text)
    __asm___6_port_c_39a90d8d__prvEnableVFP  0x08000209   Thumb Code    16  port.o(.emb_text)
    PendSV_Handler                           0x0800021d   Thumb Code    88  port.o(.emb_text)
    vPortGetIPSR                             0x08000279   Thumb Code     6  port.o(.emb_text)
    Reset_Handler                            0x08000281   Thumb Code     8  startup_stm32f427xx.o(.text)
    ADC_IRQHandler                           0x0800029b   Thumb Code     0  startup_stm32f427xx.o(.text)
    CAN1_RX1_IRQHandler                      0x0800029b   Thumb Code     0  startup_stm32f427xx.o(.text)
    CAN1_SCE_IRQHandler                      0x0800029b   Thumb Code     0  startup_stm32f427xx.o(.text)
    CAN1_TX_IRQHandler                       0x0800029b   Thumb Code     0  startup_stm32f427xx.o(.text)
    CAN2_RX1_IRQHandler                      0x0800029b   Thumb Code     0  startup_stm32f427xx.o(.text)
    CAN2_SCE_IRQHandler                      0x0800029b   Thumb Code     0  startup_stm32f427xx.o(.text)
    CAN2_TX_IRQHandler                       0x0800029b   Thumb Code     0  startup_stm32f427xx.o(.text)
    DCMI_IRQHandler                          0x0800029b   Thumb Code     0  startup_stm32f427xx.o(.text)
    DMA1_Stream0_IRQHandler                  0x0800029b   Thumb Code     0  startup_stm32f427xx.o(.text)
    DMA1_Stream1_IRQHandler                  0x0800029b   Thumb Code     0  startup_stm32f427xx.o(.text)
    DMA1_Stream2_IRQHandler                  0x0800029b   Thumb Code     0  startup_stm32f427xx.o(.text)
    DMA1_Stream3_IRQHandler                  0x0800029b   Thumb Code     0  startup_stm32f427xx.o(.text)
    DMA1_Stream4_IRQHandler                  0x0800029b   Thumb Code     0  startup_stm32f427xx.o(.text)
    DMA1_Stream5_IRQHandler                  0x0800029b   Thumb Code     0  startup_stm32f427xx.o(.text)
    DMA1_Stream7_IRQHandler                  0x0800029b   Thumb Code     0  startup_stm32f427xx.o(.text)
    DMA2D_IRQHandler                         0x0800029b   Thumb Code     0  startup_stm32f427xx.o(.text)
    DMA2_Stream0_IRQHandler                  0x0800029b   Thumb Code     0  startup_stm32f427xx.o(.text)
    DMA2_Stream3_IRQHandler                  0x0800029b   Thumb Code     0  startup_stm32f427xx.o(.text)
    DMA2_Stream4_IRQHandler                  0x0800029b   Thumb Code     0  startup_stm32f427xx.o(.text)
    DMA2_Stream5_IRQHandler                  0x0800029b   Thumb Code     0  startup_stm32f427xx.o(.text)
    DMA2_Stream7_IRQHandler                  0x0800029b   Thumb Code     0  startup_stm32f427xx.o(.text)
    ETH_IRQHandler                           0x0800029b   Thumb Code     0  startup_stm32f427xx.o(.text)
    ETH_WKUP_IRQHandler                      0x0800029b   Thumb Code     0  startup_stm32f427xx.o(.text)
    EXTI0_IRQHandler                         0x0800029b   Thumb Code     0  startup_stm32f427xx.o(.text)
    EXTI15_10_IRQHandler                     0x0800029b   Thumb Code     0  startup_stm32f427xx.o(.text)
    EXTI1_IRQHandler                         0x0800029b   Thumb Code     0  startup_stm32f427xx.o(.text)
    EXTI2_IRQHandler                         0x0800029b   Thumb Code     0  startup_stm32f427xx.o(.text)
    EXTI3_IRQHandler                         0x0800029b   Thumb Code     0  startup_stm32f427xx.o(.text)
    EXTI4_IRQHandler                         0x0800029b   Thumb Code     0  startup_stm32f427xx.o(.text)
    EXTI9_5_IRQHandler                       0x0800029b   Thumb Code     0  startup_stm32f427xx.o(.text)
    FLASH_IRQHandler                         0x0800029b   Thumb Code     0  startup_stm32f427xx.o(.text)
    FMC_IRQHandler                           0x0800029b   Thumb Code     0  startup_stm32f427xx.o(.text)
    FPU_IRQHandler                           0x0800029b   Thumb Code     0  startup_stm32f427xx.o(.text)
    HASH_RNG_IRQHandler                      0x0800029b   Thumb Code     0  startup_stm32f427xx.o(.text)
    I2C1_ER_IRQHandler                       0x0800029b   Thumb Code     0  startup_stm32f427xx.o(.text)
    I2C1_EV_IRQHandler                       0x0800029b   Thumb Code     0  startup_stm32f427xx.o(.text)
    I2C2_ER_IRQHandler                       0x0800029b   Thumb Code     0  startup_stm32f427xx.o(.text)
    I2C2_EV_IRQHandler                       0x0800029b   Thumb Code     0  startup_stm32f427xx.o(.text)
    I2C3_ER_IRQHandler                       0x0800029b   Thumb Code     0  startup_stm32f427xx.o(.text)
    I2C3_EV_IRQHandler                       0x0800029b   Thumb Code     0  startup_stm32f427xx.o(.text)
    OTG_FS_IRQHandler                        0x0800029b   Thumb Code     0  startup_stm32f427xx.o(.text)
    OTG_FS_WKUP_IRQHandler                   0x0800029b   Thumb Code     0  startup_stm32f427xx.o(.text)
    OTG_HS_EP1_IN_IRQHandler                 0x0800029b   Thumb Code     0  startup_stm32f427xx.o(.text)
    OTG_HS_EP1_OUT_IRQHandler                0x0800029b   Thumb Code     0  startup_stm32f427xx.o(.text)
    OTG_HS_IRQHandler                        0x0800029b   Thumb Code     0  startup_stm32f427xx.o(.text)
    OTG_HS_WKUP_IRQHandler                   0x0800029b   Thumb Code     0  startup_stm32f427xx.o(.text)
    PVD_IRQHandler                           0x0800029b   Thumb Code     0  startup_stm32f427xx.o(.text)
    RCC_IRQHandler                           0x0800029b   Thumb Code     0  startup_stm32f427xx.o(.text)
    RTC_Alarm_IRQHandler                     0x0800029b   Thumb Code     0  startup_stm32f427xx.o(.text)
    RTC_WKUP_IRQHandler                      0x0800029b   Thumb Code     0  startup_stm32f427xx.o(.text)
    SAI1_IRQHandler                          0x0800029b   Thumb Code     0  startup_stm32f427xx.o(.text)
    SDIO_IRQHandler                          0x0800029b   Thumb Code     0  startup_stm32f427xx.o(.text)
    SPI1_IRQHandler                          0x0800029b   Thumb Code     0  startup_stm32f427xx.o(.text)
    SPI2_IRQHandler                          0x0800029b   Thumb Code     0  startup_stm32f427xx.o(.text)
    SPI3_IRQHandler                          0x0800029b   Thumb Code     0  startup_stm32f427xx.o(.text)
    SPI4_IRQHandler                          0x0800029b   Thumb Code     0  startup_stm32f427xx.o(.text)
    SPI5_IRQHandler                          0x0800029b   Thumb Code     0  startup_stm32f427xx.o(.text)
    SPI6_IRQHandler                          0x0800029b   Thumb Code     0  startup_stm32f427xx.o(.text)
    TAMP_STAMP_IRQHandler                    0x0800029b   Thumb Code     0  startup_stm32f427xx.o(.text)
    TIM1_BRK_TIM9_IRQHandler                 0x0800029b   Thumb Code     0  startup_stm32f427xx.o(.text)
    TIM1_CC_IRQHandler                       0x0800029b   Thumb Code     0  startup_stm32f427xx.o(.text)
    TIM1_TRG_COM_TIM11_IRQHandler            0x0800029b   Thumb Code     0  startup_stm32f427xx.o(.text)
    TIM1_UP_TIM10_IRQHandler                 0x0800029b   Thumb Code     0  startup_stm32f427xx.o(.text)
    TIM2_IRQHandler                          0x0800029b   Thumb Code     0  startup_stm32f427xx.o(.text)
    TIM3_IRQHandler                          0x0800029b   Thumb Code     0  startup_stm32f427xx.o(.text)
    TIM4_IRQHandler                          0x0800029b   Thumb Code     0  startup_stm32f427xx.o(.text)
    TIM5_IRQHandler                          0x0800029b   Thumb Code     0  startup_stm32f427xx.o(.text)
    TIM8_BRK_TIM12_IRQHandler                0x0800029b   Thumb Code     0  startup_stm32f427xx.o(.text)
    TIM8_CC_IRQHandler                       0x0800029b   Thumb Code     0  startup_stm32f427xx.o(.text)
    TIM8_TRG_COM_TIM14_IRQHandler            0x0800029b   Thumb Code     0  startup_stm32f427xx.o(.text)
    TIM8_UP_TIM13_IRQHandler                 0x0800029b   Thumb Code     0  startup_stm32f427xx.o(.text)
    UART4_IRQHandler                         0x0800029b   Thumb Code     0  startup_stm32f427xx.o(.text)
    UART5_IRQHandler                         0x0800029b   Thumb Code     0  startup_stm32f427xx.o(.text)
    UART7_IRQHandler                         0x0800029b   Thumb Code     0  startup_stm32f427xx.o(.text)
    USART2_IRQHandler                        0x0800029b   Thumb Code     0  startup_stm32f427xx.o(.text)
    USART3_IRQHandler                        0x0800029b   Thumb Code     0  startup_stm32f427xx.o(.text)
    WWDG_IRQHandler                          0x0800029b   Thumb Code     0  startup_stm32f427xx.o(.text)
    __aeabi_uldivmod                         0x080002a5   Thumb Code    98  uldiv.o(.text)
    __aeabi_memcpy                           0x08000307   Thumb Code    36  memcpya.o(.text)
    __aeabi_memcpy4                          0x08000307   Thumb Code     0  memcpya.o(.text)
    __aeabi_memcpy8                          0x08000307   Thumb Code     0  memcpya.o(.text)
    __aeabi_memset                           0x0800032b   Thumb Code    14  memseta.o(.text)
    __aeabi_memset4                          0x0800032b   Thumb Code     0  memseta.o(.text)
    __aeabi_memset8                          0x0800032b   Thumb Code     0  memseta.o(.text)
    __aeabi_memclr                           0x08000339   Thumb Code     4  memseta.o(.text)
    __aeabi_memclr4                          0x08000339   Thumb Code     0  memseta.o(.text)
    __aeabi_memclr8                          0x08000339   Thumb Code     0  memseta.o(.text)
    memset                                   0x0800033d   Thumb Code    18  memseta.o(.text)
    __aeabi_dadd                             0x0800034f   Thumb Code   322  dadd.o(.text)
    __aeabi_dsub                             0x08000491   Thumb Code     6  dadd.o(.text)
    __aeabi_drsub                            0x08000497   Thumb Code     6  dadd.o(.text)
    __aeabi_dmul                             0x0800049d   Thumb Code   228  dmul.o(.text)
    __aeabi_ddiv                             0x08000581   Thumb Code   222  ddiv.o(.text)
    __aeabi_i2d                              0x0800065f   Thumb Code    34  dflti.o(.text)
    __aeabi_ui2d                             0x08000681   Thumb Code    26  dfltui.o(.text)
    __aeabi_d2iz                             0x0800069b   Thumb Code    62  dfixi.o(.text)
    __aeabi_d2uiz                            0x080006d9   Thumb Code    50  dfixui.o(.text)
    __aeabi_f2d                              0x0800070b   Thumb Code    38  f2d.o(.text)
    __aeabi_cdcmpeq                          0x08000731   Thumb Code     0  cdcmple.o(.text)
    __aeabi_cdcmple                          0x08000731   Thumb Code    48  cdcmple.o(.text)
    __aeabi_d2f                              0x08000761   Thumb Code    56  d2f.o(.text)
    __aeabi_llsl                             0x08000799   Thumb Code    30  llshl.o(.text)
    _ll_shift_l                              0x08000799   Thumb Code     0  llshl.o(.text)
    __aeabi_llsr                             0x080007b7   Thumb Code    32  llushr.o(.text)
    _ll_ushift_r                             0x080007b7   Thumb Code     0  llushr.o(.text)
    __aeabi_lasr                             0x080007d7   Thumb Code    36  llsshr.o(.text)
    _ll_sshift_r                             0x080007d7   Thumb Code     0  llsshr.o(.text)
    __I$use$fp                               0x080007fb   Thumb Code     0  iusefp.o(.text)
    _float_round                             0x080007fb   Thumb Code    18  fepilogue.o(.text)
    _float_epilogue                          0x0800080d   Thumb Code    92  fepilogue.o(.text)
    _double_round                            0x08000869   Thumb Code    30  depilogue.o(.text)
    _double_epilogue                         0x08000887   Thumb Code   156  depilogue.o(.text)
    __scatterload                            0x08000925   Thumb Code    28  init.o(.text)
    __scatterload_rt2                        0x08000925   Thumb Code     0  init.o(.text)
    __decompress                             0x08000949   Thumb Code     0  __dczerorl2.o(.text)
    __decompress1                            0x08000949   Thumb Code    86  __dczerorl2.o(.text)
    BusFault_Handler                         0x0800099f   Thumb Code     4  stm32f4xx_it.o(i.BusFault_Handler)
    CAN1_Config                              0x080009a5   Thumb Code    30  bsp_can.o(i.CAN1_Config)
    CAN1_Filter0_Init                        0x080009c9   Thumb Code    44  bsp_can.o(i.CAN1_Filter0_Init)
    CAN1_RX0_IRQHandler                      0x080009f9   Thumb Code    20  stm32f4xx_it.o(i.CAN1_RX0_IRQHandler)
    CAN1_recive                              0x08000a15   Thumb Code   212  freertos.o(i.CAN1_recive)
    CAN2_Config                              0x08000af1   Thumb Code    36  bsp_can.o(i.CAN2_Config)
    CAN2_Filter0_Init                        0x08000b19   Thumb Code    50  bsp_can.o(i.CAN2_Filter0_Init)
    CAN2_RX0_IRQHandler                      0x08000b51   Thumb Code    10  stm32f4xx_it.o(i.CAN2_RX0_IRQHandler)
    CAN_SendData                             0x08000b61   Thumb Code    98  bsp_can.o(i.CAN_SendData)
    CHASSIS_CONTROUL                         0x08000bc9   Thumb Code   204  my_chassis_control.o(i.CHASSIS_CONTROUL)
    Can2_Reive                               0x08000cd1   Thumb Code   106  freertos.o(i.Can2_Reive)
    Checksum_CRC8                            0x08000d45   Thumb Code    30  crc.o(i.Checksum_CRC8)
    DJI_C_Euler_getInfo                      0x08000d69   Thumb Code    66  dji_c_imu.o(i.DJI_C_Euler_getInfo)
    DJI_C_Gyro_getInfo                       0x08000db9   Thumb Code    66  dji_c_imu.o(i.DJI_C_Gyro_getInfo)
    DMA1_Stream6_IRQHandler                  0x08000e09   Thumb Code    10  stm32f4xx_it.o(i.DMA1_Stream6_IRQHandler)
    DMA2_Stream1_IRQHandler                  0x08000e19   Thumb Code    10  stm32f4xx_it.o(i.DMA2_Stream1_IRQHandler)
    DMA2_Stream2_IRQHandler                  0x08000e29   Thumb Code    10  stm32f4xx_it.o(i.DMA2_Stream2_IRQHandler)
    DMA2_Stream6_IRQHandler                  0x08000e39   Thumb Code    10  stm32f4xx_it.o(i.DMA2_Stream6_IRQHandler)
    DR16_Process                             0x08000f55   Thumb Code   384  dr16_recive.o(i.DR16_Process)
    DR_16hander                              0x080010d9   Thumb Code   108  dr16_recive.o(i.DR_16hander)
    DeBug                                    0x0800114d   Thumb Code    24  freertos.o(i.DeBug)
    DebugMon_Handler                         0x08001169   Thumb Code     2  stm32f4xx_it.o(i.DebugMon_Handler)
    Error_Handler                            0x0800116b   Thumb Code     2  main.o(i.Error_Handler)
    GM6020_Pitch_getInfo                     0x080011bd   Thumb Code   340  gm6020.o(i.GM6020_Pitch_getInfo)
    GM6020_SetVoltage                        0x08001319   Thumb Code    78  gm6020.o(i.GM6020_SetVoltage)
    GM6020_Yaw_getInfo                       0x0800136d   Thumb Code   340  gm6020.o(i.GM6020_Yaw_getInfo)
    Get_Encoder_Value                        0x080014cd   Thumb Code    70  my_chassis_control.o(i.Get_Encoder_Value)
    Get_FPS                                  0x08001513   Thumb Code    30  fps_calculate.o(i.Get_FPS)
    HAL_CAN_AddTxMessage                     0x08001531   Thumb Code   342  stm32f4xx_hal_can.o(i.HAL_CAN_AddTxMessage)
    HAL_CAN_ConfigFilter                     0x08001689   Thumb Code   286  stm32f4xx_hal_can.o(i.HAL_CAN_ConfigFilter)
    HAL_CAN_ErrorCallback                    0x080017ad   Thumb Code     2  stm32f4xx_hal_can.o(i.HAL_CAN_ErrorCallback)
    HAL_CAN_GetRxMessage                     0x080017af   Thumb Code   378  stm32f4xx_hal_can.o(i.HAL_CAN_GetRxMessage)
    HAL_CAN_IRQHandler                       0x08001929   Thumb Code   590  stm32f4xx_hal_can.o(i.HAL_CAN_IRQHandler)
    HAL_CAN_Init                             0x08001b77   Thumb Code   372  stm32f4xx_hal_can.o(i.HAL_CAN_Init)
    HAL_CAN_MspInit                          0x08001ced   Thumb Code   330  can.o(i.HAL_CAN_MspInit)
    HAL_CAN_RxFifo0FullCallback              0x08001e51   Thumb Code     2  stm32f4xx_hal_can.o(i.HAL_CAN_RxFifo0FullCallback)
    HAL_CAN_RxFifo0MsgPendingCallback        0x08001e55   Thumb Code   126  stm32f4xx_it.o(i.HAL_CAN_RxFifo0MsgPendingCallback)
    HAL_CAN_RxFifo1FullCallback              0x08001ef1   Thumb Code     2  stm32f4xx_hal_can.o(i.HAL_CAN_RxFifo1FullCallback)
    HAL_CAN_RxFifo1MsgPendingCallback        0x08001ef3   Thumb Code     2  stm32f4xx_hal_can.o(i.HAL_CAN_RxFifo1MsgPendingCallback)
    HAL_CAN_SleepCallback                    0x08001ef5   Thumb Code     2  stm32f4xx_hal_can.o(i.HAL_CAN_SleepCallback)
    HAL_CAN_Start                            0x08001ef7   Thumb Code    94  stm32f4xx_hal_can.o(i.HAL_CAN_Start)
    HAL_CAN_TxMailbox0AbortCallback          0x08001f55   Thumb Code     2  stm32f4xx_hal_can.o(i.HAL_CAN_TxMailbox0AbortCallback)
    HAL_CAN_TxMailbox0CompleteCallback       0x08001f57   Thumb Code     2  stm32f4xx_hal_can.o(i.HAL_CAN_TxMailbox0CompleteCallback)
    HAL_CAN_TxMailbox1AbortCallback          0x08001f59   Thumb Code     2  stm32f4xx_hal_can.o(i.HAL_CAN_TxMailbox1AbortCallback)
    HAL_CAN_TxMailbox1CompleteCallback       0x08001f5b   Thumb Code     2  stm32f4xx_hal_can.o(i.HAL_CAN_TxMailbox1CompleteCallback)
    HAL_CAN_TxMailbox2AbortCallback          0x08001f5d   Thumb Code     2  stm32f4xx_hal_can.o(i.HAL_CAN_TxMailbox2AbortCallback)
    HAL_CAN_TxMailbox2CompleteCallback       0x08001f5f   Thumb Code     2  stm32f4xx_hal_can.o(i.HAL_CAN_TxMailbox2CompleteCallback)
    HAL_CAN_WakeUpFromRxMsgCallback          0x08001f61   Thumb Code     2  stm32f4xx_hal_can.o(i.HAL_CAN_WakeUpFromRxMsgCallback)
    HAL_DMA_Abort_IT                         0x08001f63   Thumb Code    40  stm32f4xx_hal_dma.o(i.HAL_DMA_Abort_IT)
    HAL_DMA_IRQHandler                       0x08001f8d   Thumb Code   570  stm32f4xx_hal_dma.o(i.HAL_DMA_IRQHandler)
    HAL_DMA_Init                             0x080021cd   Thumb Code   232  stm32f4xx_hal_dma.o(i.HAL_DMA_Init)
    HAL_DMA_Start                            0x080022b9   Thumb Code   102  stm32f4xx_hal_dma.o(i.HAL_DMA_Start)
    HAL_Delay                                0x08002321   Thumb Code    36  stm32f4xx_hal.o(i.HAL_Delay)
    HAL_GPIO_Init                            0x08002349   Thumb Code   486  stm32f4xx_hal_gpio.o(i.HAL_GPIO_Init)
    HAL_GetTick                              0x08002565   Thumb Code     6  stm32f4xx_hal.o(i.HAL_GetTick)
    HAL_IncTick                              0x08002571   Thumb Code    16  stm32f4xx_hal.o(i.HAL_IncTick)
    HAL_Init                                 0x08002589   Thumb Code    54  stm32f4xx_hal.o(i.HAL_Init)
    HAL_InitTick                             0x080025c5   Thumb Code   122  stm32f4xx_hal_timebase_tim_1.o(i.HAL_InitTick)
    HAL_MspInit                              0x08002651   Thumb Code    68  stm32f4xx_hal_msp.o(i.HAL_MspInit)
    HAL_NVIC_EnableIRQ                       0x08002699   Thumb Code    32  stm32f4xx_hal_cortex.o(i.HAL_NVIC_EnableIRQ)
    HAL_NVIC_SetPriority                     0x080026b9   Thumb Code   124  stm32f4xx_hal_cortex.o(i.HAL_NVIC_SetPriority)
    HAL_NVIC_SetPriorityGrouping             0x08002735   Thumb Code    32  stm32f4xx_hal_cortex.o(i.HAL_NVIC_SetPriorityGrouping)
    HAL_RCC_ClockConfig                      0x0800275d   Thumb Code   368  stm32f4xx_hal_rcc.o(i.HAL_RCC_ClockConfig)
    HAL_RCC_GetClockConfig                   0x080028e1   Thumb Code    58  stm32f4xx_hal_rcc.o(i.HAL_RCC_GetClockConfig)
    HAL_RCC_GetHCLKFreq                      0x08002925   Thumb Code     6  stm32f4xx_hal_rcc.o(i.HAL_RCC_GetHCLKFreq)
    HAL_RCC_GetPCLK1Freq                     0x08002931   Thumb Code    22  stm32f4xx_hal_rcc.o(i.HAL_RCC_GetPCLK1Freq)
    HAL_RCC_GetPCLK2Freq                     0x08002951   Thumb Code    22  stm32f4xx_hal_rcc.o(i.HAL_RCC_GetPCLK2Freq)
    HAL_RCC_GetSysClockFreq                  0x08002971   Thumb Code   162  stm32f4xx_hal_rcc.o(i.HAL_RCC_GetSysClockFreq)
    HAL_RCC_OscConfig                        0x08002a21   Thumb Code  1152  stm32f4xx_hal_rcc.o(i.HAL_RCC_OscConfig)
    HAL_RNG_Init                             0x08002ea9   Thumb Code    52  stm32f4xx_hal_rng.o(i.HAL_RNG_Init)
    HAL_RNG_MspInit                          0x08002edd   Thumb Code    44  rng.o(i.HAL_RNG_MspInit)
    HAL_TIMEx_BreakCallback                  0x08002f11   Thumb Code     2  stm32f4xx_hal_tim_ex.o(i.HAL_TIMEx_BreakCallback)
    HAL_TIMEx_CommutCallback                 0x08002f13   Thumb Code     2  stm32f4xx_hal_tim_ex.o(i.HAL_TIMEx_CommutCallback)
    HAL_TIMEx_MasterConfigSynchronization    0x08002f15   Thumb Code   150  stm32f4xx_hal_tim_ex.o(i.HAL_TIMEx_MasterConfigSynchronization)
    HAL_TIM_Base_Init                        0x08002fc9   Thumb Code    52  stm32f4xx_hal_tim.o(i.HAL_TIM_Base_Init)
    HAL_TIM_Base_MspInit                     0x08002ffd   Thumb Code    62  tim.o(i.HAL_TIM_Base_MspInit)
    HAL_TIM_Base_Start_IT                    0x08003045   Thumb Code    42  stm32f4xx_hal_tim.o(i.HAL_TIM_Base_Start_IT)
    HAL_TIM_Encoder_Init                     0x0800306f   Thumb Code   174  stm32f4xx_hal_tim.o(i.HAL_TIM_Encoder_Init)
    HAL_TIM_Encoder_MspInit                  0x0800311d   Thumb Code   120  tim.o(i.HAL_TIM_Encoder_MspInit)
    HAL_TIM_Encoder_Start                    0x080031a1   Thumb Code    78  stm32f4xx_hal_tim.o(i.HAL_TIM_Encoder_Start)
    HAL_TIM_IC_CaptureCallback               0x080031ef   Thumb Code     2  stm32f4xx_hal_tim.o(i.HAL_TIM_IC_CaptureCallback)
    HAL_TIM_IRQHandler                       0x080031f1   Thumb Code   406  stm32f4xx_hal_tim.o(i.HAL_TIM_IRQHandler)
    HAL_TIM_OC_DelayElapsedCallback          0x08003387   Thumb Code     2  stm32f4xx_hal_tim.o(i.HAL_TIM_OC_DelayElapsedCallback)
    HAL_TIM_PWM_PulseFinishedCallback        0x08003389   Thumb Code     2  stm32f4xx_hal_tim.o(i.HAL_TIM_PWM_PulseFinishedCallback)
    HAL_TIM_PeriodElapsedCallback            0x0800338d   Thumb Code    18  main.o(i.HAL_TIM_PeriodElapsedCallback)
    HAL_TIM_TriggerCallback                  0x080033a5   Thumb Code     2  stm32f4xx_hal_tim.o(i.HAL_TIM_TriggerCallback)
    HAL_UART_ErrorCallback                   0x080033a7   Thumb Code     2  stm32f4xx_hal_uart.o(i.HAL_UART_ErrorCallback)
    HAL_UART_IRQHandler                      0x080033a9   Thumb Code   336  stm32f4xx_hal_uart.o(i.HAL_UART_IRQHandler)
    HAL_UART_Init                            0x080034fd   Thumb Code   114  stm32f4xx_hal_uart.o(i.HAL_UART_Init)
    HAL_UART_MspInit                         0x08003571   Thumb Code   646  usart.o(i.HAL_UART_MspInit)
    HAL_UART_RxCpltCallback                  0x0800382d   Thumb Code     2  stm32f4xx_hal_uart.o(i.HAL_UART_RxCpltCallback)
    HAL_UART_TxCpltCallback                  0x0800382f   Thumb Code     2  stm32f4xx_hal_uart.o(i.HAL_UART_TxCpltCallback)
    HardFault_Handler                        0x08003831   Thumb Code     4  stm32f4xx_it.o(i.HardFault_Handler)
    I_PID_Parameter_Init                     0x08003889   Thumb Code   150  my_incrementpid_bate.o(i.I_PID_Parameter_Init)
    I_PID_Regulation                         0x08003925   Thumb Code   466  my_incrementpid_bate.o(i.I_PID_Regulation)
    M2006_getInfo                            0x08003af9   Thumb Code   316  m2006.o(i.M2006_getInfo)
    M3508_getInfo                            0x08003c3d   Thumb Code   296  m3508.o(i.M3508_getInfo)
    M3508s1_getInfo                          0x08003d69   Thumb Code   116  m3508.o(i.M3508s1_getInfo)
    M3508s1_setCurrent                       0x08003de1   Thumb Code    78  m3508.o(i.M3508s1_setCurrent)
    MX_CAN1_Init                             0x08003e35   Thumb Code    60  can.o(i.MX_CAN1_Init)
    MX_CAN2_Init                             0x08003e79   Thumb Code    60  can.o(i.MX_CAN2_Init)
    MX_DMA_Init                              0x08003ebd   Thumb Code   130  dma.o(i.MX_DMA_Init)
    MX_FREERTOS_Init                         0x08003f45   Thumb Code   154  freertos.o(i.MX_FREERTOS_Init)
    MX_GPIO_Init                             0x08004001   Thumb Code   218  gpio.o(i.MX_GPIO_Init)
    MX_RNG_Init                              0x080040e5   Thumb Code    22  rng.o(i.MX_RNG_Init)
    MX_TIM5_Init                             0x08004105   Thumb Code   114  tim.o(i.MX_TIM5_Init)
    MX_TIM7_Init                             0x08004181   Thumb Code    66  tim.o(i.MX_TIM7_Init)
    MX_UART8_Init                            0x080041cd   Thumb Code    46  usart.o(i.MX_UART8_Init)
    MX_USART1_UART_Init                      0x08004205   Thumb Code    44  usart.o(i.MX_USART1_UART_Init)
    MX_USART6_UART_Init                      0x0800423d   Thumb Code    46  usart.o(i.MX_USART6_UART_Init)
    MemManage_Handler                        0x08004275   Thumb Code     4  stm32f4xx_it.o(i.MemManage_Handler)
    NMI_Handler                              0x08004279   Thumb Code     2  stm32f4xx_it.o(i.NMI_Handler)
    PITCH_PID                                0x0800427d   Thumb Code    84  my_cloud_control.o(i.PITCH_PID)
    P_PID_Parameter_Init                     0x0800430d   Thumb Code   130  my_positionpid_bate.o(i.P_PID_Parameter_Init)
    P_PID_bate                               0x08004395   Thumb Code   380  my_positionpid_bate.o(i.P_PID_bate)
    Robot_Control                            0x08004515   Thumb Code   244  freertos.o(i.Robot_Control)
    StartDefaultTask                         0x08004645   Thumb Code    10  freertos.o(i.StartDefaultTask)
    SysTick_Handler                          0x08004651   Thumb Code    46  port.o(i.SysTick_Handler)
    SystemClock_Config                       0x08004685   Thumb Code   170  main.o(i.SystemClock_Config)
    SystemInit                               0x08004739   Thumb Code    24  system_stm32f4xx.o(i.SystemInit)
    TIM6_DAC_IRQHandler                      0x08004755   Thumb Code    10  stm32f4xx_it.o(i.TIM6_DAC_IRQHandler)
    TIM7_IRQHandler                          0x08004765   Thumb Code    44  stm32f4xx_it.o(i.TIM7_IRQHandler)
    TIM_Base_SetConfig                       0x080047a1   Thumb Code   170  stm32f4xx_hal_tim.o(i.TIM_Base_SetConfig)
    TIM_CCxChannelCmd                        0x08004879   Thumb Code    34  stm32f4xx_hal_tim.o(i.TIM_CCxChannelCmd)
    UART8_IRQHandler                         0x0800489d   Thumb Code    26  stm32f4xx_it.o(i.UART8_IRQHandler)
    USART1_IRQHandler                        0x08004e0d   Thumb Code    16  stm32f4xx_it.o(i.USART1_IRQHandler)
    USART6_IRQHandler                        0x08004e21   Thumb Code    10  stm32f4xx_it.o(i.USART6_IRQHandler)
    USART_RX_DMA_ENABLE                      0x08004e31   Thumb Code    68  user_uart.o(i.USART_RX_DMA_ENABLE)
    Updata_Hand_Euler_Gyro_Data              0x08004eb9   Thumb Code   320  dji_c_imu.o(i.Updata_Hand_Euler_Gyro_Data)
    Update_Vision_SendData                   0x08005019   Thumb Code   238  vision.o(i.Update_Vision_SendData)
    UsageFault_Handler                       0x08005111   Thumb Code     4  stm32f4xx_it.o(i.UsageFault_Handler)
    Vision_DataReceive                       0x08005115   Thumb Code   246  vision.o(i.Vision_DataReceive)
    Vision_Handler                           0x08005249   Thumb Code   106  vision.o(i.Vision_Handler)
    Vision_ID_Type_Init                      0x080052b9   Thumb Code    12  vision.o(i.Vision_ID_Type_Init)
    YAW_PID                                  0x080052f1   Thumb Code   264  my_cloud_control.o(i.YAW_PID)
    __hardfp_fabs                            0x0800545d   Thumb Code    20  fabs.o(i.__hardfp_fabs)
    __scatterload_copy                       0x08005471   Thumb Code    14  handlers.o(i.__scatterload_copy)
    __scatterload_null                       0x0800547f   Thumb Code     2  handlers.o(i.__scatterload_null)
    __scatterload_zeroinit                   0x08005481   Thumb Code    14  handlers.o(i.__scatterload_zeroinit)
    cloud_control                            0x08005491   Thumb Code   300  my_cloud_control.o(i.cloud_control)
    driver_plate_control                     0x080055e9   Thumb Code    82  my_shoot_control.o(i.driver_plate_control)
    imu_angle                                0x08005651   Thumb Code   212  dji_c_imu.o(i.imu_angle)
    init_task                                0x0800574d   Thumb Code   784  freertos.o(i.init_task)
    main                                     0x08005b39   Thumb Code    82  main.o(i.main)
    osDelay                                  0x08005b9f   Thumb Code    24  cmsis_os.o(i.osDelay)
    osKernelStart                            0x08005bb7   Thumb Code    10  cmsis_os.o(i.osKernelStart)
    osThreadCreate                           0x08005bc1   Thumb Code    94  cmsis_os.o(i.osThreadCreate)
    pvPortMalloc                             0x0800620d   Thumb Code   296  heap_4.o(i.pvPortMalloc)
    pxPortInitialiseStack                    0x08006349   Thumb Code    38  port.o(i.pxPortInitialiseStack)
    shoot_control                            0x08006375   Thumb Code   206  my_shoot_control.o(i.shoot_control)
    switch_change                            0x08006465   Thumb Code   146  my_chassis_control.o(i.switch_change)
    usart1_dr16_init                         0x0800652d   Thumb Code    72  dr16_recive.o(i.usart1_dr16_init)
    uxListRemove                             0x0800657d   Thumb Code    40  list.o(i.uxListRemove)
    vApplicationGetIdleTaskMemory            0x080065a5   Thumb Code    14  freertos.o(i.vApplicationGetIdleTaskMemory)
    vListInitialise                          0x080065bd   Thumb Code    26  list.o(i.vListInitialise)
    vListInitialiseItem                      0x080065d7   Thumb Code     6  list.o(i.vListInitialiseItem)
    vListInsert                              0x080065dd   Thumb Code    52  list.o(i.vListInsert)
    vListInsertEnd                           0x08006611   Thumb Code    24  list.o(i.vListInsertEnd)
    vPortEnterCritical                       0x08006629   Thumb Code    76  port.o(i.vPortEnterCritical)
    vPortExitCritical                        0x0800667d   Thumb Code    56  port.o(i.vPortExitCritical)
    vPortFree                                0x080066b9   Thumb Code   140  heap_4.o(i.vPortFree)
    vPortSetupTimerInterrupt                 0x0800674d   Thumb Code    36  port.o(i.vPortSetupTimerInterrupt)
    vPortValidateInterruptPriority           0x08006775   Thumb Code   106  port.o(i.vPortValidateInterruptPriority)
    vTaskDelay                               0x080067ed   Thumb Code    82  tasks.o(i.vTaskDelay)
    vTaskDelayUntil                          0x08006849   Thumb Code   200  tasks.o(i.vTaskDelayUntil)
    vTaskDelete                              0x0800691d   Thumb Code   202  tasks.o(i.vTaskDelete)
    vTaskInternalSetTimeOutState             0x08006a11   Thumb Code    14  tasks.o(i.vTaskInternalSetTimeOutState)
    vTaskMissedYield                         0x08006a29   Thumb Code     8  tasks.o(i.vTaskMissedYield)
    vTaskPlaceOnEventList                    0x08006a35   Thumb Code    52  tasks.o(i.vTaskPlaceOnEventList)
    vTaskStartScheduler                      0x08006a6d   Thumb Code   146  tasks.o(i.vTaskStartScheduler)
    vTaskSuspendAll                          0x08006b1d   Thumb Code    12  tasks.o(i.vTaskSuspendAll)
    vTaskSwitchContext                       0x08006b2d   Thumb Code   118  tasks.o(i.vTaskSwitchContext)
    xPortStartScheduler                      0x08006bb9   Thumb Code   330  port.o(i.xPortStartScheduler)
    xQueueGenericCreate                      0x08006d21   Thumb Code    96  queue.o(i.xQueueGenericCreate)
    xQueueGenericReset                       0x08006d81   Thumb Code   146  queue.o(i.xQueueGenericReset)
    xQueueGenericSendFromISR                 0x08006e19   Thumb Code   248  queue.o(i.xQueueGenericSendFromISR)
    xQueueReceive                            0x08006f11   Thumb Code   356  queue.o(i.xQueueReceive)
    xTaskCheckForTimeOut                     0x08007079   Thumb Code   132  tasks.o(i.xTaskCheckForTimeOut)
    xTaskCreate                              0x08007105   Thumb Code   100  tasks.o(i.xTaskCreate)
    xTaskCreateStatic                        0x08007169   Thumb Code   186  tasks.o(i.xTaskCreateStatic)
    xTaskGetSchedulerState                   0x08007225   Thumb Code    24  tasks.o(i.xTaskGetSchedulerState)
    xTaskGetTickCount                        0x08007245   Thumb Code     6  tasks.o(i.xTaskGetTickCount)
    xTaskIncrementTick                       0x08007251   Thumb Code   282  tasks.o(i.xTaskIncrementTick)
    xTaskPriorityDisinherit                  0x08007399   Thumb Code   188  tasks.o(i.xTaskPriorityDisinherit)
    xTaskRemoveFromEventList                 0x08007461   Thumb Code   128  tasks.o(i.xTaskRemoveFromEventList)
    xTaskResumeAll                           0x080074f9   Thumb Code   224  tasks.o(i.xTaskResumeAll)
    AHBPrescTable                            0x080076ac   Data          16  system_stm32f4xx.o(.constdata)
    APBPrescTable                            0x080076bc   Data           8  system_stm32f4xx.o(.constdata)
    MyCRC8Tab                                0x080076c4   Data         256  crc.o(.constdata)
    Region$$Table$$Base                      0x0800781c   Number         0  anon$$obj.o(Region$$Table)
    Region$$Table$$Limit                     0x0800783c   Number         0  anon$$obj.o(Region$$Table)
    CHASSIS_L_MAX_new                        0x20000000   Data           1  my_chassis_control.o(.data)
    CHASSIS_R_MIN_new                        0x20000001   Data           1  my_chassis_control.o(.data)
    Random_CHASSIS_CHOOSE                    0x20000002   Data           1  my_chassis_control.o(.data)
    Cruise_CHASSIS_CHOOSE                    0x20000003   Data           1  my_chassis_control.o(.data)
    RANDOM_CHASSIS                           0x20000004   Data           8  my_chassis_control.o(.data)
    zdcsjc                                   0x2000000c   Data           4  main.o(.data)
    time7_times                              0x20000010   Data           4  main.o(.data)
    task_init_times                          0x20000014   Data           4  main.o(.data)
    task_can_times                           0x20000018   Data           4  main.o(.data)
    task_can2_times                          0x2000001c   Data           4  main.o(.data)
    task_debug_times                         0x20000020   Data           4  main.o(.data)
    task_controul_times                      0x20000024   Data           4  main.o(.data)
    every_1s_times                           0x20000028   Data           4  main.o(.data)
    yaw_trage_angle                          0x2000002c   Data           4  main.o(.data)
    yaw_trage_angle2                         0x20000030   Data           4  main.o(.data)
    yaw_trage_speed                          0x20000034   Data           4  main.o(.data)
    PITCH_trage_angle                        0x20000038   Data           4  main.o(.data)
    PITCH_trage_speed                        0x2000003c   Data           4  main.o(.data)
    CHASSIS_trage_speed                      0x20000040   Data           4  main.o(.data)
    CHASSIS_trage_angle                      0x20000044   Data           4  main.o(.data)
    PITCH_MAX_angle                          0x20000048   Data           4  main.o(.data)
    PITCH_MIN_angle                          0x2000004c   Data           4  main.o(.data)
    CHASSIS_MAX_SPEED                        0x20000050   Data           4  main.o(.data)
    send_to_yaw                              0x20000054   Data           4  main.o(.data)
    send_to_pitch                            0x20000058   Data           4  main.o(.data)
    send_to_chassis                          0x2000005c   Data           4  main.o(.data)
    send_to_SHOOT_R                          0x20000060   Data           4  main.o(.data)
    send_to_SHOOT_L                          0x20000064   Data           4  main.o(.data)
    send_to_driver                           0x20000068   Data           4  main.o(.data)
    PITCH_IMU_Kp                             0x2000006c   Data           4  main.o(.data)
    M_3508_error                             0x20000070   Data           4  main.o(.data)
    SHOOT_L                                  0x20000074   Data           4  main.o(.data)
    SHOOT_R                                  0x20000078   Data           4  main.o(.data)
    HWswitch_R                               0x2000007c   Data           1  main.o(.data)
    HWswitch_L                               0x2000007d   Data           1  main.o(.data)
    HWswitch_R_last                          0x2000007e   Data           1  main.o(.data)
    HWswitch_L_last                          0x2000007f   Data           1  main.o(.data)
    CHASSIS_L_MAX                            0x20000080   Data           4  main.o(.data)
    CHASSIS_R_MIN                            0x20000084   Data           4  main.o(.data)
    ENCODER_L_MAX                            0x20000088   Data           4  main.o(.data)
    ENCODER_R_MIN                            0x2000008c   Data           4  main.o(.data)
    ENCODER_M_MID                            0x20000090   Data           4  main.o(.data)
    ENCODER_ARRIVE_MAX                       0x20000094   Data           4  main.o(.data)
    ENCODER_ARRIVE_MIN                       0x20000098   Data           4  main.o(.data)
    speed_change                             0x2000009c   Data           4  main.o(.data)
    CHASSIS_MID                              0x200000a0   Data           4  main.o(.data)
    driver_targe_speed                       0x200000a4   Data           4  main.o(.data)
    speed_change_times                       0x200000a8   Data           2  main.o(.data)
    DEBUFF                                   0x200000ac   Data           4  main.o(.data)
    uart_8_times                             0x200000b0   Data           4  main.o(.data)
    CAN1_Queue                               0x200000b4   Data           4  freertos.o(.data)
    CAN2_Queue                               0x200000b8   Data           4  freertos.o(.data)
    RobotCtrl_Handle                         0x200000bc   Data           4  freertos.o(.data)
    defaultTaskHandle                        0x200000c0   Data           4  freertos.o(.data)
    MYTask03Handle                           0x200000c4   Data           4  freertos.o(.data)
    myTask04Handle                           0x200000c8   Data           4  freertos.o(.data)
    myTaskforinitHandle                      0x200000cc   Data           4  freertos.o(.data)
    Task_Can2_ReiveHandle                    0x200000d0   Data           4  freertos.o(.data)
    last_turnCount                           0x200000d4   Data           4  freertos.o(.data)
    uwTick                                   0x200000dc   Data           4  stm32f4xx_hal.o(.data)
    uwTickPrio                               0x200000e0   Data           4  stm32f4xx_hal.o(.data)
    uwTickFreq                               0x200000e4   Data           1  stm32f4xx_hal.o(.data)
    SystemCoreClock                          0x200000e8   Data           4  system_stm32f4xx.o(.data)
    pxCurrentTCB                             0x200000ec   Data           4  tasks.o(.data)
    DR16                                     0x2000014c   Data          32  dr16_recive.o(.data)
    data1                                    0x2000016c   Data           2  dr16_recive.o(.data)
    data2                                    0x2000016e   Data           2  dr16_recive.o(.data)
    data3                                    0x20000170   Data           4  dr16_recive.o(.data)
    sumcheck                                 0x20000174   Data           1  dr16_recive.o(.data)
    addcheck                                 0x20000175   Data           1  dr16_recive.o(.data)
    data4                                    0x20000178   Data           4  dr16_recive.o(.data)
    i                                        0x2000017c   Data           1  dr16_recive.o(.data)
    p                                        0x2000017d   Data           1  dr16_recive.o(.data)
    send_d_16                                0x2000017e   Data           6  dr16_recive.o(.data)
    send_data1                               0x20000184   Data           4  dr16_recive.o(.data)
    send_data2                               0x20000188   Data           4  dr16_recive.o(.data)
    send_data3                               0x2000018c   Data           4  dr16_recive.o(.data)
    send_data4                               0x20000190   Data           4  dr16_recive.o(.data)
    send_data5                               0x20000194   Data           4  dr16_recive.o(.data)
    send_data6                               0x20000198   Data           2  dr16_recive.o(.data)
    send_data7                               0x2000019a   Data           2  dr16_recive.o(.data)
    send_data8                               0x2000019c   Data           4  dr16_recive.o(.data)
    send_data9                               0x200001a0   Data           4  dr16_recive.o(.data)
    send_data10                              0x200001a4   Data           4  dr16_recive.o(.data)
    send_data11                              0x200001a8   Data           2  dr16_recive.o(.data)
    EM_R                                     0x200001aa   Data           5  vision.o(.data)
    Vision_SendBuff                          0x200001af   Data          90  vision.o(.data)
    PID_YES                                  0x2000020c   Data           4  my_positionpid_bate.o(.data)
    DJI_C_Euler_Receive                      0x20000210   Data           8  dji_c_imu.o(.data)
    DJI_C_Gyro_Receive                       0x20000218   Data           8  dji_c_imu.o(.data)
    Chassis_Encoder                          0x20000220   Data         116  my_chassis_control.o(.bss)
    hcan1                                    0x200004e8   Data          40  can.o(.bss)
    hcan2                                    0x20000510   Data          40  can.o(.bss)
    hrng                                     0x20000538   Data          16  rng.o(.bss)
    htim5                                    0x20000548   Data          64  tim.o(.bss)
    htim7                                    0x20000588   Data          64  tim.o(.bss)
    huart8                                   0x200005c8   Data          64  usart.o(.bss)
    huart1                                   0x20000608   Data          64  usart.o(.bss)
    huart6                                   0x20000648   Data          64  usart.o(.bss)
    hdma_uart8_rx                            0x20000688   Data          96  usart.o(.bss)
    hdma_usart1_rx                           0x200006e8   Data          96  usart.o(.bss)
    hdma_usart6_rx                           0x20000748   Data          96  usart.o(.bss)
    hdma_usart6_tx                           0x200007a8   Data          96  usart.o(.bss)
    CAN1_Rx_Structure                        0x20000808   Data          36  stm32f4xx_it.o(.bss)
    CAN2_Rx_Structure                        0x2000082c   Data          36  stm32f4xx_it.o(.bss)
    htim6                                    0x20000850   Data          64  stm32f4xx_hal_timebase_tim_1.o(.bss)
    DR16Buffer                               0x20004580   Data          22  dr16_recive.o(.bss)
    testdatatosend                           0x20004596   Data          50  dr16_recive.o(.bss)
    send_d_32                                0x200045c8   Data          32  dr16_recive.o(.bss)
    CAN_Tx_Structure                         0x200045e8   Data          32  bsp_can.o(.bss)
    GM6020s                                  0x20004608   Data         144  gm6020.o(.bss)
    M3508s                                   0x20004698   Data         528  m3508.o(.bss)
    Vision_DataBuff                          0x200048a8   Data          15  vision.o(.bss)
    VisionData                               0x200048b8   Data          40  vision.o(.bss)
    Vision_Cloud                             0x200048e0   Data          16  vision.o(.bss)
    Yaw_IMU_Angle_pid                        0x200048f0   Data          96  my_positionpid_bate.o(.bss)
    Yaw_IMU_Speed_pid                        0x20004950   Data          96  my_positionpid_bate.o(.bss)
    Yaw_EM_Angle_pid                         0x200049b0   Data          96  my_positionpid_bate.o(.bss)
    Yaw_EM_Speed_pid                         0x20004a10   Data          96  my_positionpid_bate.o(.bss)
    PITCH_IMU_Angle_pid                      0x20004a70   Data          96  my_positionpid_bate.o(.bss)
    PITCH_IMU_Speed_pid                      0x20004ad0   Data          96  my_positionpid_bate.o(.bss)
    CHASSIS_MOTOR_ANGLE_pid                  0x20004b30   Data          96  my_positionpid_bate.o(.bss)
    CHASSIS_MOTOR_SPEED_pid                  0x20004b90   Data          96  my_positionpid_bate.o(.bss)
    PITCH_EM_Angle_pid                       0x20004bf0   Data          96  my_positionpid_bate.o(.bss)
    PITCH_EM_Speed_pid                       0x20004c50   Data          96  my_positionpid_bate.o(.bss)
    CHASSIS_I_PID                            0x20004cb0   Data          92  my_incrementpid_bate.o(.bss)
    SHOOT_L_I_PID                            0x20004d0c   Data          92  my_incrementpid_bate.o(.bss)
    SHOOT_R_I_PID                            0x20004d68   Data          92  my_incrementpid_bate.o(.bss)
    Driver_I_PID                             0x20004dc4   Data          92  my_incrementpid_bate.o(.bss)
    FPS_ALL                                  0x20004e20   Data          60  fps_calculate.o(.bss)
    Euler_Framerate                          0x20004e5c   Data          12  dji_c_imu.o(.bss)
    Gyro_Framerate                           0x20004e68   Data          12  dji_c_imu.o(.bss)
    DJIC_IMU                                 0x20004e74   Data          40  dji_c_imu.o(.bss)
    __initial_sp                             0x20006ea0   Data           0  startup_stm32f427xx.o(STACK)



==============================================================================

Memory Map of the image

  Image Entry point : 0x080001ad

  Load Region LR_IROM1 (Base: 0x08000000, Size: 0x00007a5c, Max: 0x00200000, ABSOLUTE, COMPRESSED[0x000078a4])

    Execution Region ER_IROM1 (Exec base: 0x08000000, Load base: 0x08000000, Size: 0x0000783c, Max: 0x00200000, ABSOLUTE)

    Exec Addr    Load Addr    Size         Type   Attr      Idx    E Section Name        Object

    0x08000000   0x08000000   0x000001ac   Data   RO          339    RESET               startup_stm32f427xx.o
    0x080001ac   0x080001ac   0x00000000   Code   RO         5737  * .ARM.Collect$$$$00000000  mc_w.l(entry.o)
    0x080001ac   0x080001ac   0x00000004   Code   RO         5770    .ARM.Collect$$$$00000001  mc_w.l(entry2.o)
    0x080001b0   0x080001b0   0x00000004   Code   RO         5773    .ARM.Collect$$$$00000004  mc_w.l(entry5.o)
    0x080001b4   0x080001b4   0x00000000   Code   RO         5775    .ARM.Collect$$$$00000008  mc_w.l(entry7b.o)
    0x080001b4   0x080001b4   0x00000000   Code   RO         5777    .ARM.Collect$$$$0000000A  mc_w.l(entry8b.o)
    0x080001b4   0x080001b4   0x00000008   Code   RO         5778    .ARM.Collect$$$$0000000B  mc_w.l(entry9a.o)
    0x080001bc   0x080001bc   0x00000000   Code   RO         5780    .ARM.Collect$$$$0000000D  mc_w.l(entry10a.o)
    0x080001bc   0x080001bc   0x00000000   Code   RO         5782    .ARM.Collect$$$$0000000F  mc_w.l(entry11a.o)
    0x080001bc   0x080001bc   0x00000004   Code   RO         5771    .ARM.Collect$$$$00002712  mc_w.l(entry2.o)
    0x080001c0   0x080001c0   0x000000be   Code   RO         5130    .emb_text           port.o
    0x0800027e   0x0800027e   0x00000002   PAD
    0x08000280   0x08000280   0x00000024   Code   RO          340    .text               startup_stm32f427xx.o
    0x080002a4   0x080002a4   0x00000062   Code   RO         5740    .text               mc_w.l(uldiv.o)
    0x08000306   0x08000306   0x00000024   Code   RO         5742    .text               mc_w.l(memcpya.o)
    0x0800032a   0x0800032a   0x00000024   Code   RO         5746    .text               mc_w.l(memseta.o)
    0x0800034e   0x0800034e   0x0000014e   Code   RO         5750    .text               mf_w.l(dadd.o)
    0x0800049c   0x0800049c   0x000000e4   Code   RO         5752    .text               mf_w.l(dmul.o)
    0x08000580   0x08000580   0x000000de   Code   RO         5754    .text               mf_w.l(ddiv.o)
    0x0800065e   0x0800065e   0x00000022   Code   RO         5756    .text               mf_w.l(dflti.o)
    0x08000680   0x08000680   0x0000001a   Code   RO         5758    .text               mf_w.l(dfltui.o)
    0x0800069a   0x0800069a   0x0000003e   Code   RO         5760    .text               mf_w.l(dfixi.o)
    0x080006d8   0x080006d8   0x00000032   Code   RO         5762    .text               mf_w.l(dfixui.o)
    0x0800070a   0x0800070a   0x00000026   Code   RO         5764    .text               mf_w.l(f2d.o)
    0x08000730   0x08000730   0x00000030   Code   RO         5766    .text               mf_w.l(cdcmple.o)
    0x08000760   0x08000760   0x00000038   Code   RO         5768    .text               mf_w.l(d2f.o)
    0x08000798   0x08000798   0x0000001e   Code   RO         5784    .text               mc_w.l(llshl.o)
    0x080007b6   0x080007b6   0x00000020   Code   RO         5786    .text               mc_w.l(llushr.o)
    0x080007d6   0x080007d6   0x00000024   Code   RO         5788    .text               mc_w.l(llsshr.o)
    0x080007fa   0x080007fa   0x00000000   Code   RO         5790    .text               mc_w.l(iusefp.o)
    0x080007fa   0x080007fa   0x0000006e   Code   RO         5791    .text               mf_w.l(fepilogue.o)
    0x08000868   0x08000868   0x000000ba   Code   RO         5793    .text               mf_w.l(depilogue.o)
    0x08000922   0x08000922   0x00000002   PAD
    0x08000924   0x08000924   0x00000024   Code   RO         5795    .text               mc_w.l(init.o)
    0x08000948   0x08000948   0x00000056   Code   RO         5805    .text               mc_w.l(__dczerorl2.o)
    0x0800099e   0x0800099e   0x00000004   Code   RO          792    i.BusFault_Handler  stm32f4xx_it.o
    0x080009a2   0x080009a2   0x00000002   PAD
    0x080009a4   0x080009a4   0x00000024   Code   RO         5270    i.CAN1_Config       bsp_can.o
    0x080009c8   0x080009c8   0x00000030   Code   RO         5271    i.CAN1_Filter0_Init  bsp_can.o
    0x080009f8   0x080009f8   0x0000001c   Code   RO          793    i.CAN1_RX0_IRQHandler  stm32f4xx_it.o
    0x08000a14   0x08000a14   0x000000dc   Code   RO          464    i.CAN1_recive       freertos.o
    0x08000af0   0x08000af0   0x00000028   Code   RO         5272    i.CAN2_Config       bsp_can.o
    0x08000b18   0x08000b18   0x00000038   Code   RO         5273    i.CAN2_Filter0_Init  bsp_can.o
    0x08000b50   0x08000b50   0x00000010   Code   RO          794    i.CAN2_RX0_IRQHandler  stm32f4xx_it.o
    0x08000b60   0x08000b60   0x00000068   Code   RO         5274    i.CAN_SendData      bsp_can.o
    0x08000bc8   0x08000bc8   0x00000108   Code   RO          225    i.CHASSIS_CONTROUL  my_chassis_control.o
    0x08000cd0   0x08000cd0   0x00000074   Code   RO          465    i.Can2_Reive        freertos.o
    0x08000d44   0x08000d44   0x00000024   Code   RO         5613    i.Checksum_CRC8     crc.o
    0x08000d68   0x08000d68   0x00000050   Code   RO         5681    i.DJI_C_Euler_getInfo  dji_c_imu.o
    0x08000db8   0x08000db8   0x00000050   Code   RO         5682    i.DJI_C_Gyro_getInfo  dji_c_imu.o
    0x08000e08   0x08000e08   0x00000010   Code   RO          795    i.DMA1_Stream6_IRQHandler  stm32f4xx_it.o
    0x08000e18   0x08000e18   0x00000010   Code   RO          796    i.DMA2_Stream1_IRQHandler  stm32f4xx_it.o
    0x08000e28   0x08000e28   0x00000010   Code   RO          797    i.DMA2_Stream2_IRQHandler  stm32f4xx_it.o
    0x08000e38   0x08000e38   0x00000010   Code   RO          798    i.DMA2_Stream6_IRQHandler  stm32f4xx_it.o
    0x08000e48   0x08000e48   0x00000034   Code   RO         1787    i.DMA_CalcBaseAndBitshift  stm32f4xx_hal_dma.o
    0x08000e7c   0x08000e7c   0x000000aa   Code   RO         1788    i.DMA_CheckFifoParam  stm32f4xx_hal_dma.o
    0x08000f26   0x08000f26   0x0000002c   Code   RO         1789    i.DMA_SetConfig     stm32f4xx_hal_dma.o
    0x08000f52   0x08000f52   0x00000002   PAD
    0x08000f54   0x08000f54   0x00000184   Code   RO         5210    i.DR16_Process      dr16_recive.o
    0x080010d8   0x080010d8   0x00000074   Code   RO         5211    i.DR_16hander       dr16_recive.o
    0x0800114c   0x0800114c   0x0000001c   Code   RO          466    i.DeBug             freertos.o
    0x08001168   0x08001168   0x00000002   Code   RO          799    i.DebugMon_Handler  stm32f4xx_it.o
    0x0800116a   0x0800116a   0x00000002   Code   RO          347    i.Error_Handler     main.o
    0x0800116c   0x0800116c   0x00000050   Code   RO         5646    i.FPS_Calculate     fps_calculate.o
    0x080011bc   0x080011bc   0x0000015c   Code   RO         5321    i.GM6020_Pitch_getInfo  gm6020.o
    0x08001318   0x08001318   0x00000054   Code   RO         5322    i.GM6020_SetVoltage  gm6020.o
    0x0800136c   0x0800136c   0x00000160   Code   RO         5323    i.GM6020_Yaw_getInfo  gm6020.o
    0x080014cc   0x080014cc   0x00000046   Code   RO          227    i.Get_Encoder_Value  my_chassis_control.o
    0x08001512   0x08001512   0x0000001e   Code   RO         5647    i.Get_FPS           fps_calculate.o
    0x08001530   0x08001530   0x00000156   Code   RO          994    i.HAL_CAN_AddTxMessage  stm32f4xx_hal_can.o
    0x08001686   0x08001686   0x00000002   PAD
    0x08001688   0x08001688   0x00000124   Code   RO          995    i.HAL_CAN_ConfigFilter  stm32f4xx_hal_can.o
    0x080017ac   0x080017ac   0x00000002   Code   RO          998    i.HAL_CAN_ErrorCallback  stm32f4xx_hal_can.o
    0x080017ae   0x080017ae   0x0000017a   Code   RO         1001    i.HAL_CAN_GetRxMessage  stm32f4xx_hal_can.o
    0x08001928   0x08001928   0x0000024e   Code   RO         1005    i.HAL_CAN_IRQHandler  stm32f4xx_hal_can.o
    0x08001b76   0x08001b76   0x00000174   Code   RO         1006    i.HAL_CAN_Init      stm32f4xx_hal_can.o
    0x08001cea   0x08001cea   0x00000002   PAD
    0x08001cec   0x08001cec   0x00000164   Code   RO          563    i.HAL_CAN_MspInit   can.o
    0x08001e50   0x08001e50   0x00000002   Code   RO         1013    i.HAL_CAN_RxFifo0FullCallback  stm32f4xx_hal_can.o
    0x08001e52   0x08001e52   0x00000002   PAD
    0x08001e54   0x08001e54   0x0000009c   Code   RO          800    i.HAL_CAN_RxFifo0MsgPendingCallback  stm32f4xx_it.o
    0x08001ef0   0x08001ef0   0x00000002   Code   RO         1015    i.HAL_CAN_RxFifo1FullCallback  stm32f4xx_hal_can.o
    0x08001ef2   0x08001ef2   0x00000002   Code   RO         1016    i.HAL_CAN_RxFifo1MsgPendingCallback  stm32f4xx_hal_can.o
    0x08001ef4   0x08001ef4   0x00000002   Code   RO         1017    i.HAL_CAN_SleepCallback  stm32f4xx_hal_can.o
    0x08001ef6   0x08001ef6   0x0000005e   Code   RO         1018    i.HAL_CAN_Start     stm32f4xx_hal_can.o
    0x08001f54   0x08001f54   0x00000002   Code   RO         1020    i.HAL_CAN_TxMailbox0AbortCallback  stm32f4xx_hal_can.o
    0x08001f56   0x08001f56   0x00000002   Code   RO         1021    i.HAL_CAN_TxMailbox0CompleteCallback  stm32f4xx_hal_can.o
    0x08001f58   0x08001f58   0x00000002   Code   RO         1022    i.HAL_CAN_TxMailbox1AbortCallback  stm32f4xx_hal_can.o
    0x08001f5a   0x08001f5a   0x00000002   Code   RO         1023    i.HAL_CAN_TxMailbox1CompleteCallback  stm32f4xx_hal_can.o
    0x08001f5c   0x08001f5c   0x00000002   Code   RO         1024    i.HAL_CAN_TxMailbox2AbortCallback  stm32f4xx_hal_can.o
    0x08001f5e   0x08001f5e   0x00000002   Code   RO         1025    i.HAL_CAN_TxMailbox2CompleteCallback  stm32f4xx_hal_can.o
    0x08001f60   0x08001f60   0x00000002   Code   RO         1027    i.HAL_CAN_WakeUpFromRxMsgCallback  stm32f4xx_hal_can.o
    0x08001f62   0x08001f62   0x00000028   Code   RO         1791    i.HAL_DMA_Abort_IT  stm32f4xx_hal_dma.o
    0x08001f8a   0x08001f8a   0x00000002   PAD
    0x08001f8c   0x08001f8c   0x00000240   Code   RO         1795    i.HAL_DMA_IRQHandler  stm32f4xx_hal_dma.o
    0x080021cc   0x080021cc   0x000000ec   Code   RO         1796    i.HAL_DMA_Init      stm32f4xx_hal_dma.o
    0x080022b8   0x080022b8   0x00000066   Code   RO         1799    i.HAL_DMA_Start     stm32f4xx_hal_dma.o
    0x0800231e   0x0800231e   0x00000002   PAD
    0x08002320   0x08002320   0x00000028   Code   RO         2232    i.HAL_Delay         stm32f4xx_hal.o
    0x08002348   0x08002348   0x0000021c   Code   RO         1683    i.HAL_GPIO_Init     stm32f4xx_hal_gpio.o
    0x08002564   0x08002564   0x0000000c   Code   RO         2240    i.HAL_GetTick       stm32f4xx_hal.o
    0x08002570   0x08002570   0x00000018   Code   RO         2246    i.HAL_IncTick       stm32f4xx_hal.o
    0x08002588   0x08002588   0x0000003c   Code   RO         2247    i.HAL_Init          stm32f4xx_hal.o
    0x080025c4   0x080025c4   0x0000008c   Code   RO          953    i.HAL_InitTick      stm32f4xx_hal_timebase_tim_1.o
    0x08002650   0x08002650   0x00000048   Code   RO          929    i.HAL_MspInit       stm32f4xx_hal_msp.o
    0x08002698   0x08002698   0x00000020   Code   RO         2090    i.HAL_NVIC_EnableIRQ  stm32f4xx_hal_cortex.o
    0x080026b8   0x080026b8   0x0000007c   Code   RO         2096    i.HAL_NVIC_SetPriority  stm32f4xx_hal_cortex.o
    0x08002734   0x08002734   0x00000028   Code   RO         2097    i.HAL_NVIC_SetPriorityGrouping  stm32f4xx_hal_cortex.o
    0x0800275c   0x0800275c   0x00000184   Code   RO         1227    i.HAL_RCC_ClockConfig  stm32f4xx_hal_rcc.o
    0x080028e0   0x080028e0   0x00000044   Code   RO         1231    i.HAL_RCC_GetClockConfig  stm32f4xx_hal_rcc.o
    0x08002924   0x08002924   0x0000000c   Code   RO         1232    i.HAL_RCC_GetHCLKFreq  stm32f4xx_hal_rcc.o
    0x08002930   0x08002930   0x00000020   Code   RO         1234    i.HAL_RCC_GetPCLK1Freq  stm32f4xx_hal_rcc.o
    0x08002950   0x08002950   0x00000020   Code   RO         1235    i.HAL_RCC_GetPCLK2Freq  stm32f4xx_hal_rcc.o
    0x08002970   0x08002970   0x000000b0   Code   RO         1236    i.HAL_RCC_GetSysClockFreq  stm32f4xx_hal_rcc.o
    0x08002a20   0x08002a20   0x00000488   Code   RO         1239    i.HAL_RCC_OscConfig  stm32f4xx_hal_rcc.o
    0x08002ea8   0x08002ea8   0x00000034   Code   RO         2504    i.HAL_RNG_Init      stm32f4xx_hal_rng.o
    0x08002edc   0x08002edc   0x00000034   Code   RO          637    i.HAL_RNG_MspInit   rng.o
    0x08002f10   0x08002f10   0x00000002   Code   RO         3285    i.HAL_TIMEx_BreakCallback  stm32f4xx_hal_tim_ex.o
    0x08002f12   0x08002f12   0x00000002   Code   RO         3286    i.HAL_TIMEx_CommutCallback  stm32f4xx_hal_tim_ex.o
    0x08002f14   0x08002f14   0x000000b4   Code   RO         3303    i.HAL_TIMEx_MasterConfigSynchronization  stm32f4xx_hal_tim_ex.o
    0x08002fc8   0x08002fc8   0x00000034   Code   RO         2599    i.HAL_TIM_Base_Init  stm32f4xx_hal_tim.o
    0x08002ffc   0x08002ffc   0x00000048   Code   RO          679    i.HAL_TIM_Base_MspInit  tim.o
    0x08003044   0x08003044   0x0000002a   Code   RO         2604    i.HAL_TIM_Base_Start_IT  stm32f4xx_hal_tim.o
    0x0800306e   0x0800306e   0x000000ae   Code   RO         2617    i.HAL_TIM_Encoder_Init  stm32f4xx_hal_tim.o
    0x0800311c   0x0800311c   0x00000084   Code   RO          681    i.HAL_TIM_Encoder_MspInit  tim.o
    0x080031a0   0x080031a0   0x0000004e   Code   RO         2620    i.HAL_TIM_Encoder_Start  stm32f4xx_hal_tim.o
    0x080031ee   0x080031ee   0x00000002   Code   RO         2628    i.HAL_TIM_IC_CaptureCallback  stm32f4xx_hal_tim.o
    0x080031f0   0x080031f0   0x00000196   Code   RO         2642    i.HAL_TIM_IRQHandler  stm32f4xx_hal_tim.o
    0x08003386   0x08003386   0x00000002   Code   RO         2645    i.HAL_TIM_OC_DelayElapsedCallback  stm32f4xx_hal_tim.o
    0x08003388   0x08003388   0x00000002   Code   RO         2672    i.HAL_TIM_PWM_PulseFinishedCallback  stm32f4xx_hal_tim.o
    0x0800338a   0x0800338a   0x00000002   PAD
    0x0800338c   0x0800338c   0x00000018   Code   RO          348    i.HAL_TIM_PeriodElapsedCallback  main.o
    0x080033a4   0x080033a4   0x00000002   Code   RO         2685    i.HAL_TIM_TriggerCallback  stm32f4xx_hal_tim.o
    0x080033a6   0x080033a6   0x00000002   Code   RO         3557    i.HAL_UART_ErrorCallback  stm32f4xx_hal_uart.o
    0x080033a8   0x080033a8   0x00000154   Code   RO         3560    i.HAL_UART_IRQHandler  stm32f4xx_hal_uart.o
    0x080034fc   0x080034fc   0x00000072   Code   RO         3561    i.HAL_UART_Init     stm32f4xx_hal_uart.o
    0x0800356e   0x0800356e   0x00000002   PAD
    0x08003570   0x08003570   0x000002bc   Code   RO          739    i.HAL_UART_MspInit  usart.o
    0x0800382c   0x0800382c   0x00000002   Code   RO         3567    i.HAL_UART_RxCpltCallback  stm32f4xx_hal_uart.o
    0x0800382e   0x0800382e   0x00000002   Code   RO         3572    i.HAL_UART_TxCpltCallback  stm32f4xx_hal_uart.o
    0x08003830   0x08003830   0x00000004   Code   RO          801    i.HardFault_Handler  stm32f4xx_it.o
    0x08003834   0x08003834   0x00000054   Code   RO         5564    i.I_PID_BetaGeneration  my_incrementpid_bate.o
    0x08003888   0x08003888   0x0000009c   Code   RO         5566    i.I_PID_Parameter_Init  my_incrementpid_bate.o
    0x08003924   0x08003924   0x000001d2   Code   RO         5567    i.I_PID_Regulation  my_incrementpid_bate.o
    0x08003af6   0x08003af6   0x00000002   PAD
    0x08003af8   0x08003af8   0x00000144   Code   RO         5411    i.M2006_getInfo     m2006.o
    0x08003c3c   0x08003c3c   0x0000012c   Code   RO         5363    i.M3508_getInfo     m3508.o
    0x08003d68   0x08003d68   0x00000078   Code   RO         5365    i.M3508s1_getInfo   m3508.o
    0x08003de0   0x08003de0   0x00000054   Code   RO         5366    i.M3508s1_setCurrent  m3508.o
    0x08003e34   0x08003e34   0x00000044   Code   RO          564    i.MX_CAN1_Init      can.o
    0x08003e78   0x08003e78   0x00000044   Code   RO          565    i.MX_CAN2_Init      can.o
    0x08003ebc   0x08003ebc   0x00000088   Code   RO          612    i.MX_DMA_Init       dma.o
    0x08003f44   0x08003f44   0x000000bc   Code   RO          467    i.MX_FREERTOS_Init  freertos.o
    0x08004000   0x08004000   0x000000e4   Code   RO          440    i.MX_GPIO_Init      gpio.o
    0x080040e4   0x080040e4   0x00000020   Code   RO          638    i.MX_RNG_Init       rng.o
    0x08004104   0x08004104   0x0000007c   Code   RO          682    i.MX_TIM5_Init      tim.o
    0x08004180   0x08004180   0x0000004c   Code   RO          683    i.MX_TIM7_Init      tim.o
    0x080041cc   0x080041cc   0x00000038   Code   RO          740    i.MX_UART8_Init     usart.o
    0x08004204   0x08004204   0x00000038   Code   RO          741    i.MX_USART1_UART_Init  usart.o
    0x0800423c   0x0800423c   0x00000038   Code   RO          742    i.MX_USART6_UART_Init  usart.o
    0x08004274   0x08004274   0x00000004   Code   RO          802    i.MemManage_Handler  stm32f4xx_it.o
    0x08004278   0x08004278   0x00000002   Code   RO          803    i.NMI_Handler       stm32f4xx_it.o
    0x0800427a   0x0800427a   0x00000002   PAD
    0x0800427c   0x0800427c   0x0000006c   Code   RO            4    i.PITCH_PID         my_cloud_control.o
    0x080042e8   0x080042e8   0x00000024   Code   RO         5522    i.P_PID_BetaGeneration  my_positionpid_bate.o
    0x0800430c   0x0800430c   0x00000088   Code   RO         5523    i.P_PID_Parameter_Init  my_positionpid_bate.o
    0x08004394   0x08004394   0x00000180   Code   RO         5524    i.P_PID_bate        my_positionpid_bate.o
    0x08004514   0x08004514   0x00000130   Code   RO          468    i.Robot_Control     freertos.o
    0x08004644   0x08004644   0x0000000a   Code   RO          469    i.StartDefaultTask  freertos.o
    0x0800464e   0x0800464e   0x00000002   PAD
    0x08004650   0x08004650   0x00000034   Code   RO         5131    i.SysTick_Handler   port.o
    0x08004684   0x08004684   0x000000b4   Code   RO          350    i.SystemClock_Config  main.o
    0x08004738   0x08004738   0x0000001c   Code   RO         3868    i.SystemInit        system_stm32f4xx.o
    0x08004754   0x08004754   0x00000010   Code   RO          804    i.TIM6_DAC_IRQHandler  stm32f4xx_it.o
    0x08004764   0x08004764   0x0000003c   Code   RO          805    i.TIM7_IRQHandler   stm32f4xx_it.o
    0x080047a0   0x080047a0   0x000000d8   Code   RO         2687    i.TIM_Base_SetConfig  stm32f4xx_hal_tim.o
    0x08004878   0x08004878   0x00000022   Code   RO         2688    i.TIM_CCxChannelCmd  stm32f4xx_hal_tim.o
    0x0800489a   0x0800489a   0x00000002   PAD
    0x0800489c   0x0800489c   0x00000024   Code   RO          806    i.UART8_IRQHandler  stm32f4xx_it.o
    0x080048c0   0x080048c0   0x00000014   Code   RO         3574    i.UART_DMAAbortOnError  stm32f4xx_hal_uart.o
    0x080048d4   0x080048d4   0x00000020   Code   RO         3584    i.UART_EndRxTransfer  stm32f4xx_hal_uart.o
    0x080048f4   0x080048f4   0x00000020   Code   RO         3585    i.UART_EndTransmit_IT  stm32f4xx_hal_uart.o
    0x08004914   0x08004914   0x000000a6   Code   RO         3587    i.UART_Receive_IT   stm32f4xx_hal_uart.o
    0x080049ba   0x080049ba   0x00000002   PAD
    0x080049bc   0x080049bc   0x000003e8   Code   RO         3588    i.UART_SetConfig    stm32f4xx_hal_uart.o
    0x08004da4   0x08004da4   0x00000068   Code   RO         3589    i.UART_Transmit_IT  stm32f4xx_hal_uart.o
    0x08004e0c   0x08004e0c   0x00000014   Code   RO          807    i.USART1_IRQHandler  stm32f4xx_it.o
    0x08004e20   0x08004e20   0x00000010   Code   RO          808    i.USART6_IRQHandler  stm32f4xx_it.o
    0x08004e30   0x08004e30   0x00000044   Code   RO         5498    i.USART_RX_DMA_ENABLE  user_uart.o
    0x08004e74   0x08004e74   0x00000044   Code   RO         5214    i.USART_Receive_DMA_NO_IT  dr16_recive.o
    0x08004eb8   0x08004eb8   0x00000160   Code   RO         5683    i.Updata_Hand_Euler_Gyro_Data  dji_c_imu.o
    0x08005018   0x08005018   0x000000f8   Code   RO         5435    i.Update_Vision_SendData  vision.o
    0x08005110   0x08005110   0x00000004   Code   RO          809    i.UsageFault_Handler  stm32f4xx_it.o
    0x08005114   0x08005114   0x00000104   Code   RO         5436    i.Vision_DataReceive  vision.o
    0x08005218   0x08005218   0x00000030   Code   RO         5437    i.Vision_DataSend   vision.o
    0x08005248   0x08005248   0x00000070   Code   RO         5438    i.Vision_Handler    vision.o
    0x080052b8   0x080052b8   0x0000000c   Code   RO         5439    i.Vision_ID_Type_Init  vision.o
    0x080052c4   0x080052c4   0x0000002c   Code   RO         5440    i.Vision_Set_ID_Type  vision.o
    0x080052f0   0x080052f0   0x00000134   Code   RO            5    i.YAW_PID           my_cloud_control.o
    0x08005424   0x08005424   0x00000010   Code   RO         2103    i.__NVIC_GetPriorityGrouping  stm32f4xx_hal_cortex.o
    0x08005434   0x08005434   0x00000028   Code   RO         2104    i.__NVIC_SetPriority  stm32f4xx_hal_cortex.o
    0x0800545c   0x0800545c   0x00000014   Code   RO         5731    i.__hardfp_fabs     m_wm.l(fabs.o)
    0x08005470   0x08005470   0x0000000e   Code   RO         5799    i.__scatterload_copy  mc_w.l(handlers.o)
    0x0800547e   0x0800547e   0x00000002   Code   RO         5800    i.__scatterload_null  mc_w.l(handlers.o)
    0x08005480   0x08005480   0x0000000e   Code   RO         5801    i.__scatterload_zeroinit  mc_w.l(handlers.o)
    0x0800548e   0x0800548e   0x00000002   PAD
    0x08005490   0x08005490   0x00000158   Code   RO            6    i.cloud_control     my_cloud_control.o
    0x080055e8   0x080055e8   0x00000068   Code   RO          299    i.driver_plate_control  my_shoot_control.o
    0x08005650   0x08005650   0x000000fc   Code   RO         5684    i.imu_angle         dji_c_imu.o
    0x0800574c   0x0800574c   0x000003ec   Code   RO          470    i.init_task         freertos.o
    0x08005b38   0x08005b38   0x00000058   Code   RO          351    i.main              main.o
    0x08005b90   0x08005b90   0x0000000e   Code   RO         4702    i.makeFreeRtosPriority  cmsis_os.o
    0x08005b9e   0x08005b9e   0x00000018   Code   RO         4704    i.osDelay           cmsis_os.o
    0x08005bb6   0x08005bb6   0x0000000a   Code   RO         4707    i.osKernelStart     cmsis_os.o
    0x08005bc0   0x08005bc0   0x0000005e   Code   RO         4741    i.osThreadCreate    cmsis_os.o
    0x08005c1e   0x08005c1e   0x00000002   PAD
    0x08005c20   0x08005c20   0x00000098   Code   RO         4379    i.prvAddCurrentTaskToDelayedList  tasks.o
    0x08005cb8   0x08005cb8   0x000000b4   Code   RO         4380    i.prvAddNewTaskToReadyList  tasks.o
    0x08005d6c   0x08005d6c   0x00000048   Code   RO         4381    i.prvCheckTasksWaitingTermination  tasks.o
    0x08005db4   0x08005db4   0x0000002a   Code   RO         4045    i.prvCopyDataFromQueue  queue.o
    0x08005dde   0x08005dde   0x0000007e   Code   RO         4046    i.prvCopyDataToQueue  queue.o
    0x08005e5c   0x08005e5c   0x00000050   Code   RO         4382    i.prvDeleteTCB      tasks.o
    0x08005eac   0x08005eac   0x0000007c   Code   RO         5069    i.prvHeapInit       heap_4.o
    0x08005f28   0x08005f28   0x00000028   Code   RO         4383    i.prvIdleTask       tasks.o
    0x08005f50   0x08005f50   0x00000026   Code   RO         4049    i.prvInitialiseNewQueue  queue.o
    0x08005f76   0x08005f76   0x000000b4   Code   RO         4384    i.prvInitialiseNewTask  tasks.o
    0x0800602a   0x0800602a   0x00000002   PAD
    0x0800602c   0x0800602c   0x00000068   Code   RO         4385    i.prvInitialiseTaskLists  tasks.o
    0x08006094   0x08006094   0x00000068   Code   RO         5070    i.prvInsertBlockIntoFreeList  heap_4.o
    0x080060fc   0x080060fc   0x0000001a   Code   RO         4050    i.prvIsQueueEmpty   queue.o
    0x08006116   0x08006116   0x00000002   PAD
    0x08006118   0x08006118   0x00000034   Code   RO         4386    i.prvResetNextTaskUnblockTime  tasks.o
    0x0800614c   0x0800614c   0x00000040   Code   RO         5132    i.prvTaskExitError  port.o
    0x0800618c   0x0800618c   0x0000007e   Code   RO         4052    i.prvUnlockQueue    queue.o
    0x0800620a   0x0800620a   0x00000002   PAD
    0x0800620c   0x0800620c   0x0000013c   Code   RO         5071    i.pvPortMalloc      heap_4.o
    0x08006348   0x08006348   0x0000002c   Code   RO         5133    i.pxPortInitialiseStack  port.o
    0x08006374   0x08006374   0x000000f0   Code   RO          300    i.shoot_control     my_shoot_control.o
    0x08006464   0x08006464   0x000000c8   Code   RO          230    i.switch_change     my_chassis_control.o
    0x0800652c   0x0800652c   0x00000050   Code   RO         5215    i.usart1_dr16_init  dr16_recive.o
    0x0800657c   0x0800657c   0x00000028   Code   RO         4005    i.uxListRemove      list.o
    0x080065a4   0x080065a4   0x00000018   Code   RO          471    i.vApplicationGetIdleTaskMemory  freertos.o
    0x080065bc   0x080065bc   0x0000001a   Code   RO         4006    i.vListInitialise   list.o
    0x080065d6   0x080065d6   0x00000006   Code   RO         4007    i.vListInitialiseItem  list.o
    0x080065dc   0x080065dc   0x00000034   Code   RO         4008    i.vListInsert       list.o
    0x08006610   0x08006610   0x00000018   Code   RO         4009    i.vListInsertEnd    list.o
    0x08006628   0x08006628   0x00000054   Code   RO         5135    i.vPortEnterCritical  port.o
    0x0800667c   0x0800667c   0x0000003c   Code   RO         5136    i.vPortExitCritical  port.o
    0x080066b8   0x080066b8   0x00000094   Code   RO         5072    i.vPortFree         heap_4.o
    0x0800674c   0x0800674c   0x00000028   Code   RO         5137    i.vPortSetupTimerInterrupt  port.o
    0x08006774   0x08006774   0x00000078   Code   RO         5138    i.vPortValidateInterruptPriority  port.o
    0x080067ec   0x080067ec   0x0000005c   Code   RO         4394    i.vTaskDelay        tasks.o
    0x08006848   0x08006848   0x000000d4   Code   RO         4395    i.vTaskDelayUntil   tasks.o
    0x0800691c   0x0800691c   0x000000f4   Code   RO         4396    i.vTaskDelete       tasks.o
    0x08006a10   0x08006a10   0x00000018   Code   RO         4398    i.vTaskInternalSetTimeOutState  tasks.o
    0x08006a28   0x08006a28   0x0000000c   Code   RO         4399    i.vTaskMissedYield  tasks.o
    0x08006a34   0x08006a34   0x00000038   Code   RO         4401    i.vTaskPlaceOnEventList  tasks.o
    0x08006a6c   0x08006a6c   0x000000b0   Code   RO         4408    i.vTaskStartScheduler  tasks.o
    0x08006b1c   0x08006b1c   0x00000010   Code   RO         4410    i.vTaskSuspendAll   tasks.o
    0x08006b2c   0x08006b2c   0x0000008c   Code   RO         4411    i.vTaskSwitchContext  tasks.o
    0x08006bb8   0x08006bb8   0x00000168   Code   RO         5139    i.xPortStartScheduler  port.o
    0x08006d20   0x08006d20   0x00000060   Code   RO         4061    i.xQueueGenericCreate  queue.o
    0x08006d80   0x08006d80   0x00000098   Code   RO         4063    i.xQueueGenericReset  queue.o
    0x08006e18   0x08006e18   0x000000f8   Code   RO         4065    i.xQueueGenericSendFromISR  queue.o
    0x08006f10   0x08006f10   0x00000168   Code   RO         4071    i.xQueueReceive     queue.o
    0x08007078   0x08007078   0x0000008c   Code   RO         4412    i.xTaskCheckForTimeOut  tasks.o
    0x08007104   0x08007104   0x00000064   Code   RO         4413    i.xTaskCreate       tasks.o
    0x08007168   0x08007168   0x000000ba   Code   RO         4414    i.xTaskCreateStatic  tasks.o
    0x08007222   0x08007222   0x00000002   PAD
    0x08007224   0x08007224   0x00000020   Code   RO         4418    i.xTaskGetSchedulerState  tasks.o
    0x08007244   0x08007244   0x0000000c   Code   RO         4419    i.xTaskGetTickCount  tasks.o
    0x08007250   0x08007250   0x00000148   Code   RO         4421    i.xTaskIncrementTick  tasks.o
    0x08007398   0x08007398   0x000000c8   Code   RO         4424    i.xTaskPriorityDisinherit  tasks.o
    0x08007460   0x08007460   0x00000098   Code   RO         4426    i.xTaskRemoveFromEventList  tasks.o
    0x080074f8   0x080074f8   0x00000104   Code   RO         4427    i.xTaskResumeAll    tasks.o
    0x080075fc   0x080075fc   0x000000a8   Data   RO          473    .constdata          freertos.o
    0x080076a4   0x080076a4   0x00000008   Data   RO         1802    .constdata          stm32f4xx_hal_dma.o
    0x080076ac   0x080076ac   0x00000018   Data   RO         3869    .constdata          system_stm32f4xx.o
    0x080076c4   0x080076c4   0x00000100   Data   RO         5615    .constdata          crc.o
    0x080077c4   0x080077c4   0x00000056   Data   RO          474    .conststring        freertos.o
    0x0800781a   0x0800781a   0x00000002   PAD
    0x0800781c   0x0800781c   0x00000020   Data   RO         5797    Region$$Table       anon$$obj.o


    Execution Region RW_IRAM2 (Exec base: 0x10000000, Load base: 0x080078a4, Size: 0x00000000, Max: 0x00010000, ABSOLUTE)

    **** No section assigned to this execution region ****


    Execution Region RW_IRAM1 (Exec base: 0x20000000, Load base: 0x0800783c, Size: 0x00006ea0, Max: 0x00030000, ABSOLUTE, COMPRESSED[0x00000068])

    Exec Addr    Load Addr    Size         Type   Attr      Idx    E Section Name        Object

    0x20000000   COMPRESSED   0x0000000c   Data   RW          233    .data               my_chassis_control.o
    0x2000000c   COMPRESSED   0x000000a8   Data   RW          354    .data               main.o
    0x200000b4   COMPRESSED   0x00000024   Data   RW          475    .data               freertos.o
    0x200000d8   COMPRESSED   0x00000004   Data   RW          567    .data               can.o
    0x200000dc   COMPRESSED   0x00000009   Data   RW         2254    .data               stm32f4xx_hal.o
    0x200000e5   COMPRESSED   0x00000003   PAD
    0x200000e8   COMPRESSED   0x00000004   Data   RW         3870    .data               system_stm32f4xx.o
    0x200000ec   COMPRESSED   0x0000003c   Data   RW         4430    .data               tasks.o
    0x20000128   COMPRESSED   0x00000018   Data   RW         5077    .data               heap_4.o
    0x20000140   COMPRESSED   0x0000000c   Data   RW         5140    .data               port.o
    0x2000014c   COMPRESSED   0x0000005e   Data   RW         5217    .data               dr16_recive.o
    0x200001aa   COMPRESSED   0x0000005f   Data   RW         5442    .data               vision.o
    0x20000209   COMPRESSED   0x00000003   PAD
    0x2000020c   COMPRESSED   0x00000004   Data   RW         5526    .data               my_positionpid_bate.o
    0x20000210   COMPRESSED   0x00000010   Data   RW         5686    .data               dji_c_imu.o
    0x20000220        -       0x00000074   Zero   RW          231    .bss                my_chassis_control.o
    0x20000294        -       0x00000254   Zero   RW          472    .bss                freertos.o
    0x200004e8        -       0x00000050   Zero   RW          566    .bss                can.o
    0x20000538        -       0x00000010   Zero   RW          639    .bss                rng.o
    0x20000548        -       0x00000080   Zero   RW          684    .bss                tim.o
    0x200005c8        -       0x00000240   Zero   RW          743    .bss                usart.o
    0x20000808        -       0x00000048   Zero   RW          810    .bss                stm32f4xx_it.o
    0x20000850        -       0x00000040   Zero   RW          956    .bss                stm32f4xx_hal_timebase_tim_1.o
    0x20000890        -       0x000000f0   Zero   RW         4429    .bss                tasks.o
    0x20000980        -       0x00003c00   Zero   RW         5076    .bss                heap_4.o
    0x20004580        -       0x00000068   Zero   RW         5216    .bss                dr16_recive.o
    0x200045e8        -       0x00000020   Zero   RW         5275    .bss                bsp_can.o
    0x20004608        -       0x00000090   Zero   RW         5324    .bss                gm6020.o
    0x20004698        -       0x00000210   Zero   RW         5367    .bss                m3508.o
    0x200048a8        -       0x00000048   Zero   RW         5441    .bss                vision.o
    0x200048f0        -       0x000003c0   Zero   RW         5525    .bss                my_positionpid_bate.o
    0x20004cb0        -       0x00000170   Zero   RW         5568    .bss                my_incrementpid_bate.o
    0x20004e20        -       0x0000003c   Zero   RW         5648    .bss                fps_calculate.o
    0x20004e5c        -       0x00000040   Zero   RW         5685    .bss                dji_c_imu.o
    0x20004e9c   COMPRESSED   0x00000004   PAD
    0x20004ea0        -       0x00002000   Zero   RW          337    STACK               startup_stm32f427xx.o


==============================================================================

Image component sizes


      Code (inc. data)   RO Data    RW Data    ZI Data      Debug   Object Name

       284         26          0          0         32       3274   bsp_can.o
       492         42          0          4         80       2434   can.o
       142          0          0          0          0      22739   cmsis_os.o
        36          6        256          0          0       1224   crc.o
       764        100          0         16         64       3562   dji_c_imu.o
       136          6          0          0          0        902   dma.o
       652         20          0         94        104       5338   dr16_recive.o
         0          0          0          0          0      18708   event_groups.o
       110         16          0          0         60       2208   fps_calculate.o
      1894        346        254         36        596       7223   freertos.o
       784         26          0          0        144       3246   gm6020.o
       228         10          0          0          0       1115   gpio.o
       692         62          0         24      15360       7259   heap_4.o
       148          0          0          0          0       3538   list.o
       324          8          0          0          0        592   m2006.o
       504         14          0          0        528       3196   m3508.o
       294         22          0        168          0      14311   main.o
       534        114          0         12        116       3354   my_chassis_control.o
       760        112          0          0          0     775366   my_cloud_control.o
       706          6          0          0        368       4048   my_incrementpid_bate.o
       556         10          0          4        960       4362   my_positionpid_bate.o
       344         56          0          0          0       1027   my_shoot_control.o
      1014         92          0         12          0      11853   port.o
      1214         10          0          0          0      12786   queue.o
        84         18          0          0         16       1511   rng.o
        36          8        428          0       8192        780   startup_stm32f427xx.o
       136         24          0          9          0       8810   stm32f4xx_hal.o
      2092          6          0          0          0      13176   stm32f4xx_hal_can.o
       252         22          0          0          0      33522   stm32f4xx_hal_cortex.o
      1220         16          8          0          0       6047   stm32f4xx_hal_dma.o
       540         54          0          0          0       1744   stm32f4xx_hal_gpio.o
        72          4          0          0          0        926   stm32f4xx_hal_msp.o
      1868         94          0          0          0       6181   stm32f4xx_hal_rcc.o
        52          0          0          0          0       1143   stm32f4xx_hal_rng.o
      1010         46          0          0          0       7926   stm32f4xx_hal_tim.o
       184         30          0          0          0       2513   stm32f4xx_hal_tim_ex.o
       140         18          0          0         64       1515   stm32f4xx_hal_timebase_tim_1.o
      1814         12          0          0          0       7699   stm32f4xx_hal_uart.o
       432        110          0          0         72       9691   stm32f4xx_it.o
         0          0          0          0          0        392   stream_buffer.o
        28          4         24          4          0       1203   system_stm32f4xx.o
      3242        400          0         60        240      27976   tasks.o
       404         42          0          0        128       2941   tim.o
       868         86          0          0        576       3377   usart.o
        68          0          0          0          0       1062   user_uart.o
       724         40          0         95         72       5356   vision.o

    ----------------------------------------------------------------------
     27918       2138       1004        544      27776    1059156   Object Totals
         0          0         32          0          0          0   (incl. Generated)
        40          0          2          6          4          0   (incl. Padding)

    ----------------------------------------------------------------------

      Code (inc. data)   RO Data    RW Data    ZI Data      Debug   Library Member Name

        20          0          0          0          0        124   fabs.o
        86          0          0          0          0          0   __dczerorl2.o
         0          0          0          0          0          0   entry.o
         0          0          0          0          0          0   entry10a.o
         0          0          0          0          0          0   entry11a.o
         8          4          0          0          0          0   entry2.o
         4          0          0          0          0          0   entry5.o
         0          0          0          0          0          0   entry7b.o
         0          0          0          0          0          0   entry8b.o
         8          4          0          0          0          0   entry9a.o
        30          0          0          0          0          0   handlers.o
        36          8          0          0          0         68   init.o
         0          0          0          0          0          0   iusefp.o
        30          0          0          0          0         68   llshl.o
        36          0          0          0          0         68   llsshr.o
        32          0          0          0          0         68   llushr.o
        36          0          0          0          0         68   memcpya.o
        36          0          0          0          0        108   memseta.o
        98          0          0          0          0         92   uldiv.o
        48          0          0          0          0         68   cdcmple.o
        56          0          0          0          0         88   d2f.o
       334          0          0          0          0        148   dadd.o
       222          0          0          0          0        100   ddiv.o
       186          0          0          0          0        176   depilogue.o
        62          0          0          0          0         80   dfixi.o
        50          0          0          0          0         76   dfixui.o
        34          0          0          0          0         76   dflti.o
        26          0          0          0          0         76   dfltui.o
       228          0          0          0          0         96   dmul.o
        38          0          0          0          0         68   f2d.o
       110          0          0          0          0        168   fepilogue.o

    ----------------------------------------------------------------------
      1858         16          0          0          0       1884   Library Totals
         4          0          0          0          0          0   (incl. Padding)

    ----------------------------------------------------------------------

      Code (inc. data)   RO Data    RW Data    ZI Data      Debug   Library Name

        20          0          0          0          0        124   m_wm.l
       440         16          0          0          0        540   mc_w.l
      1394          0          0          0          0       1220   mf_w.l

    ----------------------------------------------------------------------
      1858         16          0          0          0       1884   Library Totals

    ----------------------------------------------------------------------

==============================================================================


      Code (inc. data)   RO Data    RW Data    ZI Data      Debug   

     29776       2154       1004        544      27776    1039992   Grand Totals
     29776       2154       1004        104      27776    1039992   ELF Image Totals (compressed)
     29776       2154       1004        104          0          0   ROM Totals

==============================================================================

    Total RO  Size (Code + RO Data)                30780 (  30.06kB)
    Total RW  Size (RW Data + ZI Data)             28320 (  27.66kB)
    Total ROM Size (Code + RO Data + RW Data)      30884 (  30.16kB)

==============================================================================

