Component: ARM Compiler 5.06 update 6 (build 750) Tool: armlink [4d35ed]

==============================================================================

Section Cross References

    my_cloud_control.o(i.PITCH_PID) refers to f2d.o(.text) for __aeabi_f2d
    my_cloud_control.o(i.PITCH_PID) refers to ddiv.o(.text) for __aeabi_ddiv
    my_cloud_control.o(i.PITCH_PID) refers to dadd.o(.text) for __aeabi_dsub
    my_cloud_control.o(i.PITCH_PID) refers to d2f.o(.text) for __aeabi_d2f
    my_cloud_control.o(i.PITCH_PID) refers to dji_c_imu.o(i.imu_angle) for imu_angle
    my_cloud_control.o(i.PITCH_PID) refers to my_positionpid_bate.o(i.P_PID_bate) for P_PID_bate
    my_cloud_control.o(i.PITCH_PID) refers to dr16_recive.o(.data) for DR16
    my_cloud_control.o(i.PITCH_PID) refers to fps_calculate.o(.bss) for FPS_ALL
    my_cloud_control.o(i.PITCH_PID) refers to vision.o(.bss) for VisionData
    my_cloud_control.o(i.PITCH_PID) refers to main.o(.data) for Vision_RawData_Pitch_Angle
    my_cloud_control.o(i.PITCH_PID) refers to dji_c_imu.o(.bss) for DJIC_IMU
    my_cloud_control.o(i.PITCH_PID) refers to my_positionpid_bate.o(.bss) for PITCH_IMU_Angle_pid
    my_cloud_control.o(i.YAW_PID) refers to my_positionpid_bate.o(i.P_PID_bate) for P_PID_bate
    my_cloud_control.o(i.YAW_PID) refers to dr16_recive.o(.data) for DR16
    my_cloud_control.o(i.YAW_PID) refers to dji_c_imu.o(.bss) for DJIC_IMU
    my_cloud_control.o(i.YAW_PID) refers to main.o(.data) for yaw_trage_angle
    my_cloud_control.o(i.YAW_PID) refers to my_positionpid_bate.o(.bss) for Yaw_IMU_Angle_pid
    my_cloud_control.o(i.YAW_PID) refers to fps_calculate.o(.bss) for FPS_ALL
    my_cloud_control.o(i.YAW_PID) refers to vision.o(.bss) for VisionData
    my_cloud_control.o(i.cloud_control) refers to dflti.o(.text) for __aeabi_i2d
    my_cloud_control.o(i.cloud_control) refers to ddiv.o(.text) for __aeabi_ddiv
    my_cloud_control.o(i.cloud_control) refers to f2d.o(.text) for __aeabi_f2d
    my_cloud_control.o(i.cloud_control) refers to dadd.o(.text) for __aeabi_dadd
    my_cloud_control.o(i.cloud_control) refers to d2f.o(.text) for __aeabi_d2f
    my_cloud_control.o(i.cloud_control) refers to dmul.o(.text) for __aeabi_dmul
    my_cloud_control.o(i.cloud_control) refers to my_cloud_control.o(i.YAW_PID) for YAW_PID
    my_cloud_control.o(i.cloud_control) refers to my_cloud_control.o(i.PITCH_PID) for PITCH_PID
    my_cloud_control.o(i.cloud_control) refers to dr16_recive.o(.data) for DR16
    my_cloud_control.o(i.cloud_control) refers to main.o(.data) for yaw_trage_angle
    my_chassis_control.o(i.CHASSIS_CONTROUL) refers to dflti.o(.text) for __aeabi_i2d
    my_chassis_control.o(i.CHASSIS_CONTROUL) refers to dmul.o(.text) for __aeabi_dmul
    my_chassis_control.o(i.CHASSIS_CONTROUL) refers to ddiv.o(.text) for __aeabi_ddiv
    my_chassis_control.o(i.CHASSIS_CONTROUL) refers to dfixi.o(.text) for __aeabi_d2iz
    my_chassis_control.o(i.CHASSIS_CONTROUL) refers to my_positionpid_bate.o(i.P_PID_bate) for P_PID_bate
    my_chassis_control.o(i.CHASSIS_CONTROUL) refers to dr16_recive.o(.data) for DR16
    my_chassis_control.o(i.CHASSIS_CONTROUL) refers to main.o(.data) for CHASSIS_MAX_SPEED
    my_chassis_control.o(i.CHASSIS_CONTROUL) refers to m3508.o(.bss) for M3508s
    my_chassis_control.o(i.CHASSIS_CONTROUL) refers to my_positionpid_bate.o(.bss) for CHASSIS_MOTOR_SPEED_pid
    my_chassis_control.o(i.CHASSIS_CONTROUL) refers to my_chassis_control.o(.bss) for Chassis_Encoder
    my_chassis_control.o(i.Cruise_CHASSIS) refers to my_positionpid_bate.o(i.P_PID_bate) for P_PID_bate
    my_chassis_control.o(i.Cruise_CHASSIS) refers to f2d.o(.text) for __aeabi_f2d
    my_chassis_control.o(i.Cruise_CHASSIS) refers to dmul.o(.text) for __aeabi_dmul
    my_chassis_control.o(i.Cruise_CHASSIS) refers to dfixi.o(.text) for __aeabi_d2iz
    my_chassis_control.o(i.Cruise_CHASSIS) refers to main.o(.data) for HWswitch_R
    my_chassis_control.o(i.Cruise_CHASSIS) refers to m3508.o(.bss) for M3508s
    my_chassis_control.o(i.Cruise_CHASSIS) refers to my_positionpid_bate.o(.bss) for CHASSIS_MOTOR_ANGLE_pid
    my_chassis_control.o(i.Get_RandomNumbers_Range) refers to stm32f4xx_hal_rng.o(i.HAL_RNG_GetRandomNumber) for HAL_RNG_GetRandomNumber
    my_chassis_control.o(i.Get_RandomNumbers_Range) refers to rng.o(.bss) for hrng
    my_chassis_control.o(i.Random_CHASSIS) refers to my_chassis_control.o(i.Get_RandomNumbers_Range) for Get_RandomNumbers_Range
    my_chassis_control.o(i.Random_CHASSIS) refers to main.o(.data) for CHASSIS_trage_speed
    my_chassis_control.o(i.Random_CHASSIS) refers to my_chassis_control.o(.data) for RANDOM_CHASSIS
    my_chassis_control.o(i.Random_CHASSIS) refers to m3508.o(.bss) for M3508s
    my_chassis_control.o(i.switch_change) refers to main.o(.data) for HWswitch_L
    my_chassis_control.o(i.switch_change) refers to m3508.o(.bss) for M3508s
    my_chassis_control.o(i.switch_change) refers to my_chassis_control.o(.bss) for Chassis_Encoder
[...]
    OTG_HS_EP1_IN_IRQHandler                 0x0800029b   Thumb Code     0  startup_stm32f427xx.o(.text)
    OTG_HS_EP1_OUT_IRQHandler                0x0800029b   Thumb Code     0  startup_stm32f427xx.o(.text)
    OTG_HS_IRQHandler                        0x0800029b   Thumb Code     0  startup_stm32f427xx.o(.text)
    OTG_HS_WKUP_IRQHandler                   0x0800029b   Thumb Code     0  startup_stm32f427xx.o(.text)
    PVD_IRQHandler                           0x0800029b   Thumb Code     0  startup_stm32f427xx.o(.text)
    RCC_IRQHandler                           0x0800029b   Thumb Code     0  startup_stm32f427xx.o(.text)
    RTC_Alarm_IRQHandler                     0x0800029b   Thumb Code     0  startup_stm32f427xx.o(.text)
    RTC_WKUP_IRQHandler                      0x0800029b   Thumb Code     0  startup_stm32f427xx.o(.text)
    SAI1_IRQHandler                          0x0800029b   Thumb Code     0  startup_stm32f427xx.o(.text)
    SDIO_IRQHandler                          0x0800029b   Thumb Code     0  startup_stm32f427xx.o(.text)
    SPI1_IRQHandler                          0x0800029b   Thumb Code     0  startup_stm32f427xx.o(.text)
    SPI2_IRQHandler                          0x0800029b   Thumb Code     0  startup_stm32f427xx.o(.text)
    SPI3_IRQHandler                          0x0800029b   Thumb Code     0  startup_stm32f427xx.o(.text)
    SPI4_IRQHandler                          0x0800029b   Thumb Code     0  startup_stm32f427xx.o(.text)
    SPI5_IRQHandler                          0x0800029b   Thumb Code     0  startup_stm32f427xx.o(.text)
    SPI6_IRQHandler                          0x0800029b   Thumb Code     0  startup_stm32f427xx.o(.text)
    TAMP_STAMP_IRQHandler                    0x0800029b   Thumb Code     0  startup_stm32f427xx.o(.text)
    TIM1_BRK_TIM9_IRQHandler                 0x0800029b   Thumb Code     0  startup_stm32f427xx.o(.text)
    TIM1_CC_IRQHandler                       0x0800029b   Thumb Code     0  startup_stm32f427xx.o(.text)
    TIM1_TRG_COM_TIM11_IRQHandler            0x0800029b   Thumb Code     0  startup_stm32f427xx.o(.text)
    TIM1_UP_TIM10_IRQHandler                 0x0800029b   Thumb Code     0  startup_stm32f427xx.o(.text)
    TIM2_IRQHandler                          0x0800029b   Thumb Code     0  startup_stm32f427xx.o(.text)
    TIM4_IRQHandler                          0x0800029b   Thumb Code     0  startup_stm32f427xx.o(.text)
    TIM5_IRQHandler                          0x0800029b   Thumb Code     0  startup_stm32f427xx.o(.text)
    TIM8_BRK_TIM12_IRQHandler                0x0800029b   Thumb Code     0  startup_stm32f427xx.o(.text)
    TIM8_CC_IRQHandler                       0x0800029b   Thumb Code     0  startup_stm32f427xx.o(.text)
    TIM8_TRG_COM_TIM14_IRQHandler            0x0800029b   Thumb Code     0  startup_stm32f427xx.o(.text)
    TIM8_UP_TIM13_IRQHandler                 0x0800029b   Thumb Code     0  startup_stm32f427xx.o(.text)
    UART4_IRQHandler                         0x0800029b   Thumb Code     0  startup_stm32f427xx.o(.text)
    UART5_IRQHandler                         0x0800029b   Thumb Code     0  startup_stm32f427xx.o(.text)
    UART7_IRQHandler                         0x0800029b   Thumb Code     0  startup_stm32f427xx.o(.text)
    USART2_IRQHandler                        0x0800029b   Thumb Code     0  startup_stm32f427xx.o(.text)
    WWDG_IRQHandler                          0x0800029b   Thumb Code     0  startup_stm32f427xx.o(.text)
    __aeabi_uldivmod                         0x080002a5   Thumb Code    98  uldiv.o(.text)
    __aeabi_memcpy                           0x08000307   Thumb Code    36  memcpya.o(.text)
    __aeabi_memcpy4                          0x08000307   Thumb Code     0  memcpya.o(.text)
    __aeabi_memcpy8                          0x08000307   Thumb Code     0  memcpya.o(.text)
    __aeabi_memset                           0x0800032b   Thumb Code    14  memseta.o(.text)
    __aeabi_memset4                          0x0800032b   Thumb Code     0  memseta.o(.text)
    __aeabi_memset8                          0x0800032b   Thumb Code     0  memseta.o(.text)
    __aeabi_memclr                           0x08000339   Thumb Code     4  memseta.o(.text)
    __aeabi_memclr4                          0x08000339   Thumb Code     0  memseta.o(.text)
    __aeabi_memclr8                          0x08000339   Thumb Code     0  memseta.o(.text)
    memset                                   0x0800033d   Thumb Code    18  memseta.o(.text)
    __aeabi_dadd                             0x0800034f   Thumb Code   322  dadd.o(.text)
    __aeabi_dsub                             0x08000491   Thumb Code     6  dadd.o(.text)
    __aeabi_drsub                            0x08000497   Thumb Code     6  dadd.o(.text)
    __aeabi_dmul                             0x0800049d   Thumb Code   228  dmul.o(.text)
    __aeabi_ddiv                             0x08000581   Thumb Code   222  ddiv.o(.text)
    __aeabi_i2d                              0x0800065f   Thumb Code    34  dflti.o(.text)
    __aeabi_ui2d                             0x08000681   Thumb Code    26  dfltui.o(.text)
    __aeabi_d2iz                             0x0800069b   Thumb Code    62  dfixi.o(.text)
    __aeabi_d2uiz                            0x080006d9   Thumb Code    50  dfixui.o(.text)
    __aeabi_f2d                              0x0800070b   Thumb Code    38  f2d.o(.text)
    __aeabi_cdcmpeq                          0x08000731   Thumb Code     0  cdcmple.o(.text)
    __aeabi_cdcmple                          0x08000731   Thumb Code    48  cdcmple.o(.text)
    __aeabi_d2f                              0x08000761   Thumb Code    56  d2f.o(.text)
    __aeabi_llsl                             0x08000799   Thumb Code    30  llshl.o(.text)
    _ll_shift_l                              0x08000799   Thumb Code     0  llshl.o(.text)
    __aeabi_llsr                             0x080007b7   Thumb Code    32  llushr.o(.text)
    _ll_ushift_r                             0x080007b7   Thumb Code     0  llushr.o(.text)
    __aeabi_lasr                             0x080007d7   Thumb Code    36  llsshr.o(.text)
    _ll_sshift_r                             0x080007d7   Thumb Code     0  llsshr.o(.text)
    __I$use$fp                               0x080007fb   Thumb Code     0  iusefp.o(.text)
    _float_round                             0x080007fb   Thumb Code    18  fepilogue.o(.text)
    _float_epilogue                          0x0800080d   Thumb Code    92  fepilogue.o(.text)
    _double_round                            0x08000869   Thumb Code    30  depilogue.o(.text)
    _double_epilogue                         0x08000887   Thumb Code   156  depilogue.o(.text)
    __scatterload                            0x08000925   Thumb Code    28  init.o(.text)
    __scatterload_rt2                        0x08000925   Thumb Code     0  init.o(.text)
    __decompress                             0x08000949   Thumb Code     0  __dczerorl2.o(.text)
    __decompress1                            0x08000949   Thumb Code    86  __dczerorl2.o(.text)
    BusFault_Handler                         0x0800099f   Thumb Code     4  stm32f4xx_it.o(i.BusFault_Handler)
    CAN1_Config                              0x080009a5   Thumb Code    30  bsp_can.o(i.CAN1_Config)
    CAN1_Filter0_Init                        0x080009c9   Thumb Code    44  bsp_can.o(i.CAN1_Filter0_Init)
    CAN1_RX0_IRQHandler                      0x080009f9   Thumb Code    20  stm32f4xx_it.o(i.CAN1_RX0_IRQHandler)
    CAN1_recive                              0x08000a15   Thumb Code   212  freertos.o(i.CAN1_recive)
    CAN2_Config                              0x08000af1   Thumb Code    36  bsp_can.o(i.CAN2_Config)
    CAN2_Filter0_Init                        0x08000b19   Thumb Code    50  bsp_can.o(i.CAN2_Filter0_Init)
    CAN2_RX0_IRQHandler                      0x08000b51   Thumb Code    20  stm32f4xx_it.o(i.CAN2_RX0_IRQHandler)
    CAN_SendData                             0x08000b6d   Thumb Code    98  bsp_can.o(i.CAN_SendData)
    CHASSIS_CONTROUL                         0x08000bd5   Thumb Code   204  my_chassis_control.o(i.CHASSIS_CONTROUL)
    Can2_Reive                               0x08000cdd   Thumb Code   114  freertos.o(i.Can2_Reive)
    Checksum_CRC8                            0x08000d55   Thumb Code    30  crc.o(i.Checksum_CRC8)
    DJI_C_DR16_getInfo                       0x08000d79   Thumb Code    24  dji_c_imu.o(i.DJI_C_DR16_getInfo)
    DJI_C_Euler_getInfo                      0x08000d95   Thumb Code    66  dji_c_imu.o(i.DJI_C_Euler_getInfo)
    DJI_C_Gyro_getInfo                       0x08000de5   Thumb Code    66  dji_c_imu.o(i.DJI_C_Gyro_getInfo)
    DMA1_Stream1_IRQHandler                  0x08000e35   Thumb Code    10  stm32f4xx_it.o(i.DMA1_Stream1_IRQHandler)
    DMA1_Stream6_IRQHandler                  0x08000e45   Thumb Code    10  stm32f4xx_it.o(i.DMA1_Stream6_IRQHandler)
    DMA2_Stream1_IRQHandler                  0x08000e55   Thumb Code    10  stm32f4xx_it.o(i.DMA2_Stream1_IRQHandler)
    DMA2_Stream2_IRQHandler                  0x08000e65   Thumb Code    10  stm32f4xx_it.o(i.DMA2_Stream2_IRQHandler)
    DMA2_Stream6_IRQHandler                  0x08000e75   Thumb Code    10  stm32f4xx_it.o(i.DMA2_Stream6_IRQHandler)
    DR16_Process                             0x08000f91   Thumb Code   384  dr16_recive.o(i.DR16_Process)
    DR_16hander                              0x08001115   Thumb Code   108  dr16_recive.o(i.DR_16hander)
    DeBug                                    0x08001189   Thumb Code    54  freertos.o(i.DeBug)
    DebugMon_Handler                         0x080011cd   Thumb Code     2  stm32f4xx_it.o(i.DebugMon_Handler)
    Error_Handler                            0x080011cf   Thumb Code     2  main.o(i.Error_Handler)
    GM6020_Pitch_getInfo                     0x08001221   Thumb Code   340  gm6020.o(i.GM6020_Pitch_getInfo)
    GM6020_SetVoltage                        0x0800137d   Thumb Code    78  gm6020.o(i.GM6020_SetVoltage)
    GM6020_Yaw_getInfo                       0x080013d1   Thumb Code   340  gm6020.o(i.GM6020_Yaw_getInfo)
    Get_CRC16_Check_Sum                      0x08001531   Thumb Code    46  rm_judgesystem.o(i.Get_CRC16_Check_Sum)
    Get_Encoder_Value                        0x08001565   Thumb Code    70  my_chassis_control.o(i.Get_Encoder_Value)
    Get_FPS                                  0x080015ab   Thumb Code    30  fps_calculate.o(i.Get_FPS)
    HAL_CAN_AddTxMessage                     0x080015c9   Thumb Code   342  stm32f4xx_hal_can.o(i.HAL_CAN_AddTxMessage)
    HAL_CAN_ConfigFilter                     0x08001721   Thumb Code   286  stm32f4xx_hal_can.o(i.HAL_CAN_ConfigFilter)
    HAL_CAN_ErrorCallback                    0x08001845   Thumb Code     2  stm32f4xx_hal_can.o(i.HAL_CAN_ErrorCallback)
    HAL_CAN_GetRxMessage                     0x08001847   Thumb Code   378  stm32f4xx_hal_can.o(i.HAL_CAN_GetRxMessage)
    HAL_CAN_IRQHandler                       0x080019c1   Thumb Code   590  stm32f4xx_hal_can.o(i.HAL_CAN_IRQHandler)
    HAL_CAN_Init                             0x08001c0f   Thumb Code   372  stm32f4xx_hal_can.o(i.HAL_CAN_Init)
    HAL_CAN_MspInit                          0x08001d85   Thumb Code   330  can.o(i.HAL_CAN_MspInit)
    HAL_CAN_RxFifo0FullCallback              0x08001ee9   Thumb Code     2  stm32f4xx_hal_can.o(i.HAL_CAN_RxFifo0FullCallback)
    HAL_CAN_RxFifo0MsgPendingCallback        0x08001eed   Thumb Code   126  stm32f4xx_it.o(i.HAL_CAN_RxFifo0MsgPendingCallback)
    HAL_CAN_RxFifo1FullCallback              0x08001f89   Thumb Code     2  stm32f4xx_hal_can.o(i.HAL_CAN_RxFifo1FullCallback)
    HAL_CAN_RxFifo1MsgPendingCallback        0x08001f8b   Thumb Code     2  stm32f4xx_hal_can.o(i.HAL_CAN_RxFifo1MsgPendingCallback)
    HAL_CAN_SleepCallback                    0x08001f8d   Thumb Code     2  stm32f4xx_hal_can.o(i.HAL_CAN_SleepCallback)
    HAL_CAN_Start                            0x08001f8f   Thumb Code    94  stm32f4xx_hal_can.o(i.HAL_CAN_Start)
    HAL_CAN_TxMailbox0AbortCallback          0x08001fed   Thumb Code     2  stm32f4xx_hal_can.o(i.HAL_CAN_TxMailbox0AbortCallback)
    HAL_CAN_TxMailbox0CompleteCallback       0x08001fef   Thumb Code     2  stm32f4xx_hal_can.o(i.HAL_CAN_TxMailbox0CompleteCallback)
    HAL_CAN_TxMailbox1AbortCallback          0x08001ff1   Thumb Code     2  stm32f4xx_hal_can.o(i.HAL_CAN_TxMailbox1AbortCallback)
    HAL_CAN_TxMailbox1CompleteCallback       0x08001ff3   Thumb Code     2  stm32f4xx_hal_can.o(i.HAL_CAN_TxMailbox1CompleteCallback)
    HAL_CAN_TxMailbox2AbortCallback          0x08001ff5   Thumb Code     2  stm32f4xx_hal_can.o(i.HAL_CAN_TxMailbox2AbortCallback)
    HAL_CAN_TxMailbox2CompleteCallback       0x08001ff7   Thumb Code     2  stm32f4xx_hal_can.o(i.HAL_CAN_TxMailbox2CompleteCallback)
    HAL_CAN_WakeUpFromRxMsgCallback          0x08001ff9   Thumb Code     2  stm32f4xx_hal_can.o(i.HAL_CAN_WakeUpFromRxMsgCallback)
    HAL_DMA_Abort_IT                         0x08001ffb   Thumb Code    40  stm32f4xx_hal_dma.o(i.HAL_DMA_Abort_IT)
    HAL_DMA_IRQHandler                       0x08002025   Thumb Code   570  stm32f4xx_hal_dma.o(i.HAL_DMA_IRQHandler)
    HAL_DMA_Init                             0x08002265   Thumb Code   232  stm32f4xx_hal_dma.o(i.HAL_DMA_Init)
    HAL_DMA_Start                            0x08002351   Thumb Code   102  stm32f4xx_hal_dma.o(i.HAL_DMA_Start)
    HAL_Delay                                0x080023b9   Thumb Code    36  stm32f4xx_hal.o(i.HAL_Delay)
    HAL_GPIO_Init                            0x080023e1   Thumb Code   486  stm32f4xx_hal_gpio.o(i.HAL_GPIO_Init)
    HAL_GetTick                              0x080025fd   Thumb Code     6  stm32f4xx_hal.o(i.HAL_GetTick)
    HAL_IncTick                              0x08002609   Thumb Code    16  stm32f4xx_hal.o(i.HAL_IncTick)
    HAL_Init                                 0x08002621   Thumb Code    54  stm32f4xx_hal.o(i.HAL_Init)
    HAL_InitTick                             0x0800265d   Thumb Code   122  stm32f4xx_hal_timebase_tim_1.o(i.HAL_InitTick)
    HAL_MspInit                              0x080026e9   Thumb Code    68  stm32f4xx_hal_msp.o(i.HAL_MspInit)
    HAL_NVIC_EnableIRQ                       0x08002731   Thumb Code    32  stm32f4xx_hal_cortex.o(i.HAL_NVIC_EnableIRQ)
    HAL_NVIC_SetPriority                     0x08002751   Thumb Code   124  stm32f4xx_hal_cortex.o(i.HAL_NVIC_SetPriority)
    HAL_NVIC_SetPriorityGrouping             0x080027cd   Thumb Code    32  stm32f4xx_hal_cortex.o(i.HAL_NVIC_SetPriorityGrouping)
    HAL_RCC_ClockConfig                      0x080027f5   Thumb Code   368  stm32f4xx_hal_rcc.o(i.HAL_RCC_ClockConfig)
    HAL_RCC_GetClockConfig                   0x08002979   Thumb Code    58  stm32f4xx_hal_rcc.o(i.HAL_RCC_GetClockConfig)
    HAL_RCC_GetHCLKFreq                      0x080029bd   Thumb Code     6  stm32f4xx_hal_rcc.o(i.HAL_RCC_GetHCLKFreq)
    HAL_RCC_GetPCLK1Freq                     0x080029c9   Thumb Code    22  stm32f4xx_hal_rcc.o(i.HAL_RCC_GetPCLK1Freq)
    HAL_RCC_GetPCLK2Freq                     0x080029e9   Thumb Code    22  stm32f4xx_hal_rcc.o(i.HAL_RCC_GetPCLK2Freq)
    HAL_RCC_GetSysClockFreq                  0x08002a09   Thumb Code   162  stm32f4xx_hal_rcc.o(i.HAL_RCC_GetSysClockFreq)
    HAL_RCC_OscConfig                        0x08002ab9   Thumb Code  1152  stm32f4xx_hal_rcc.o(i.HAL_RCC_OscConfig)
    HAL_RNG_Init                             0x08002f41   Thumb Code    52  stm32f4xx_hal_rng.o(i.HAL_RNG_Init)
    HAL_RNG_MspInit                          0x08002f75   Thumb Code    44  rng.o(i.HAL_RNG_MspInit)
    HAL_TIMEx_BreakCallback                  0x08002fa9   Thumb Code     2  stm32f4xx_hal_tim_ex.o(i.HAL_TIMEx_BreakCallback)
    HAL_TIMEx_CommutCallback                 0x08002fab   Thumb Code     2  stm32f4xx_hal_tim_ex.o(i.HAL_TIMEx_CommutCallback)
    HAL_TIMEx_MasterConfigSynchronization    0x08002fad   Thumb Code   150  stm32f4xx_hal_tim_ex.o(i.HAL_TIMEx_MasterConfigSynchronization)
    HAL_TIM_Base_Init                        0x08003061   Thumb Code    52  stm32f4xx_hal_tim.o(i.HAL_TIM_Base_Init)
    HAL_TIM_Base_MspInit                     0x08003095   Thumb Code   120  tim.o(i.HAL_TIM_Base_MspInit)
    HAL_TIM_Base_Start_IT                    0x08003119   Thumb Code    42  stm32f4xx_hal_tim.o(i.HAL_TIM_Base_Start_IT)
    HAL_TIM_ConfigClockSource                0x08003143   Thumb Code   264  stm32f4xx_hal_tim.o(i.HAL_TIM_ConfigClockSource)
    HAL_TIM_Encoder_Init                     0x0800324b   Thumb Code   174  stm32f4xx_hal_tim.o(i.HAL_TIM_Encoder_Init)
    HAL_TIM_Encoder_MspInit                  0x080032f9   Thumb Code   120  tim.o(i.HAL_TIM_Encoder_MspInit)
    HAL_TIM_Encoder_Start                    0x0800337d   Thumb Code    78  stm32f4xx_hal_tim.o(i.HAL_TIM_Encoder_Start)
    HAL_TIM_IC_CaptureCallback               0x080033cb   Thumb Code     2  stm32f4xx_hal_tim.o(i.HAL_TIM_IC_CaptureCallback)
    HAL_TIM_IRQHandler                       0x080033cd   Thumb Code   406  stm32f4xx_hal_tim.o(i.HAL_TIM_IRQHandler)
    HAL_TIM_OC_DelayElapsedCallback          0x08003563   Thumb Code     2  stm32f4xx_hal_tim.o(i.HAL_TIM_OC_DelayElapsedCallback)
    HAL_TIM_PWM_PulseFinishedCallback        0x08003565   Thumb Code     2  stm32f4xx_hal_tim.o(i.HAL_TIM_PWM_PulseFinishedCallback)
    HAL_TIM_PeriodElapsedCallback            0x08003569   Thumb Code    18  main.o(i.HAL_TIM_PeriodElapsedCallback)
    HAL_TIM_TriggerCallback                  0x08003581   Thumb Code     2  stm32f4xx_hal_tim.o(i.HAL_TIM_TriggerCallback)
    HAL_UART_ErrorCallback                   0x08003583   Thumb Code     2  stm32f4xx_hal_uart.o(i.HAL_UART_ErrorCallback)
    HAL_UART_IRQHandler                      0x08003585   Thumb Code   336  stm32f4xx_hal_uart.o(i.HAL_UART_IRQHandler)
    HAL_UART_Init                            0x080036d9   Thumb Code   114  stm32f4xx_hal_uart.o(i.HAL_UART_Init)
    HAL_UART_MspInit                         0x0800374d   Thumb Code   836  usart.o(i.HAL_UART_MspInit)
    HAL_UART_RxCpltCallback                  0x08003ad1   Thumb Code     2  stm32f4xx_hal_uart.o(i.HAL_UART_RxCpltCallback)
    HAL_UART_TxCpltCallback                  0x08003ad3   Thumb Code     2  stm32f4xx_hal_uart.o(i.HAL_UART_TxCpltCallback)
    HardFault_Handler                        0x08003ad5   Thumb Code     4  stm32f4xx_it.o(i.HardFault_Handler)
    I_PID_Parameter_Init                     0x08003b2d   Thumb Code   150  my_incrementpid_bate.o(i.I_PID_Parameter_Init)
    I_PID_Regulation                         0x08003bc9   Thumb Code   466  my_incrementpid_bate.o(i.I_PID_Regulation)
    JudgeSystem_Handler                      0x08003d9d   Thumb Code   116  rm_judgesystem.o(i.JudgeSystem_Handler)
    Judge_GetMessage                         0x08003e15   Thumb Code  1108  rm_judgesystem.o(i.Judge_GetMessage)
    M2006_getInfo                            0x08004269   Thumb Code   316  m2006.o(i.M2006_getInfo)
    M3508_getInfo                            0x080043ad   Thumb Code   296  m3508.o(i.M3508_getInfo)
    M3508s1_getInfo                          0x080044d9   Thumb Code   116  m3508.o(i.M3508s1_getInfo)
    M3508s1_setCurrent                       0x08004551   Thumb Code    78  m3508.o(i.M3508s1_setCurrent)
    MX_CAN1_Init                             0x080045a5   Thumb Code    60  can.o(i.MX_CAN1_Init)
    MX_CAN2_Init                             0x080045e9   Thumb Code    60  can.o(i.MX_CAN2_Init)
    MX_DMA_Init                              0x0800462d   Thumb Code   146  dma.o(i.MX_DMA_Init)
    MX_FREERTOS_Init                         0x080046c5   Thumb Code   154  freertos.o(i.MX_FREERTOS_Init)
    MX_GPIO_Init                             0x08004781   Thumb Code   218  gpio.o(i.MX_GPIO_Init)
    MX_RNG_Init                              0x08004865   Thumb Code    22  rng.o(i.MX_RNG_Init)
    MX_TIM3_Init                             0x08004885   Thumb Code   100  tim.o(i.MX_TIM3_Init)
    MX_TIM5_Init                             0x080048f1   Thumb Code   114  tim.o(i.MX_TIM5_Init)
    MX_TIM7_Init                             0x0800496d   Thumb Code    66  tim.o(i.MX_TIM7_Init)
    MX_UART8_Init                            0x080049b9   Thumb Code    46  usart.o(i.MX_UART8_Init)
    MX_USART1_UART_Init                      0x080049f1   Thumb Code    44  usart.o(i.MX_USART1_UART_Init)
    MX_USART3_UART_Init                      0x08004a29   Thumb Code    46  usart.o(i.MX_USART3_UART_Init)
    MX_USART6_UART_Init                      0x08004a61   Thumb Code    46  usart.o(i.MX_USART6_UART_Init)
    MemManage_Handler                        0x08004a99   Thumb Code     4  stm32f4xx_it.o(i.MemManage_Handler)
    NMI_Handler                              0x08004a9d   Thumb Code     2  stm32f4xx_it.o(i.NMI_Handler)
    PITCH_PID                                0x08004aa1   Thumb Code   494  my_cloud_control.o(i.PITCH_PID)
    P_PID_Parameter_Init                     0x08004ced   Thumb Code   130  my_positionpid_bate.o(i.P_PID_Parameter_Init)
    P_PID_bate                               0x08004d75   Thumb Code   380  my_positionpid_bate.o(i.P_PID_bate)
    Robot_Control                            0x08004ef5   Thumb Code   244  freertos.o(i.Robot_Control)
    StartDefaultTask                         0x08005025   Thumb Code    10  freertos.o(i.StartDefaultTask)
    SysTick_Handler                          0x08005031   Thumb Code    46  port.o(i.SysTick_Handler)
    SystemClock_Config                       0x08005065   Thumb Code   170  main.o(i.SystemClock_Config)
    SystemInit                               0x08005119   Thumb Code    24  system_stm32f4xx.o(i.SystemInit)
    TIM3_IRQHandler                          0x08005135   Thumb Code    38  stm32f4xx_it.o(i.TIM3_IRQHandler)
    TIM6_DAC_IRQHandler                      0x08005169   Thumb Code    10  stm32f4xx_it.o(i.TIM6_DAC_IRQHandler)
    TIM7_IRQHandler                          0x08005179   Thumb Code    44  stm32f4xx_it.o(i.TIM7_IRQHandler)
    TIM_Base_SetConfig                       0x080051b5   Thumb Code   170  stm32f4xx_hal_tim.o(i.TIM_Base_SetConfig)
    TIM_CCxChannelCmd                        0x0800528d   Thumb Code    34  stm32f4xx_hal_tim.o(i.TIM_CCxChannelCmd)
    TIM_ETR_SetConfig                        0x080052af   Thumb Code    22  stm32f4xx_hal_tim.o(i.TIM_ETR_SetConfig)
    UART8_IRQHandler                         0x08005325   Thumb Code    26  stm32f4xx_it.o(i.UART8_IRQHandler)
    USART1_IRQHandler                        0x08005895   Thumb Code    16  stm32f4xx_it.o(i.USART1_IRQHandler)
    USART3_IRQHandler                        0x080058a9   Thumb Code    16  stm32f4xx_it.o(i.USART3_IRQHandler)
    USART6_IRQHandler                        0x080058bd   Thumb Code    10  stm32f4xx_it.o(i.USART6_IRQHandler)
    USART_RX_DMA_ENABLE                      0x080058cd   Thumb Code    68  user_uart.o(i.USART_RX_DMA_ENABLE)
    Updata_Hand_Euler_Gyro_Data              0x08005955   Thumb Code   320  dji_c_imu.o(i.Updata_Hand_Euler_Gyro_Data)
    Update_Vision_SendData                   0x08005ab5   Thumb Code   210  vision.o(i.Update_Vision_SendData)
    UsageFault_Handler                       0x08005b91   Thumb Code     4  stm32f4xx_it.o(i.UsageFault_Handler)
    Verify_CRC16_Check_Sum                   0x08005b95   Thumb Code    60  rm_judgesystem.o(i.Verify_CRC16_Check_Sum)
    Vision_DataReceive                       0x08005bd5   Thumb Code   286  vision.o(i.Vision_DataReceive)
    Vision_Handler                           0x08005d3d   Thumb Code   106  vision.o(i.Vision_Handler)
    Vision_ID_Type_Init                      0x08005dad   Thumb Code    12  vision.o(i.Vision_ID_Type_Init)
    YAW_PID                                  0x08005de5   Thumb Code   272  my_cloud_control.o(i.YAW_PID)
    __hardfp_fabs                            0x08005f5d   Thumb Code    20  fabs.o(i.__hardfp_fabs)
    __scatterload_copy                       0x08005f71   Thumb Code    14  handlers.o(i.__scatterload_copy)
    __scatterload_null                       0x08005f7f   Thumb Code     2  handlers.o(i.__scatterload_null)
    __scatterload_zeroinit                   0x08005f81   Thumb Code    14  handlers.o(i.__scatterload_zeroinit)
    cloud_control                            0x08005f91   Thumb Code   184  my_cloud_control.o(i.cloud_control)
    driver_plate_control                     0x0800606d   Thumb Code    82  my_shoot_control.o(i.driver_plate_control)
    imu_angle                                0x080060d5   Thumb Code   212  dji_c_imu.o(i.imu_angle)
    init_task                                0x080061d1   Thumb Code   862  freertos.o(i.init_task)
    main                                     0x08006635   Thumb Code    96  main.o(i.main)
    osDelay                                  0x080066ab   Thumb Code    24  cmsis_os.o(i.osDelay)
    osKernelStart                            0x080066c3   Thumb Code    10  cmsis_os.o(i.osKernelStart)
    osThreadCreate                           0x080066cd   Thumb Code    94  cmsis_os.o(i.osThreadCreate)
    pvPortMalloc                             0x08006d19   Thumb Code   296  heap_4.o(i.pvPortMalloc)
    pxPortInitialiseStack                    0x08006e55   Thumb Code    38  port.o(i.pxPortInitialiseStack)
    shoot_control                            0x08006e81   Thumb Code   206  my_shoot_control.o(i.shoot_control)
    switch_change                            0x08006f71   Thumb Code   146  my_chassis_control.o(i.switch_change)
    usart1_dr16_init                         0x08007039   Thumb Code    72  dr16_recive.o(i.usart1_dr16_init)
    uxListRemove                             0x08007089   Thumb Code    40  list.o(i.uxListRemove)
    vApplicationGetIdleTaskMemory            0x080070b1   Thumb Code    14  freertos.o(i.vApplicationGetIdleTaskMemory)
    vListInitialise                          0x080070c9   Thumb Code    26  list.o(i.vListInitialise)
    vListInitialiseItem                      0x080070e3   Thumb Code     6  list.o(i.vListInitialiseItem)
    vListInsert                              0x080070e9   Thumb Code    52  list.o(i.vListInsert)
    vListInsertEnd                           0x0800711d   Thumb Code    24  list.o(i.vListInsertEnd)
    vPortEnterCritical                       0x08007135   Thumb Code    76  port.o(i.vPortEnterCritical)
    vPortExitCritical                        0x08007189   Thumb Code    56  port.o(i.vPortExitCritical)
    vPortFree                                0x080071c5   Thumb Code   140  heap_4.o(i.vPortFree)
    vPortSetupTimerInterrupt                 0x08007259   Thumb Code    36  port.o(i.vPortSetupTimerInterrupt)
    vPortValidateInterruptPriority           0x08007281   Thumb Code   106  port.o(i.vPortValidateInterruptPriority)
    vTaskDelay                               0x080072f9   Thumb Code    82  tasks.o(i.vTaskDelay)
    vTaskDelayUntil                          0x08007355   Thumb Code   200  tasks.o(i.vTaskDelayUntil)
    vTaskDelete                              0x08007429   Thumb Code   202  tasks.o(i.vTaskDelete)
    vTaskInternalSetTimeOutState             0x0800751d   Thumb Code    14  tasks.o(i.vTaskInternalSetTimeOutState)
    vTaskMissedYield                         0x08007535   Thumb Code     8  tasks.o(i.vTaskMissedYield)
    vTaskPlaceOnEventList                    0x08007541   Thumb Code    52  tasks.o(i.vTaskPlaceOnEventList)
    vTaskStartScheduler                      0x08007579   Thumb Code   146  tasks.o(i.vTaskStartScheduler)
    vTaskSuspendAll                          0x08007629   Thumb Code    12  tasks.o(i.vTaskSuspendAll)
    vTaskSwitchContext                       0x08007639   Thumb Code   118  tasks.o(i.vTaskSwitchContext)
    xPortStartScheduler                      0x080076c5   Thumb Code   330  port.o(i.xPortStartScheduler)
    xQueueGenericCreate                      0x0800782d   Thumb Code    96  queue.o(i.xQueueGenericCreate)
    xQueueGenericReset                       0x0800788d   Thumb Code   146  queue.o(i.xQueueGenericReset)
    xQueueGenericSendFromISR                 0x08007925   Thumb Code   248  queue.o(i.xQueueGenericSendFromISR)
    xQueueReceive                            0x08007a1d   Thumb Code   356  queue.o(i.xQueueReceive)
    xTaskCheckForTimeOut                     0x08007b85   Thumb Code   132  tasks.o(i.xTaskCheckForTimeOut)
    xTaskCreate                              0x08007c11   Thumb Code   100  tasks.o(i.xTaskCreate)
    xTaskCreateStatic                        0x08007c75   Thumb Code   186  tasks.o(i.xTaskCreateStatic)
    xTaskGetSchedulerState                   0x08007d31   Thumb Code    24  tasks.o(i.xTaskGetSchedulerState)
    xTaskGetTickCount                        0x08007d51   Thumb Code     6  tasks.o(i.xTaskGetTickCount)
    xTaskIncrementTick                       0x08007d5d   Thumb Code   282  tasks.o(i.xTaskIncrementTick)
    xTaskPriorityDisinherit                  0x08007ea5   Thumb Code   188  tasks.o(i.xTaskPriorityDisinherit)
    xTaskRemoveFromEventList                 0x08007f6d   Thumb Code   128  tasks.o(i.xTaskRemoveFromEventList)
    xTaskResumeAll                           0x08008005   Thumb Code   224  tasks.o(i.xTaskResumeAll)
    AHBPrescTable                            0x080081b8   Data          16  system_stm32f4xx.o(.constdata)
    APBPrescTable                            0x080081c8   Data           8  system_stm32f4xx.o(.constdata)
    CRC8_INIT                                0x080081d0   Data           1  rm_judgesystem.o(.constdata)
    CRC8_TAB                                 0x080081d1   Data         256  rm_judgesystem.o(.constdata)
    wCRC_Table                               0x080082d2   Data         512  rm_judgesystem.o(.constdata)
    MyCRC8Tab                                0x080084d2   Data         256  crc.o(.constdata)
    Region$$Table$$Base                      0x08008620   Number         0  anon$$obj.o(Region$$Table)
    Region$$Table$$Limit                     0x08008640   Number         0  anon$$obj.o(Region$$Table)
    EM_Ramp                                  0x20000000   Data           4  my_cloud_control.o(.data)
    CHASSIS_L_MAX_new                        0x20000004   Data           1  my_chassis_control.o(.data)
    CHASSIS_R_MIN_new                        0x20000005   Data           1  my_chassis_control.o(.data)
    Random_CHASSIS_CHOOSE                    0x20000006   Data           1  my_chassis_control.o(.data)
    Cruise_CHASSIS_CHOOSE                    0x20000007   Data           1  my_chassis_control.o(.data)
    RANDOM_CHASSIS                           0x20000008   Data           8  my_chassis_control.o(.data)
    zdcsjc                                   0x20000010   Data           4  main.o(.data)
    time7_times                              0x20000014   Data           4  main.o(.data)
    task_init_times                          0x20000018   Data           4  main.o(.data)
    task_can_times                           0x2000001c   Data           4  main.o(.data)
    task_can2_times                          0x20000020   Data           4  main.o(.data)
    task_debug_times                         0x20000024   Data           4  main.o(.data)
    task_controul_times                      0x20000028   Data           4  main.o(.data)
    every_1s_times                           0x2000002c   Data           4  main.o(.data)
    yaw_trage_angle                          0x20000030   Data           4  main.o(.data)
    yaw_trage_angle2                         0x20000034   Data           4  main.o(.data)
    yaw_trage_speed                          0x20000038   Data           4  main.o(.data)
    PITCH_trage_angle                        0x2000003c   Data           4  main.o(.data)
    PITCH_trage_angle_2                      0x20000040   Data           4  main.o(.data)
    PITCH_trage_speed                        0x20000044   Data           4  main.o(.data)
    CHASSIS_trage_speed                      0x20000048   Data           4  main.o(.data)
    CHASSIS_trage_angle                      0x2000004c   Data           4  main.o(.data)
    PITCH_MAX_angle                          0x20000050   Data           4  main.o(.data)
    PITCH_MIN_angle                          0x20000054   Data           4  main.o(.data)
    CHASSIS_MAX_SPEED                        0x20000058   Data           4  main.o(.data)
    send_to_yaw                              0x2000005c   Data           4  main.o(.data)
    send_to_pitch                            0x20000060   Data           4  main.o(.data)
    send_to_chassis                          0x20000064   Data           4  main.o(.data)
    send_to_SHOOT_R                          0x20000068   Data           4  main.o(.data)
    send_to_SHOOT_L                          0x2000006c   Data           4  main.o(.data)
    send_to_driver                           0x20000070   Data           4  main.o(.data)
    PITCH_IMU_Kp                             0x20000074   Data           4  main.o(.data)
    M_3508_error                             0x20000078   Data           4  main.o(.data)
    SHOOT_L                                  0x2000007c   Data           4  main.o(.data)
    SHOOT_R                                  0x20000080   Data           4  main.o(.data)
    HWswitch_R                               0x20000084   Data           1  main.o(.data)
    HWswitch_L                               0x20000085   Data           1  main.o(.data)
    HWswitch_R_last                          0x20000086   Data           1  main.o(.data)
    HWswitch_L_last                          0x20000087   Data           1  main.o(.data)
    CHASSIS_L_MAX                            0x20000088   Data           4  main.o(.data)
    CHASSIS_R_MIN                            0x2000008c   Data           4  main.o(.data)
    ENCODER_L_MAX                            0x20000090   Data           4  main.o(.data)
    ENCODER_R_MIN                            0x20000094   Data           4  main.o(.data)
    ENCODER_M_MID                            0x20000098   Data           4  main.o(.data)
    ENCODER_ARRIVE_MAX                       0x2000009c   Data           4  main.o(.data)
    ENCODER_ARRIVE_MIN                       0x200000a0   Data           4  main.o(.data)
    speed_change                             0x200000a4   Data           4  main.o(.data)
    CHASSIS_MID                              0x200000a8   Data           4  main.o(.data)
    driver_targe_speed                       0x200000ac   Data           4  main.o(.data)
    speed_change_times                       0x200000b0   Data           2  main.o(.data)
    DEBUFF                                   0x200000b4   Data           4  main.o(.data)
    uart_8_times                             0x200000b8   Data           4  main.o(.data)
    time_3_times                             0x200000bc   Data           4  main.o(.data)
    Vision_RawData_Yaw_Angle                 0x200000c0   Data           4  main.o(.data)
    Vision_RawData_Pitch_Angle               0x200000c4   Data           4  main.o(.data)
    CAN1_Queue                               0x200000c8   Data           4  freertos.o(.data)
    CAN2_Queue                               0x200000cc   Data           4  freertos.o(.data)
    RobotCtrl_Handle                         0x200000d0   Data           4  freertos.o(.data)
    defaultTaskHandle                        0x200000d4   Data           4  freertos.o(.data)
    MYTask03Handle                           0x200000d8   Data           4  freertos.o(.data)
    myTask04Handle                           0x200000dc   Data           4  freertos.o(.data)
    myTaskforinitHandle                      0x200000e0   Data           4  freertos.o(.data)
    Task_Can2_ReiveHandle                    0x200000e4   Data           4  freertos.o(.data)
    last_turnCount                           0x200000e8   Data           4  freertos.o(.data)
    times_i                                  0x200000ec   Data           2  freertos.o(.data)
    uwTick                                   0x200000f4   Data           4  stm32f4xx_hal.o(.data)
    uwTickPrio                               0x200000f8   Data           4  stm32f4xx_hal.o(.data)
    uwTickFreq                               0x200000fc   Data           1  stm32f4xx_hal.o(.data)
    SystemCoreClock                          0x20000100   Data           4  system_stm32f4xx.o(.data)
    pxCurrentTCB                             0x20000104   Data           4  tasks.o(.data)
    DR16                                     0x20000164   Data          32  dr16_recive.o(.data)
    data1                                    0x20000184   Data           2  dr16_recive.o(.data)
    data2                                    0x20000186   Data           2  dr16_recive.o(.data)
    data3                                    0x20000188   Data           4  dr16_recive.o(.data)
    sumcheck                                 0x2000018c   Data           1  dr16_recive.o(.data)
    addcheck                                 0x2000018d   Data           1  dr16_recive.o(.data)
    data4                                    0x20000190   Data           4  dr16_recive.o(.data)
    i                                        0x20000194   Data           1  dr16_recive.o(.data)
    p                                        0x20000195   Data           1  dr16_recive.o(.data)
    send_d_16                                0x20000196   Data           6  dr16_recive.o(.data)
    send_data1                               0x2000019c   Data           4  dr16_recive.o(.data)
    send_data2                               0x200001a0   Data           4  dr16_recive.o(.data)
    send_data3                               0x200001a4   Data           4  dr16_recive.o(.data)
    send_data4                               0x200001a8   Data           4  dr16_recive.o(.data)
    send_data5                               0x200001ac   Data           4  dr16_recive.o(.data)
    send_data6                               0x200001b0   Data           2  dr16_recive.o(.data)
    send_data7                               0x200001b2   Data           2  dr16_recive.o(.data)
    send_data8                               0x200001b4   Data           4  dr16_recive.o(.data)
    send_data9                               0x200001b8   Data           4  dr16_recive.o(.data)
    send_data10                              0x200001bc   Data           4  dr16_recive.o(.data)
    send_data11                              0x200001c0   Data           2  dr16_recive.o(.data)
    EM_R                                     0x200001c2   Data           5  vision.o(.data)
    Vision_SendBuff                          0x200001c7   Data          90  vision.o(.data)
    FreeRTOSRunTimeTicks                     0x20000228   Data           8  timer.o(.data)
    ext_game_result                          0x20000230   Data           2  rm_judgesystem.o(.data)
    ext_dart_status                          0x20000232   Data           4  rm_judgesystem.o(.data)
    ext_even_data                            0x20000236   Data           5  rm_judgesystem.o(.data)
    ext_supply_projectile_action             0x2000023b   Data           5  rm_judgesystem.o(.data)
    ext_referee_warning                      0x20000240   Data           3  rm_judgesystem.o(.data)
    ext_dart_remaining_time                  0x20000243   Data           2  rm_judgesystem.o(.data)
    Buff                                     0x20000245   Data           2  rm_judgesystem.o(.data)
    aerial_robot_energy                      0x20000247   Data           3  rm_judgesystem.o(.data)
    ext_robot_hurt                           0x2000024a   Data           2  rm_judgesystem.o(.data)
    ext_shoot_data                           0x2000024c   Data           8  rm_judgesystem.o(.data)
    ext_bullet_remaining                     0x20000254   Data           7  rm_judgesystem.o(.data)
    ext_rfid_status                          0x2000025b   Data           5  rm_judgesystem.o(.data)
    Judge_Self_ID                            0x20000260   Data           1  rm_judgesystem.o(.data)
    Judge_SelfClient_ID                      0x20000262   Data           2  rm_judgesystem.o(.data)
    SenrtyMode_Flag                          0x20000264   Data           1  rm_judgesystem.o(.data)
    DartMode_Flag                            0x20000265   Data           1  rm_judgesystem.o(.data)
    wExpected                                0x20000266   Data           2  rm_judgesystem.o(.data)
    CRC_INIT                                 0x20000268   Data           2  rm_judgesystem.o(.data)
    Send_Color                               0x2000026a   Data           1  rm_judgesystem.o(.data)
    send_time                                0x2000026c   Data           2  rm_judgesystem.o(.data)
    Color                                    0x2000026e   Data           1  rm_judgesystem.o(.data)
    Status_Datalength                        0x2000026f   Data           1  rm_judgesystem.o(.data)
    ShootLV_Datalength                       0x20000270   Data           1  rm_judgesystem.o(.data)
    DMA_Counter                              0x20000272   Data           2  rm_judgesystem.o(.data)
    PID_YES                                  0x2000028c   Data           4  my_positionpid_bate.o(.data)
    R16_from_C                               0x20000290   Data           8  dji_c_imu.o(.data)
    DJI_C_Euler_Receive                      0x20000298   Data           8  dji_c_imu.o(.data)
    DJI_C_Gyro_Receive                       0x200002a0   Data           8  dji_c_imu.o(.data)
    Chassis_Encoder                          0x200002a8   Data         116  my_chassis_control.o(.bss)
    RunTimeInfo                              0x20000570   Data         400  freertos.o(.bss)
    hcan1                                    0x20000700   Data          40  can.o(.bss)
    hcan2                                    0x20000728   Data          40  can.o(.bss)
    hrng                                     0x20000750   Data          16  rng.o(.bss)
    htim3                                    0x20000760   Data          64  tim.o(.bss)
    htim5                                    0x200007a0   Data          64  tim.o(.bss)
    htim7                                    0x200007e0   Data          64  tim.o(.bss)
    huart8                                   0x20000820   Data          64  usart.o(.bss)
    huart1                                   0x20000860   Data          64  usart.o(.bss)
    huart3                                   0x200008a0   Data          64  usart.o(.bss)
    huart6                                   0x200008e0   Data          64  usart.o(.bss)
    hdma_uart8_rx                            0x20000920   Data          96  usart.o(.bss)
    hdma_usart1_rx                           0x20000980   Data          96  usart.o(.bss)
    hdma_usart3_rx                           0x200009e0   Data          96  usart.o(.bss)
    hdma_usart6_rx                           0x20000a40   Data          96  usart.o(.bss)
    hdma_usart6_tx                           0x20000aa0   Data          96  usart.o(.bss)
    CAN1_Rx_Structure                        0x20000b00   Data          36  stm32f4xx_it.o(.bss)
    CAN2_Rx_Structure                        0x20000b24   Data          36  stm32f4xx_it.o(.bss)
    htim6                                    0x20000b48   Data          64  stm32f4xx_hal_timebase_tim_1.o(.bss)
    DR16Buffer                               0x20004878   Data          22  dr16_recive.o(.bss)
    testdatatosend                           0x2000488e   Data          50  dr16_recive.o(.bss)
    send_d_32                                0x200048c0   Data          32  dr16_recive.o(.bss)
    CAN_Tx_Structure                         0x200048e0   Data          32  bsp_can.o(.bss)
    GM6020s                                  0x20004900   Data         144  gm6020.o(.bss)
    M3508s                                   0x20004990   Data         528  m3508.o(.bss)
    Vision_DataBuff                          0x20004ba0   Data          15  vision.o(.bss)
    VisionData                               0x20004bb0   Data          40  vision.o(.bss)
    Vision_Cloud                             0x20004bd8   Data          16  vision.o(.bss)
    Judge_Monitor                            0x20004be8   Data          28  rm_judgesystem.o(.bss)
    Judge_SendRobot                          0x20004c04   Data          20  rm_judgesystem.o(.bss)
    ext_game_status                          0x20004c18   Data          12  rm_judgesystem.o(.bss)
    ext_game_robot_HP                        0x20004c24   Data          33  rm_judgesystem.o(.bss)
    ext_ICRA_buff_debuff_zone_status         0x20004c45   Data          12  rm_judgesystem.o(.bss)
    ext_game_robot_state                     0x20004c51   Data          28  rm_judgesystem.o(.bss)
    ext_power_heat_data                      0x20004c6d   Data          17  rm_judgesystem.o(.bss)
    ext_game_robot_pos                       0x20004c7e   Data          17  rm_judgesystem.o(.bss)
    ext_dart_client_cmd                      0x20004c8f   Data          13  rm_judgesystem.o(.bss)
    CommuData                                0x20004c9c   Data          35  rm_judgesystem.o(.bss)
    ShowData                                 0x20004cbf   Data         120  rm_judgesystem.o(.bss)
    Ex_ShowData                              0x20004d37   Data          90  rm_judgesystem.o(.bss)
    DeleteClient                             0x20004d91   Data          17  rm_judgesystem.o(.bss)
    ShowshootLv                              0x20004da2   Data          60  rm_judgesystem.o(.bss)
    ShootLvInit                              0x20004dde   Data          60  rm_judgesystem.o(.bss)
    Cap_Energyvalue                          0x20004e1a   Data          60  rm_judgesystem.o(.bss)
    Cap_Energyshow                           0x20004e56   Data          60  rm_judgesystem.o(.bss)
    Uplift_Height                            0x20004e92   Data          60  rm_judgesystem.o(.bss)
    Uplift_HeightValue                       0x20004ece   Data          60  rm_judgesystem.o(.bss)
    Clip_Angle                               0x20004f0a   Data          60  rm_judgesystem.o(.bss)
    Clip_AngleValue                          0x20004f46   Data          60  rm_judgesystem.o(.bss)
    SentryStatus_Data                        0x20004f82   Data          60  rm_judgesystem.o(.bss)
    Sentry_Status                            0x20004fbe   Data          60  rm_judgesystem.o(.bss)
    Sentry_CommuData                         0x20004ffa   Data          35  rm_judgesystem.o(.bss)
    DartStatus_Data                          0x2000501d   Data          60  rm_judgesystem.o(.bss)
    Dart_Status                              0x20005059   Data          60  rm_judgesystem.o(.bss)
    Dart_CommuData                           0x20005095   Data          35  rm_judgesystem.o(.bss)
    Car_Distance                             0x200050b8   Data          90  rm_judgesystem.o(.bss)
    Led_Meaning                              0x20005112   Data          60  rm_judgesystem.o(.bss)
    MapCommunate                             0x2000514e   Data          23  rm_judgesystem.o(.bss)
    Robot_Command                            0x20005165   Data          16  rm_judgesystem.o(.bss)
    JudgeSystem_rxBuff                       0x20005175   Data         389  rm_judgesystem.o(.bss)
    Robot_Commute                            0x200052fa   Data          26  rm_judgesystem.o(.bss)
    Map_Commute                              0x20005314   Data          15  rm_judgesystem.o(.bss)
    TeammateTxBuffer                         0x20005323   Data          40  rm_judgesystem.o(.bss)
    DeleteBuffer                             0x2000534b   Data          20  rm_judgesystem.o(.bss)
    CliendTxBuffer                           0x2000535f   Data         120  rm_judgesystem.o(.bss)
    CrossHairBuffer                          0x200053d7   Data          90  rm_judgesystem.o(.bss)
    ColorMeanBuffer                          0x20005431   Data         100  rm_judgesystem.o(.bss)
    CliendShowBuffer                         0x20005495   Data         100  rm_judgesystem.o(.bss)
    Cap_EnergyBuff                           0x200054f9   Data         100  rm_judgesystem.o(.bss)
    Uplift_HeightBuff                        0x2000555d   Data         100  rm_judgesystem.o(.bss)
    Clip_AngleBuff                           0x200055c1   Data         100  rm_judgesystem.o(.bss)
    Car_DistanBuff                           0x20005625   Data         150  rm_judgesystem.o(.bss)
    SentryBuff                               0x200056bb   Data         100  rm_judgesystem.o(.bss)
    DartBuff                                 0x2000571f   Data         100  rm_judgesystem.o(.bss)
    Radar_ReceiveBuffer                      0x20005783   Data          40  rm_judgesystem.o(.bss)
    SenrtyCommuBuff                          0x200057ab   Data          40  rm_judgesystem.o(.bss)
    DartCommuBuff                            0x200057d3   Data          40  rm_judgesystem.o(.bss)
    Yaw_IMU_Angle_pid                        0x200057fc   Data          96  my_positionpid_bate.o(.bss)
    Yaw_IMU_Speed_pid                        0x2000585c   Data          96  my_positionpid_bate.o(.bss)
    Yaw_EM_Angle_pid                         0x200058bc   Data          96  my_positionpid_bate.o(.bss)
    Yaw_EM_Speed_pid                         0x2000591c   Data          96  my_positionpid_bate.o(.bss)
    PITCH_IMU_Angle_pid                      0x2000597c   Data          96  my_positionpid_bate.o(.bss)
    PITCH_IMU_Speed_pid                      0x200059dc   Data          96  my_positionpid_bate.o(.bss)
    CHASSIS_MOTOR_ANGLE_pid                  0x20005a3c   Data          96  my_positionpid_bate.o(.bss)
    CHASSIS_MOTOR_SPEED_pid                  0x20005a9c   Data          96  my_positionpid_bate.o(.bss)
    PITCH_EM_Angle_pid                       0x20005afc   Data          96  my_positionpid_bate.o(.bss)
    PITCH_EM_Speed_pid                       0x20005b5c   Data          96  my_positionpid_bate.o(.bss)
    CHASSIS_I_PID                            0x20005bbc   Data          92  my_incrementpid_bate.o(.bss)
    SHOOT_L_I_PID                            0x20005c18   Data          92  my_incrementpid_bate.o(.bss)
    SHOOT_R_I_PID                            0x20005c74   Data          92  my_incrementpid_bate.o(.bss)
    Driver_I_PID                             0x20005cd0   Data          92  my_incrementpid_bate.o(.bss)
    FPS_ALL                                  0x20005d2c   Data          60  fps_calculate.o(.bss)
    Euler_Framerate                          0x20005d68   Data          12  dji_c_imu.o(.bss)
    Gyro_Framerate                           0x20005d74   Data          12  dji_c_imu.o(.bss)
    DJIC_IMU                                 0x20005d80   Data          40  dji_c_imu.o(.bss)
    __initial_sp                             0x20007da8   Data           0  startup_stm32f427xx.o(STACK)



==============================================================================

Memory Map of the image

  Image Entry point : 0x080001ad

  Load Region LR_IROM1 (Base: 0x08000000, Size: 0x000088e8, Max: 0x00200000, ABSOLUTE, COMPRESSED[0x000086a8])

    Execution Region ER_IROM1 (Exec base: 0x08000000, Load base: 0x08000000, Size: 0x00008640, Max: 0x00200000, ABSOLUTE)

    Exec Addr    Load Addr    Size         Type   Attr      Idx    E Section Name        Object

    0x08000000   0x08000000   0x000001ac   Data   RO          345    RESET               startup_stm32f427xx.o
    0x080001ac   0x080001ac   0x00000000   Code   RO         6493  * .ARM.Collect$$$$00000000  mc_w.l(entry.o)
    0x080001ac   0x080001ac   0x00000004   Code   RO         6791    .ARM.Collect$$$$00000001  mc_w.l(entry2.o)
    0x080001b0   0x080001b0   0x00000004   Code   RO         6794    .ARM.Collect$$$$00000004  mc_w.l(entry5.o)
    0x080001b4   0x080001b4   0x00000000   Code   RO         6796    .ARM.Collect$$$$00000008  mc_w.l(entry7b.o)
    0x080001b4   0x080001b4   0x00000000   Code   RO         6798    .ARM.Collect$$$$0000000A  mc_w.l(entry8b.o)
    0x080001b4   0x080001b4   0x00000008   Code   RO         6799    .ARM.Collect$$$$0000000B  mc_w.l(entry9a.o)
    0x080001bc   0x080001bc   0x00000000   Code   RO         6801    .ARM.Collect$$$$0000000D  mc_w.l(entry10a.o)
    0x080001bc   0x080001bc   0x00000000   Code   RO         6803    .ARM.Collect$$$$0000000F  mc_w.l(entry11a.o)
    0x080001bc   0x080001bc   0x00000004   Code   RO         6792    .ARM.Collect$$$$00002712  mc_w.l(entry2.o)
    0x080001c0   0x080001c0   0x000000be   Code   RO         5184    .emb_text           port.o
    0x0800027e   0x0800027e   0x00000002   PAD
    0x08000280   0x08000280   0x00000024   Code   RO          346    .text               startup_stm32f427xx.o
    0x080002a4   0x080002a4   0x00000062   Code   RO         6496    .text               mc_w.l(uldiv.o)
    0x08000306   0x08000306   0x00000024   Code   RO         6498    .text               mc_w.l(memcpya.o)
    0x0800032a   0x0800032a   0x00000024   Code   RO         6502    .text               mc_w.l(memseta.o)
    0x0800034e   0x0800034e   0x0000014e   Code   RO         6771    .text               mf_w.l(dadd.o)
    0x0800049c   0x0800049c   0x000000e4   Code   RO         6773    .text               mf_w.l(dmul.o)
    0x08000580   0x08000580   0x000000de   Code   RO         6775    .text               mf_w.l(ddiv.o)
    0x0800065e   0x0800065e   0x00000022   Code   RO         6777    .text               mf_w.l(dflti.o)
    0x08000680   0x08000680   0x0000001a   Code   RO         6779    .text               mf_w.l(dfltui.o)
    0x0800069a   0x0800069a   0x0000003e   Code   RO         6781    .text               mf_w.l(dfixi.o)
    0x080006d8   0x080006d8   0x00000032   Code   RO         6783    .text               mf_w.l(dfixui.o)
    0x0800070a   0x0800070a   0x00000026   Code   RO         6785    .text               mf_w.l(f2d.o)
    0x08000730   0x08000730   0x00000030   Code   RO         6787    .text               mf_w.l(cdcmple.o)
    0x08000760   0x08000760   0x00000038   Code   RO         6789    .text               mf_w.l(d2f.o)
    0x08000798   0x08000798   0x0000001e   Code   RO         6810    .text               mc_w.l(llshl.o)
    0x080007b6   0x080007b6   0x00000020   Code   RO         6812    .text               mc_w.l(llushr.o)
    0x080007d6   0x080007d6   0x00000024   Code   RO         6814    .text               mc_w.l(llsshr.o)
    0x080007fa   0x080007fa   0x00000000   Code   RO         6816    .text               mc_w.l(iusefp.o)
    0x080007fa   0x080007fa   0x0000006e   Code   RO         6817    .text               mf_w.l(fepilogue.o)
    0x08000868   0x08000868   0x000000ba   Code   RO         6819    .text               mf_w.l(depilogue.o)
    0x08000922   0x08000922   0x00000002   PAD
    0x08000924   0x08000924   0x00000024   Code   RO         6825    .text               mc_w.l(init.o)
    0x08000948   0x08000948   0x00000056   Code   RO         6837    .text               mc_w.l(__dczerorl2.o)
    0x0800099e   0x0800099e   0x00000004   Code   RO          824    i.BusFault_Handler  stm32f4xx_it.o
    0x080009a2   0x080009a2   0x00000002   PAD
    0x080009a4   0x080009a4   0x00000024   Code   RO         5328    i.CAN1_Config       bsp_can.o
    0x080009c8   0x080009c8   0x00000030   Code   RO         5329    i.CAN1_Filter0_Init  bsp_can.o
    0x080009f8   0x080009f8   0x0000001c   Code   RO          825    i.CAN1_RX0_IRQHandler  stm32f4xx_it.o
    0x08000a14   0x08000a14   0x000000dc   Code   RO          470    i.CAN1_recive       freertos.o
    0x08000af0   0x08000af0   0x00000028   Code   RO         5330    i.CAN2_Config       bsp_can.o
    0x08000b18   0x08000b18   0x00000038   Code   RO         5331    i.CAN2_Filter0_Init  bsp_can.o
    0x08000b50   0x08000b50   0x0000001c   Code   RO          826    i.CAN2_RX0_IRQHandler  stm32f4xx_it.o
    0x08000b6c   0x08000b6c   0x00000068   Code   RO         5332    i.CAN_SendData      bsp_can.o
    0x08000bd4   0x08000bd4   0x00000108   Code   RO          231    i.CHASSIS_CONTROUL  my_chassis_control.o
    0x08000cdc   0x08000cdc   0x00000078   Code   RO          471    i.Can2_Reive        freertos.o
    0x08000d54   0x08000d54   0x00000024   Code   RO         6327    i.Checksum_CRC8     crc.o
    0x08000d78   0x08000d78   0x0000001c   Code   RO         6431    i.DJI_C_DR16_getInfo  dji_c_imu.o
    0x08000d94   0x08000d94   0x00000050   Code   RO         6432    i.DJI_C_Euler_getInfo  dji_c_imu.o
    0x08000de4   0x08000de4   0x00000050   Code   RO         6433    i.DJI_C_Gyro_getInfo  dji_c_imu.o
    0x08000e34   0x08000e34   0x00000010   Code   RO          827    i.DMA1_Stream1_IRQHandler  stm32f4xx_it.o
    0x08000e44   0x08000e44   0x00000010   Code   RO          828    i.DMA1_Stream6_IRQHandler  stm32f4xx_it.o
    0x08000e54   0x08000e54   0x00000010   Code   RO          829    i.DMA2_Stream1_IRQHandler  stm32f4xx_it.o
    0x08000e64   0x08000e64   0x00000010   Code   RO          830    i.DMA2_Stream2_IRQHandler  stm32f4xx_it.o
    0x08000e74   0x08000e74   0x00000010   Code   RO          831    i.DMA2_Stream6_IRQHandler  stm32f4xx_it.o
    0x08000e84   0x08000e84   0x00000034   Code   RO         1841    i.DMA_CalcBaseAndBitshift  stm32f4xx_hal_dma.o
    0x08000eb8   0x08000eb8   0x000000aa   Code   RO         1842    i.DMA_CheckFifoParam  stm32f4xx_hal_dma.o
    0x08000f62   0x08000f62   0x0000002c   Code   RO         1843    i.DMA_SetConfig     stm32f4xx_hal_dma.o
    0x08000f8e   0x08000f8e   0x00000002   PAD
    0x08000f90   0x08000f90   0x00000184   Code   RO         5264    i.DR16_Process      dr16_recive.o
    0x08001114   0x08001114   0x00000074   Code   RO         5265    i.DR_16hander       dr16_recive.o
    0x08001188   0x08001188   0x00000044   Code   RO          472    i.DeBug             freertos.o
    0x080011cc   0x080011cc   0x00000002   Code   RO          832    i.DebugMon_Handler  stm32f4xx_it.o
    0x080011ce   0x080011ce   0x00000002   Code   RO          353    i.Error_Handler     main.o
    0x080011d0   0x080011d0   0x00000050   Code   RO         6360    i.FPS_Calculate     fps_calculate.o
    0x08001220   0x08001220   0x0000015c   Code   RO         5379    i.GM6020_Pitch_getInfo  gm6020.o
    0x0800137c   0x0800137c   0x00000054   Code   RO         5380    i.GM6020_SetVoltage  gm6020.o
    0x080013d0   0x080013d0   0x00000160   Code   RO         5381    i.GM6020_Yaw_getInfo  gm6020.o
    0x08001530   0x08001530   0x00000034   Code   RO         5637    i.Get_CRC16_Check_Sum  rm_judgesystem.o
    0x08001564   0x08001564   0x00000046   Code   RO          233    i.Get_Encoder_Value  my_chassis_control.o
    0x080015aa   0x080015aa   0x0000001e   Code   RO         6361    i.Get_FPS           fps_calculate.o
    0x080015c8   0x080015c8   0x00000156   Code   RO         1048    i.HAL_CAN_AddTxMessage  stm32f4xx_hal_can.o
    0x0800171e   0x0800171e   0x00000002   PAD
    0x08001720   0x08001720   0x00000124   Code   RO         1049    i.HAL_CAN_ConfigFilter  stm32f4xx_hal_can.o
    0x08001844   0x08001844   0x00000002   Code   RO         1052    i.HAL_CAN_ErrorCallback  stm32f4xx_hal_can.o
    0x08001846   0x08001846   0x0000017a   Code   RO         1055    i.HAL_CAN_GetRxMessage  stm32f4xx_hal_can.o
    0x080019c0   0x080019c0   0x0000024e   Code   RO         1059    i.HAL_CAN_IRQHandler  stm32f4xx_hal_can.o
    0x08001c0e   0x08001c0e   0x00000174   Code   RO         1060    i.HAL_CAN_Init      stm32f4xx_hal_can.o
    0x08001d82   0x08001d82   0x00000002   PAD
    0x08001d84   0x08001d84   0x00000164   Code   RO          583    i.HAL_CAN_MspInit   can.o
    0x08001ee8   0x08001ee8   0x00000002   Code   RO         1067    i.HAL_CAN_RxFifo0FullCallback  stm32f4xx_hal_can.o
    0x08001eea   0x08001eea   0x00000002   PAD
    0x08001eec   0x08001eec   0x0000009c   Code   RO          833    i.HAL_CAN_RxFifo0MsgPendingCallback  stm32f4xx_it.o
    0x08001f88   0x08001f88   0x00000002   Code   RO         1069    i.HAL_CAN_RxFifo1FullCallback  stm32f4xx_hal_can.o
    0x08001f8a   0x08001f8a   0x00000002   Code   RO         1070    i.HAL_CAN_RxFifo1MsgPendingCallback  stm32f4xx_hal_can.o
    0x08001f8c   0x08001f8c   0x00000002   Code   RO         1071    i.HAL_CAN_SleepCallback  stm32f4xx_hal_can.o
    0x08001f8e   0x08001f8e   0x0000005e   Code   RO         1072    i.HAL_CAN_Start     stm32f4xx_hal_can.o
    0x08001fec   0x08001fec   0x00000002   Code   RO         1074    i.HAL_CAN_TxMailbox0AbortCallback  stm32f4xx_hal_can.o
    0x08001fee   0x08001fee   0x00000002   Code   RO         1075    i.HAL_CAN_TxMailbox0CompleteCallback  stm32f4xx_hal_can.o
    0x08001ff0   0x08001ff0   0x00000002   Code   RO         1076    i.HAL_CAN_TxMailbox1AbortCallback  stm32f4xx_hal_can.o
    0x08001ff2   0x08001ff2   0x00000002   Code   RO         1077    i.HAL_CAN_TxMailbox1CompleteCallback  stm32f4xx_hal_can.o
    0x08001ff4   0x08001ff4   0x00000002   Code   RO         1078    i.HAL_CAN_TxMailbox2AbortCallback  stm32f4xx_hal_can.o
    0x08001ff6   0x08001ff6   0x00000002   Code   RO         1079    i.HAL_CAN_TxMailbox2CompleteCallback  stm32f4xx_hal_can.o
    0x08001ff8   0x08001ff8   0x00000002   Code   RO         1081    i.HAL_CAN_WakeUpFromRxMsgCallback  stm32f4xx_hal_can.o
    0x08001ffa   0x08001ffa   0x00000028   Code   RO         1845    i.HAL_DMA_Abort_IT  stm32f4xx_hal_dma.o
    0x08002022   0x08002022   0x00000002   PAD
    0x08002024   0x08002024   0x00000240   Code   RO         1849    i.HAL_DMA_IRQHandler  stm32f4xx_hal_dma.o
    0x08002264   0x08002264   0x000000ec   Code   RO         1850    i.HAL_DMA_Init      stm32f4xx_hal_dma.o
    0x08002350   0x08002350   0x00000066   Code   RO         1853    i.HAL_DMA_Start     stm32f4xx_hal_dma.o
    0x080023b6   0x080023b6   0x00000002   PAD
    0x080023b8   0x080023b8   0x00000028   Code   RO         2286    i.HAL_Delay         stm32f4xx_hal.o
    0x080023e0   0x080023e0   0x0000021c   Code   RO         1737    i.HAL_GPIO_Init     stm32f4xx_hal_gpio.o
    0x080025fc   0x080025fc   0x0000000c   Code   RO         2294    i.HAL_GetTick       stm32f4xx_hal.o
    0x08002608   0x08002608   0x00000018   Code   RO         2300    i.HAL_IncTick       stm32f4xx_hal.o
    0x08002620   0x08002620   0x0000003c   Code   RO         2301    i.HAL_Init          stm32f4xx_hal.o
    0x0800265c   0x0800265c   0x0000008c   Code   RO         1007    i.HAL_InitTick      stm32f4xx_hal_timebase_tim_1.o
    0x080026e8   0x080026e8   0x00000048   Code   RO          983    i.HAL_MspInit       stm32f4xx_hal_msp.o
    0x08002730   0x08002730   0x00000020   Code   RO         2144    i.HAL_NVIC_EnableIRQ  stm32f4xx_hal_cortex.o
    0x08002750   0x08002750   0x0000007c   Code   RO         2150    i.HAL_NVIC_SetPriority  stm32f4xx_hal_cortex.o
    0x080027cc   0x080027cc   0x00000028   Code   RO         2151    i.HAL_NVIC_SetPriorityGrouping  stm32f4xx_hal_cortex.o
    0x080027f4   0x080027f4   0x00000184   Code   RO         1281    i.HAL_RCC_ClockConfig  stm32f4xx_hal_rcc.o
    0x08002978   0x08002978   0x00000044   Code   RO         1285    i.HAL_RCC_GetClockConfig  stm32f4xx_hal_rcc.o
    0x080029bc   0x080029bc   0x0000000c   Code   RO         1286    i.HAL_RCC_GetHCLKFreq  stm32f4xx_hal_rcc.o
    0x080029c8   0x080029c8   0x00000020   Code   RO         1288    i.HAL_RCC_GetPCLK1Freq  stm32f4xx_hal_rcc.o
    0x080029e8   0x080029e8   0x00000020   Code   RO         1289    i.HAL_RCC_GetPCLK2Freq  stm32f4xx_hal_rcc.o
    0x08002a08   0x08002a08   0x000000b0   Code   RO         1290    i.HAL_RCC_GetSysClockFreq  stm32f4xx_hal_rcc.o
    0x08002ab8   0x08002ab8   0x00000488   Code   RO         1293    i.HAL_RCC_OscConfig  stm32f4xx_hal_rcc.o
    0x08002f40   0x08002f40   0x00000034   Code   RO         2558    i.HAL_RNG_Init      stm32f4xx_hal_rng.o
    0x08002f74   0x08002f74   0x00000034   Code   RO          657    i.HAL_RNG_MspInit   rng.o
    0x08002fa8   0x08002fa8   0x00000002   Code   RO         3339    i.HAL_TIMEx_BreakCallback  stm32f4xx_hal_tim_ex.o
    0x08002faa   0x08002faa   0x00000002   Code   RO         3340    i.HAL_TIMEx_CommutCallback  stm32f4xx_hal_tim_ex.o
    0x08002fac   0x08002fac   0x000000b4   Code   RO         3357    i.HAL_TIMEx_MasterConfigSynchronization  stm32f4xx_hal_tim_ex.o
    0x08003060   0x08003060   0x00000034   Code   RO         2653    i.HAL_TIM_Base_Init  stm32f4xx_hal_tim.o
    0x08003094   0x08003094   0x00000084   Code   RO          699    i.HAL_TIM_Base_MspInit  tim.o
    0x08003118   0x08003118   0x0000002a   Code   RO         2658    i.HAL_TIM_Base_Start_IT  stm32f4xx_hal_tim.o
    0x08003142   0x08003142   0x00000108   Code   RO         2662    i.HAL_TIM_ConfigClockSource  stm32f4xx_hal_tim.o
    0x0800324a   0x0800324a   0x000000ae   Code   RO         2671    i.HAL_TIM_Encoder_Init  stm32f4xx_hal_tim.o
    0x080032f8   0x080032f8   0x00000084   Code   RO          701    i.HAL_TIM_Encoder_MspInit  tim.o
    0x0800337c   0x0800337c   0x0000004e   Code   RO         2674    i.HAL_TIM_Encoder_Start  stm32f4xx_hal_tim.o
    0x080033ca   0x080033ca   0x00000002   Code   RO         2682    i.HAL_TIM_IC_CaptureCallback  stm32f4xx_hal_tim.o
    0x080033cc   0x080033cc   0x00000196   Code   RO         2696    i.HAL_TIM_IRQHandler  stm32f4xx_hal_tim.o
    0x08003562   0x08003562   0x00000002   Code   RO         2699    i.HAL_TIM_OC_DelayElapsedCallback  stm32f4xx_hal_tim.o
    0x08003564   0x08003564   0x00000002   Code   RO         2726    i.HAL_TIM_PWM_PulseFinishedCallback  stm32f4xx_hal_tim.o
    0x08003566   0x08003566   0x00000002   PAD
    0x08003568   0x08003568   0x00000018   Code   RO          354    i.HAL_TIM_PeriodElapsedCallback  main.o
    0x08003580   0x08003580   0x00000002   Code   RO         2739    i.HAL_TIM_TriggerCallback  stm32f4xx_hal_tim.o
    0x08003582   0x08003582   0x00000002   Code   RO         3611    i.HAL_UART_ErrorCallback  stm32f4xx_hal_uart.o
    0x08003584   0x08003584   0x00000154   Code   RO         3614    i.HAL_UART_IRQHandler  stm32f4xx_hal_uart.o
    0x080036d8   0x080036d8   0x00000072   Code   RO         3615    i.HAL_UART_Init     stm32f4xx_hal_uart.o
    0x0800374a   0x0800374a   0x00000002   PAD
    0x0800374c   0x0800374c   0x00000384   Code   RO          765    i.HAL_UART_MspInit  usart.o
    0x08003ad0   0x08003ad0   0x00000002   Code   RO         3621    i.HAL_UART_RxCpltCallback  stm32f4xx_hal_uart.o
    0x08003ad2   0x08003ad2   0x00000002   Code   RO         3626    i.HAL_UART_TxCpltCallback  stm32f4xx_hal_uart.o
    0x08003ad4   0x08003ad4   0x00000004   Code   RO          834    i.HardFault_Handler  stm32f4xx_it.o
    0x08003ad8   0x08003ad8   0x00000054   Code   RO         6278    i.I_PID_BetaGeneration  my_incrementpid_bate.o
    0x08003b2c   0x08003b2c   0x0000009c   Code   RO         6280    i.I_PID_Parameter_Init  my_incrementpid_bate.o
    0x08003bc8   0x08003bc8   0x000001d2   Code   RO         6281    i.I_PID_Regulation  my_incrementpid_bate.o
    0x08003d9a   0x08003d9a   0x00000002   PAD
    0x08003d9c   0x08003d9c   0x00000078   Code   RO         5641    i.JudgeSystem_Handler  rm_judgesystem.o
    0x08003e14   0x08003e14   0x00000454   Code   RO         5642    i.Judge_GetMessage  rm_judgesystem.o
    0x08004268   0x08004268   0x00000144   Code   RO         5469    i.M2006_getInfo     m2006.o
    0x080043ac   0x080043ac   0x0000012c   Code   RO         5421    i.M3508_getInfo     m3508.o
    0x080044d8   0x080044d8   0x00000078   Code   RO         5423    i.M3508s1_getInfo   m3508.o
    0x08004550   0x08004550   0x00000054   Code   RO         5424    i.M3508s1_setCurrent  m3508.o
    0x080045a4   0x080045a4   0x00000044   Code   RO          584    i.MX_CAN1_Init      can.o
    0x080045e8   0x080045e8   0x00000044   Code   RO          585    i.MX_CAN2_Init      can.o
    0x0800462c   0x0800462c   0x00000098   Code   RO          632    i.MX_DMA_Init       dma.o
    0x080046c4   0x080046c4   0x000000bc   Code   RO          473    i.MX_FREERTOS_Init  freertos.o
    0x08004780   0x08004780   0x000000e4   Code   RO          446    i.MX_GPIO_Init      gpio.o
    0x08004864   0x08004864   0x00000020   Code   RO          658    i.MX_RNG_Init       rng.o
    0x08004884   0x08004884   0x0000006c   Code   RO          702    i.MX_TIM3_Init      tim.o
    0x080048f0   0x080048f0   0x0000007c   Code   RO          703    i.MX_TIM5_Init      tim.o
    0x0800496c   0x0800496c   0x0000004c   Code   RO          704    i.MX_TIM7_Init      tim.o
    0x080049b8   0x080049b8   0x00000038   Code   RO          766    i.MX_UART8_Init     usart.o
    0x080049f0   0x080049f0   0x00000038   Code   RO          767    i.MX_USART1_UART_Init  usart.o
    0x08004a28   0x08004a28   0x00000038   Code   RO          768    i.MX_USART3_UART_Init  usart.o
    0x08004a60   0x08004a60   0x00000038   Code   RO          769    i.MX_USART6_UART_Init  usart.o
    0x08004a98   0x08004a98   0x00000004   Code   RO          835    i.MemManage_Handler  stm32f4xx_it.o
    0x08004a9c   0x08004a9c   0x00000002   Code   RO          836    i.NMI_Handler       stm32f4xx_it.o
    0x08004a9e   0x08004a9e   0x00000002   PAD
    0x08004aa0   0x08004aa0   0x00000228   Code   RO            4    i.PITCH_PID         my_cloud_control.o
    0x08004cc8   0x08004cc8   0x00000024   Code   RO         6236    i.P_PID_BetaGeneration  my_positionpid_bate.o
    0x08004cec   0x08004cec   0x00000088   Code   RO         6237    i.P_PID_Parameter_Init  my_positionpid_bate.o
    0x08004d74   0x08004d74   0x00000180   Code   RO         6238    i.P_PID_bate        my_positionpid_bate.o
    0x08004ef4   0x08004ef4   0x00000130   Code   RO          474    i.Robot_Control     freertos.o
    0x08005024   0x08005024   0x0000000a   Code   RO          475    i.StartDefaultTask  freertos.o
    0x0800502e   0x0800502e   0x00000002   PAD
    0x08005030   0x08005030   0x00000034   Code   RO         5185    i.SysTick_Handler   port.o
    0x08005064   0x08005064   0x000000b4   Code   RO          356    i.SystemClock_Config  main.o
    0x08005118   0x08005118   0x0000001c   Code   RO         3922    i.SystemInit        system_stm32f4xx.o
    0x08005134   0x08005134   0x00000034   Code   RO          837    i.TIM3_IRQHandler   stm32f4xx_it.o
    0x08005168   0x08005168   0x00000010   Code   RO          838    i.TIM6_DAC_IRQHandler  stm32f4xx_it.o
    0x08005178   0x08005178   0x0000003c   Code   RO          839    i.TIM7_IRQHandler   stm32f4xx_it.o
    0x080051b4   0x080051b4   0x000000d8   Code   RO         2741    i.TIM_Base_SetConfig  stm32f4xx_hal_tim.o
    0x0800528c   0x0800528c   0x00000022   Code   RO         2742    i.TIM_CCxChannelCmd  stm32f4xx_hal_tim.o
    0x080052ae   0x080052ae   0x00000016   Code   RO         2752    i.TIM_ETR_SetConfig  stm32f4xx_hal_tim.o
    0x080052c4   0x080052c4   0x00000012   Code   RO         2753    i.TIM_ITRx_SetConfig  stm32f4xx_hal_tim.o
    0x080052d6   0x080052d6   0x00000026   Code   RO         2759    i.TIM_TI1_ConfigInputStage  stm32f4xx_hal_tim.o
    0x080052fc   0x080052fc   0x00000028   Code   RO         2761    i.TIM_TI2_ConfigInputStage  stm32f4xx_hal_tim.o
    0x08005324   0x08005324   0x00000024   Code   RO          840    i.UART8_IRQHandler  stm32f4xx_it.o
    0x08005348   0x08005348   0x00000014   Code   RO         3628    i.UART_DMAAbortOnError  stm32f4xx_hal_uart.o
    0x0800535c   0x0800535c   0x00000020   Code   RO         3638    i.UART_EndRxTransfer  stm32f4xx_hal_uart.o
    0x0800537c   0x0800537c   0x00000020   Code   RO         3639    i.UART_EndTransmit_IT  stm32f4xx_hal_uart.o
    0x0800539c   0x0800539c   0x000000a6   Code   RO         3641    i.UART_Receive_IT   stm32f4xx_hal_uart.o
    0x08005442   0x08005442   0x00000002   PAD
    0x08005444   0x08005444   0x000003e8   Code   RO         3642    i.UART_SetConfig    stm32f4xx_hal_uart.o
    0x0800582c   0x0800582c   0x00000068   Code   RO         3643    i.UART_Transmit_IT  stm32f4xx_hal_uart.o
    0x08005894   0x08005894   0x00000014   Code   RO          841    i.USART1_IRQHandler  stm32f4xx_it.o
    0x080058a8   0x080058a8   0x00000014   Code   RO          842    i.USART3_IRQHandler  stm32f4xx_it.o
    0x080058bc   0x080058bc   0x00000010   Code   RO          843    i.USART6_IRQHandler  stm32f4xx_it.o
    0x080058cc   0x080058cc   0x00000044   Code   RO         5556    i.USART_RX_DMA_ENABLE  user_uart.o
    0x08005910   0x08005910   0x00000044   Code   RO         5268    i.USART_Receive_DMA_NO_IT  dr16_recive.o
    0x08005954   0x08005954   0x00000160   Code   RO         6434    i.Updata_Hand_Euler_Gyro_Data  dji_c_imu.o
    0x08005ab4   0x08005ab4   0x000000dc   Code   RO         5493    i.Update_Vision_SendData  vision.o
    0x08005b90   0x08005b90   0x00000004   Code   RO          844    i.UsageFault_Handler  stm32f4xx_it.o
    0x08005b94   0x08005b94   0x00000040   Code   RO         5705    i.Verify_CRC16_Check_Sum  rm_judgesystem.o
    0x08005bd4   0x08005bd4   0x00000138   Code   RO         5494    i.Vision_DataReceive  vision.o
    0x08005d0c   0x08005d0c   0x00000030   Code   RO         5495    i.Vision_DataSend   vision.o
    0x08005d3c   0x08005d3c   0x00000070   Code   RO         5496    i.Vision_Handler    vision.o
    0x08005dac   0x08005dac   0x0000000c   Code   RO         5497    i.Vision_ID_Type_Init  vision.o
    0x08005db8   0x08005db8   0x0000002c   Code   RO         5498    i.Vision_Set_ID_Type  vision.o
    0x08005de4   0x08005de4   0x00000140   Code   RO            5    i.YAW_PID           my_cloud_control.o
    0x08005f24   0x08005f24   0x00000010   Code   RO         2157    i.__NVIC_GetPriorityGrouping  stm32f4xx_hal_cortex.o
    0x08005f34   0x08005f34   0x00000028   Code   RO         2158    i.__NVIC_SetPriority  stm32f4xx_hal_cortex.o
    0x08005f5c   0x08005f5c   0x00000014   Code   RO         6487    i.__hardfp_fabs     m_wm.l(fabs.o)
    0x08005f70   0x08005f70   0x0000000e   Code   RO         6831    i.__scatterload_copy  mc_w.l(handlers.o)
    0x08005f7e   0x08005f7e   0x00000002   Code   RO         6832    i.__scatterload_null  mc_w.l(handlers.o)
    0x08005f80   0x08005f80   0x0000000e   Code   RO         6833    i.__scatterload_zeroinit  mc_w.l(handlers.o)
    0x08005f8e   0x08005f8e   0x00000002   PAD
    0x08005f90   0x08005f90   0x000000dc   Code   RO            6    i.cloud_control     my_cloud_control.o
    0x0800606c   0x0800606c   0x00000068   Code   RO          305    i.driver_plate_control  my_shoot_control.o
    0x080060d4   0x080060d4   0x000000fc   Code   RO         6435    i.imu_angle         dji_c_imu.o
    0x080061d0   0x080061d0   0x00000464   Code   RO          476    i.init_task         freertos.o
    0x08006634   0x08006634   0x00000068   Code   RO          357    i.main              main.o
    0x0800669c   0x0800669c   0x0000000e   Code   RO         4756    i.makeFreeRtosPriority  cmsis_os.o
    0x080066aa   0x080066aa   0x00000018   Code   RO         4758    i.osDelay           cmsis_os.o
    0x080066c2   0x080066c2   0x0000000a   Code   RO         4761    i.osKernelStart     cmsis_os.o
    0x080066cc   0x080066cc   0x0000005e   Code   RO         4795    i.osThreadCreate    cmsis_os.o
    0x0800672a   0x0800672a   0x00000002   PAD
    0x0800672c   0x0800672c   0x00000098   Code   RO         4433    i.prvAddCurrentTaskToDelayedList  tasks.o
    0x080067c4   0x080067c4   0x000000b4   Code   RO         4434    i.prvAddNewTaskToReadyList  tasks.o
    0x08006878   0x08006878   0x00000048   Code   RO         4435    i.prvCheckTasksWaitingTermination  tasks.o
    0x080068c0   0x080068c0   0x0000002a   Code   RO         4099    i.prvCopyDataFromQueue  queue.o
    0x080068ea   0x080068ea   0x0000007e   Code   RO         4100    i.prvCopyDataToQueue  queue.o
    0x08006968   0x08006968   0x00000050   Code   RO         4436    i.prvDeleteTCB      tasks.o
    0x080069b8   0x080069b8   0x0000007c   Code   RO         5123    i.prvHeapInit       heap_4.o
    0x08006a34   0x08006a34   0x00000028   Code   RO         4437    i.prvIdleTask       tasks.o
    0x08006a5c   0x08006a5c   0x00000026   Code   RO         4103    i.prvInitialiseNewQueue  queue.o
    0x08006a82   0x08006a82   0x000000b4   Code   RO         4438    i.prvInitialiseNewTask  tasks.o
    0x08006b36   0x08006b36   0x00000002   PAD
    0x08006b38   0x08006b38   0x00000068   Code   RO         4439    i.prvInitialiseTaskLists  tasks.o
    0x08006ba0   0x08006ba0   0x00000068   Code   RO         5124    i.prvInsertBlockIntoFreeList  heap_4.o
    0x08006c08   0x08006c08   0x0000001a   Code   RO         4104    i.prvIsQueueEmpty   queue.o
    0x08006c22   0x08006c22   0x00000002   PAD
    0x08006c24   0x08006c24   0x00000034   Code   RO         4440    i.prvResetNextTaskUnblockTime  tasks.o
    0x08006c58   0x08006c58   0x00000040   Code   RO         5186    i.prvTaskExitError  port.o
    0x08006c98   0x08006c98   0x0000007e   Code   RO         4106    i.prvUnlockQueue    queue.o
    0x08006d16   0x08006d16   0x00000002   PAD
    0x08006d18   0x08006d18   0x0000013c   Code   RO         5125    i.pvPortMalloc      heap_4.o
    0x08006e54   0x08006e54   0x0000002c   Code   RO         5187    i.pxPortInitialiseStack  port.o
    0x08006e80   0x08006e80   0x000000f0   Code   RO          306    i.shoot_control     my_shoot_control.o
    0x08006f70   0x08006f70   0x000000c8   Code   RO          236    i.switch_change     my_chassis_control.o
    0x08007038   0x08007038   0x00000050   Code   RO         5269    i.usart1_dr16_init  dr16_recive.o
    0x08007088   0x08007088   0x00000028   Code   RO         4059    i.uxListRemove      list.o
    0x080070b0   0x080070b0   0x00000018   Code   RO          477    i.vApplicationGetIdleTaskMemory  freertos.o
    0x080070c8   0x080070c8   0x0000001a   Code   RO         4060    i.vListInitialise   list.o
    0x080070e2   0x080070e2   0x00000006   Code   RO         4061    i.vListInitialiseItem  list.o
    0x080070e8   0x080070e8   0x00000034   Code   RO         4062    i.vListInsert       list.o
    0x0800711c   0x0800711c   0x00000018   Code   RO         4063    i.vListInsertEnd    list.o
    0x08007134   0x08007134   0x00000054   Code   RO         5189    i.vPortEnterCritical  port.o
    0x08007188   0x08007188   0x0000003c   Code   RO         5190    i.vPortExitCritical  port.o
    0x080071c4   0x080071c4   0x00000094   Code   RO         5126    i.vPortFree         heap_4.o
    0x08007258   0x08007258   0x00000028   Code   RO         5191    i.vPortSetupTimerInterrupt  port.o
    0x08007280   0x08007280   0x00000078   Code   RO         5192    i.vPortValidateInterruptPriority  port.o
    0x080072f8   0x080072f8   0x0000005c   Code   RO         4448    i.vTaskDelay        tasks.o
    0x08007354   0x08007354   0x000000d4   Code   RO         4449    i.vTaskDelayUntil   tasks.o
    0x08007428   0x08007428   0x000000f4   Code   RO         4450    i.vTaskDelete       tasks.o
    0x0800751c   0x0800751c   0x00000018   Code   RO         4452    i.vTaskInternalSetTimeOutState  tasks.o
    0x08007534   0x08007534   0x0000000c   Code   RO         4453    i.vTaskMissedYield  tasks.o
    0x08007540   0x08007540   0x00000038   Code   RO         4455    i.vTaskPlaceOnEventList  tasks.o
    0x08007578   0x08007578   0x000000b0   Code   RO         4462    i.vTaskStartScheduler  tasks.o
    0x08007628   0x08007628   0x00000010   Code   RO         4464    i.vTaskSuspendAll   tasks.o
    0x08007638   0x08007638   0x0000008c   Code   RO         4465    i.vTaskSwitchContext  tasks.o
    0x080076c4   0x080076c4   0x00000168   Code   RO         5193    i.xPortStartScheduler  port.o
    0x0800782c   0x0800782c   0x00000060   Code   RO         4115    i.xQueueGenericCreate  queue.o
    0x0800788c   0x0800788c   0x00000098   Code   RO         4117    i.xQueueGenericReset  queue.o
    0x08007924   0x08007924   0x000000f8   Code   RO         4119    i.xQueueGenericSendFromISR  queue.o
    0x08007a1c   0x08007a1c   0x00000168   Code   RO         4125    i.xQueueReceive     queue.o
    0x08007b84   0x08007b84   0x0000008c   Code   RO         4466    i.xTaskCheckForTimeOut  tasks.o
    0x08007c10   0x08007c10   0x00000064   Code   RO         4467    i.xTaskCreate       tasks.o
    0x08007c74   0x08007c74   0x000000ba   Code   RO         4468    i.xTaskCreateStatic  tasks.o
    0x08007d2e   0x08007d2e   0x00000002   PAD
    0x08007d30   0x08007d30   0x00000020   Code   RO         4472    i.xTaskGetSchedulerState  tasks.o
    0x08007d50   0x08007d50   0x0000000c   Code   RO         4473    i.xTaskGetTickCount  tasks.o
    0x08007d5c   0x08007d5c   0x00000148   Code   RO         4475    i.xTaskIncrementTick  tasks.o
    0x08007ea4   0x08007ea4   0x000000c8   Code   RO         4478    i.xTaskPriorityDisinherit  tasks.o
    0x08007f6c   0x08007f6c   0x00000098   Code   RO         4480    i.xTaskRemoveFromEventList  tasks.o
    0x08008004   0x08008004   0x00000104   Code   RO         4481    i.xTaskResumeAll    tasks.o
    0x08008108   0x08008108   0x000000a8   Data   RO          479    .constdata          freertos.o
    0x080081b0   0x080081b0   0x00000008   Data   RO         1856    .constdata          stm32f4xx_hal_dma.o
    0x080081b8   0x080081b8   0x00000018   Data   RO         3923    .constdata          system_stm32f4xx.o
    0x080081d0   0x080081d0   0x00000302   Data   RO         5715    .constdata          rm_judgesystem.o
    0x080084d2   0x080084d2   0x00000100   Data   RO         6329    .constdata          crc.o
    0x080085d2   0x080085d2   0x00000002   PAD
    0x080085d4   0x080085d4   0x0000004a   Data   RO          480    .conststring        freertos.o
    0x0800861e   0x0800861e   0x00000002   PAD
    0x08008620   0x08008620   0x00000020   Data   RO         6829    Region$$Table       anon$$obj.o


    Execution Region RW_IRAM2 (Exec base: 0x10000000, Load base: 0x080086a8, Size: 0x00000000, Max: 0x00010000, ABSOLUTE)

    **** No section assigned to this execution region ****


    Execution Region RW_IRAM1 (Exec base: 0x20000000, Load base: 0x08008640, Size: 0x00007da8, Max: 0x00030000, ABSOLUTE, COMPRESSED[0x00000068])

    Exec Addr    Load Addr    Size         Type   Attr      Idx    E Section Name        Object

    0x20000000   COMPRESSED   0x00000004   Data   RW            7    .data               my_cloud_control.o
    0x20000004   COMPRESSED   0x0000000c   Data   RW          239    .data               my_chassis_control.o
    0x20000010   COMPRESSED   0x000000b8   Data   RW          360    .data               main.o
    0x200000c8   COMPRESSED   0x00000026   Data   RW          481    .data               freertos.o
    0x200000ee   COMPRESSED   0x00000002   PAD
    0x200000f0   COMPRESSED   0x00000004   Data   RW          587    .data               can.o
    0x200000f4   COMPRESSED   0x00000009   Data   RW         2308    .data               stm32f4xx_hal.o
    0x200000fd   COMPRESSED   0x00000003   PAD
    0x20000100   COMPRESSED   0x00000004   Data   RW         3924    .data               system_stm32f4xx.o
    0x20000104   COMPRESSED   0x0000003c   Data   RW         4484    .data               tasks.o
    0x20000140   COMPRESSED   0x00000018   Data   RW         5131    .data               heap_4.o
    0x20000158   COMPRESSED   0x0000000c   Data   RW         5194    .data               port.o
    0x20000164   COMPRESSED   0x0000005e   Data   RW         5271    .data               dr16_recive.o
    0x200001c2   COMPRESSED   0x0000005f   Data   RW         5500    .data               vision.o
    0x20000221   COMPRESSED   0x00000007   PAD
    0x20000228   COMPRESSED   0x00000008   Data   RW         5582    .data               timer.o
    0x20000230   COMPRESSED   0x0000005a   Data   RW         5716    .data               rm_judgesystem.o
    0x2000028a   COMPRESSED   0x00000002   PAD
    0x2000028c   COMPRESSED   0x00000004   Data   RW         6240    .data               my_positionpid_bate.o
    0x20000290   COMPRESSED   0x00000018   Data   RW         6437    .data               dji_c_imu.o
    0x200002a8        -       0x00000074   Zero   RW          237    .bss                my_chassis_control.o
    0x2000031c        -       0x000003e4   Zero   RW          478    .bss                freertos.o
    0x20000700        -       0x00000050   Zero   RW          586    .bss                can.o
    0x20000750        -       0x00000010   Zero   RW          659    .bss                rng.o
    0x20000760        -       0x000000c0   Zero   RW          705    .bss                tim.o
    0x20000820        -       0x000002e0   Zero   RW          770    .bss                usart.o
    0x20000b00        -       0x00000048   Zero   RW          845    .bss                stm32f4xx_it.o
    0x20000b48        -       0x00000040   Zero   RW         1010    .bss                stm32f4xx_hal_timebase_tim_1.o
    0x20000b88        -       0x000000f0   Zero   RW         4483    .bss                tasks.o
    0x20000c78        -       0x00003c00   Zero   RW         5130    .bss                heap_4.o
    0x20004878        -       0x00000068   Zero   RW         5270    .bss                dr16_recive.o
    0x200048e0        -       0x00000020   Zero   RW         5333    .bss                bsp_can.o
    0x20004900        -       0x00000090   Zero   RW         5382    .bss                gm6020.o
    0x20004990        -       0x00000210   Zero   RW         5425    .bss                m3508.o
    0x20004ba0        -       0x00000048   Zero   RW         5499    .bss                vision.o
    0x20004be8        -       0x00000c13   Zero   RW         5714    .bss                rm_judgesystem.o
    0x200057fb   COMPRESSED   0x00000001   PAD
    0x200057fc        -       0x000003c0   Zero   RW         6239    .bss                my_positionpid_bate.o
    0x20005bbc        -       0x00000170   Zero   RW         6282    .bss                my_incrementpid_bate.o
    0x20005d2c        -       0x0000003c   Zero   RW         6362    .bss                fps_calculate.o
    0x20005d68        -       0x00000040   Zero   RW         6436    .bss                dji_c_imu.o
    0x20005da8        -       0x00002000   Zero   RW          343    STACK               startup_stm32f427xx.o


==============================================================================

Image component sizes


      Code (inc. data)   RO Data    RW Data    ZI Data      Debug   Object Name

       284         26          0          0         32       3274   bsp_can.o
       492         42          0          4         80       2434   can.o
       142          0          0          0          0      22739   cmsis_os.o
        36          6        256          0          0       1224   crc.o
       792        104          0         24         64       4318   dji_c_imu.o
       152          6          0          0          0        910   dma.o
       652         20          0         94        104       5398   dr16_recive.o
         0          0          0          0          0      18708   event_groups.o
       110         16          0          0         60       2208   fps_calculate.o
      2058        394        242         38        996      11923   freertos.o
       784         26          0          0        144       3246   gm6020.o
       228         10          0          0          0       1115   gpio.o
       692         62          0         24      15360       7259   heap_4.o
       148          0          0          0          0       3538   list.o
       324          8          0          0          0        592   m2006.o
       504         14          0          0        528       3196   m3508.o
       310         24          0        184          0      10120   main.o
       534        114          0         12        116       3354   my_chassis_control.o
      1092        142          0          4          0     777395   my_cloud_control.o
       706          6          0          0        368       4048   my_incrementpid_bate.o
       556         10          0          4        960       4362   my_positionpid_bate.o
       344         56          0          0          0       1027   my_shoot_control.o
      1014         92          0         12          0      11853   port.o
      1214         10          0          0          0      12786   queue.o
      1344        110        770         90       3091      29568   rm_judgesystem.o
        84         18          0          0         16       1511   rng.o
        36          8        428          0       8192        780   startup_stm32f427xx.o
       136         24          0          9          0       8810   stm32f4xx_hal.o
      2092          6          0          0          0      13176   stm32f4xx_hal_can.o
       252         22          0          0          0      33522   stm32f4xx_hal_cortex.o
      1220         16          8          0          0       6047   stm32f4xx_hal_dma.o
       540         54          0          0          0       1744   stm32f4xx_hal_gpio.o
        72          4          0          0          0        926   stm32f4xx_hal_msp.o
      1868         94          0          0          0       6181   stm32f4xx_hal_rcc.o
        52          0          0          0          0       1143   stm32f4xx_hal_rng.o
      1392         46          0          0          0      11542   stm32f4xx_hal_tim.o
       184         30          0          0          0       2513   stm32f4xx_hal_tim_ex.o
       140         18          0          0         64       1515   stm32f4xx_hal_timebase_tim_1.o
      1814         12          0          0          0       7699   stm32f4xx_hal_uart.o
       532        136          0          0         72      11192   stm32f4xx_it.o
         0          0          0          0          0        392   stream_buffer.o
        28          4         24          4          0       1203   system_stm32f4xx.o
      3242        400          0         60        240      27976   tasks.o
       572         52          0          0        192       3630   tim.o
         0          0          0          8          0        223   timer.o
      1124        106          0          0        736       4117   usart.o
        68          0          0          0          0       1062   user_uart.o
       748         52          0         95         72       5360   vision.o

    ----------------------------------------------------------------------
     30746       2400       1764        680      31488    1098859   Object Totals
         0          0         32          0          0          0   (incl. Generated)
        38          0          4         14          1          0   (incl. Padding)

    ----------------------------------------------------------------------

      Code (inc. data)   RO Data    RW Data    ZI Data      Debug   Library Member Name

        20          0          0          0          0        124   fabs.o
        86          0          0          0          0          0   __dczerorl2.o
         0          0          0          0          0          0   entry.o
         0          0          0          0          0          0   entry10a.o
         0          0          0          0          0          0   entry11a.o
         8          4          0          0          0          0   entry2.o
         4          0          0          0          0          0   entry5.o
         0          0          0          0          0          0   entry7b.o
         0          0          0          0          0          0   entry8b.o
         8          4          0          0          0          0   entry9a.o
        30          0          0          0          0          0   handlers.o
        36          8          0          0          0         68   init.o
         0          0          0          0          0          0   iusefp.o
        30          0          0          0          0         68   llshl.o
        36          0          0          0          0         68   llsshr.o
        32          0          0          0          0         68   llushr.o
        36          0          0          0          0         68   memcpya.o
        36          0          0          0          0        108   memseta.o
        98          0          0          0          0         92   uldiv.o
        48          0          0          0          0         68   cdcmple.o
        56          0          0          0          0         88   d2f.o
       334          0          0          0          0        148   dadd.o
       222          0          0          0          0        100   ddiv.o
       186          0          0          0          0        176   depilogue.o
        62          0          0          0          0         80   dfixi.o
        50          0          0          0          0         76   dfixui.o
        34          0          0          0          0         76   dflti.o
        26          0          0          0          0         76   dfltui.o
       228          0          0          0          0         96   dmul.o
        38          0          0          0          0         68   f2d.o
       110          0          0          0          0        168   fepilogue.o

    ----------------------------------------------------------------------
      1858         16          0          0          0       1884   Library Totals
         4          0          0          0          0          0   (incl. Padding)

    ----------------------------------------------------------------------

      Code (inc. data)   RO Data    RW Data    ZI Data      Debug   Library Name

        20          0          0          0          0        124   m_wm.l
       440         16          0          0          0        540   mc_w.l
      1394          0          0          0          0       1220   mf_w.l

    ----------------------------------------------------------------------
      1858         16          0          0          0       1884   Library Totals

    ----------------------------------------------------------------------

==============================================================================


      Code (inc. data)   RO Data    RW Data    ZI Data      Debug   

     32604       2416       1764        680      31488    1078195   Grand Totals
     32604       2416       1764        104      31488    1078195   ELF Image Totals (compressed)
     32604       2416       1764        104          0          0   ROM Totals

==============================================================================

    Total RO  Size (Code + RO Data)                34368 (  33.56kB)
    Total RW  Size (RW Data + ZI Data)             32168 (  31.41kB)
    Total ROM Size (Code + RO Data + RW Data)      34472 (  33.66kB)

==============================================================================

